2026-09-07 17:30:54.668 +09:00 [SESSION=d3940e16f528] [SEQ=1] [PID=16856] [TID=1] [INFO] [APPLICATION] event=STORAGE_INITIALIZED applicationRoot="D:\\Works_Updates\\NetSolution\\src\\SOFCMeas\\artifacts\\audit-20260907\\run7" dataRoot="D:\\Works_Updates\\NetSolution\\src\\SOFCMeas\\artifacts\\audit-20260907\\run7\\Data" logRoot="D:\\Works_Updates\\NetSolution\\src\\SOFCMeas\\artifacts\\audit-20260907\\run7\\log" retentionDays=30 autoDelete=False maxFileMb=20
2026-09-07 17:30:54.674 +09:00 [SESSION=d3940e16f528] [SEQ=2] [PID=16856] [TID=1] [INFO] [STATION-1] event=PLC_SETTINGS_LOADED station=1 endpoint=172.20.9.100:10000 autoConnect=False pollMs=1000 reconnectMs=2000 timeoutMs=3000 loadScale=1000 maxGraphPoints=0 requestDevice=D810 startValue=1 endValue=0 loadRaw=D801
2026-09-07 17:30:54.676 +09:00 [SESSION=d3940e16f528] [SEQ=3] [PID=16856] [TID=1] [INFO] [STATION-2] event=PLC_SETTINGS_LOADED station=2 endpoint=172.20.9.101:10000 autoConnect=False pollMs=1000 reconnectMs=2000 timeoutMs=3000 loadScale=1000 maxGraphPoints=0 requestDevice=D810 startValue=1 endValue=0 loadRaw=D801
2026-09-07 17:30:54.683 +09:00 [SESSION=d3940e16f528] [SEQ=4] [PID=16856] [TID=1] [INFO] [STATION-1] event=PLC_READER_INITIALIZED
2026-09-07 17:30:54.683 +09:00 [SESSION=d3940e16f528] [SEQ=5] [PID=16856] [TID=1] [INFO] [STATION-2] event=PLC_READER_INITIALIZED
2026-09-07 17:30:54.702 +09:00 [SESSION=d3940e16f528] [SEQ=6] [PID=16856] [TID=1] [INFO] [STATION-1] event=CONNECTION_STATE_CHANGED state=Disconnected endpoint=172.20.9.100:10000
2026-09-07 17:30:54.705 +09:00 [SESSION=d3940e16f528] [SEQ=7] [PID=16856] [TID=1] [WARN] [STATION-1] event=AUTO_CONNECT_DISABLED autoConnect=false
2026-09-07 17:30:54.719 +09:00 [SESSION=d3940e16f528] [SEQ=8] [PID=16856] [TID=1] [WARN] [STATION-1] event=LOT_AUTO_PREPARED reason=start_request_before_file_create station=#1 lot="260827-A01" fileName="SOFC_A12" operator="홍길동" spec="0.40"
2026-09-07 17:30:54.720 +09:00 [SESSION=d3940e16f528] [SEQ=9] [PID=16856] [TID=1] [INFO] [STATION-1] event=CYCLE_UI_STARTED cycle=1 startedAt=2026-09-07T17:30:54.7095994+09:00 lot="260827-A01" fileName="SOFC_A12" operator="홍길동" spec="0.40"
2026-09-07 17:30:54.720 +09:00 [SESSION=d3940e16f528] [SEQ=10] [PID=16856] [TID=1] [INFO] [STATION-1] event=CYCLE_STARTED cycle=1 requestDevice=D810 requestValue=1 readTime=2026-09-07T17:30:54.7095994+09:00
2026-09-07 17:30:54.723 +09:00 [SESSION=d3940e16f528] [SEQ=11] [PID=16856] [TID=1] [INFO] [STATION-1] event=SAMPLE_ACCEPTED cycle=1 sample=1 raw=500 loadKgf=0.500000 readTime=2026-09-07T17:30:54.7095994+09:00
2026-09-07 17:30:54.726 +09:00 [SESSION=d3940e16f528] [SEQ=12] [PID=16856] [TID=1] [INFO] [STATION-1] event=INSPECTION_EVALUATION_STARTED cycle=1 readerSampleCount=1 uiSampleCount=1 lot="260827-A01" fileName="SOFC_A12" operator="홍길동" spec="0.40"
2026-09-07 17:30:54.729 +09:00 [SESSION=d3940e16f528] [SEQ=13] [PID=16856] [TID=1] [INFO] [STATION-1] event=INSPECTION_EVALUATED cycle=1 verdict=GOOD valid=True peakKgf=0.500000 lowerSpecKgf=0.400000 upperSpecKgf=0.400000 sampleCount=1 inspectionCount=1 passCount=1 failCount=0 yieldPercent=100.00 message="검사 완료: PEAK 0.500 kgf / SPEC 0.400 / GOOD (검사 1, GOOD 1, NG 0, Yield 100.00%)"
2026-09-07 17:30:54.731 +09:00 [SESSION=d3940e16f528] [SEQ=14] [PID=16856] [TID=1] [INFO] [STATION-1] event=INSPECTION_BUFFERED_IN_MEMORY cycle=1 lot="260827-A01" fileName="SOFC_A12" verdict=GOOD lotInspectionCount=1 sampleCount=1
2026-09-07 17:30:54.732 +09:00 [SESSION=d3940e16f528] [SEQ=15] [PID=16856] [TID=1] [INFO] [STATION-1] event=CYCLE_ENDED cycle=1 requestDevice=D810 requestValue=0 sampleCount=1 durationMs=14 readTime=2026-09-07T17:30:54.7233389+09:00
2026-09-07 17:30:54.733 +09:00 [SESSION=d3940e16f528] [SEQ=16] [PID=16856] [TID=1] [INFO] [STATION-1] event=CYCLE_UI_STARTED cycle=2 startedAt=2026-09-07T17:30:54.7331272+09:00 lot="260827-A01" fileName="SOFC_A12" operator="홍길동" spec="0.40"
2026-09-07 17:30:54.733 +09:00 [SESSION=d3940e16f528] [SEQ=17] [PID=16856] [TID=1] [INFO] [STATION-1] event=CYCLE_STARTED cycle=2 requestDevice=D810 requestValue=1 readTime=2026-09-07T17:30:54.7331272+09:00
2026-09-07 17:30:54.733 +09:00 [SESSION=d3940e16f528] [SEQ=18] [PID=16856] [TID=1] [INFO] [STATION-1] event=SAMPLE_ACCEPTED cycle=2 sample=1 raw=100 loadKgf=0.100000 readTime=2026-09-07T17:30:54.7331272+09:00
2026-09-07 17:30:54.734 +09:00 [SESSION=d3940e16f528] [SEQ=19] [PID=16856] [TID=1] [INFO] [STATION-1] event=INSPECTION_EVALUATION_STARTED cycle=2 readerSampleCount=1 uiSampleCount=1 lot="260827-A01" fileName="SOFC_A12" operator="홍길동" spec="0.40"
2026-09-07 17:30:54.734 +09:00 [SESSION=d3940e16f528] [SEQ=20] [PID=16856] [TID=1] [INFO] [STATION-1] event=INSPECTION_EVALUATED cycle=2 verdict=NG valid=True peakKgf=0.100000 lowerSpecKgf=0.400000 upperSpecKgf=0.400000 sampleCount=1 inspectionCount=2 passCount=1 failCount=1 yieldPercent=50.00 message="검사 완료: PEAK 0.100 kgf / SPEC 0.400 / NG (검사 2, GOOD 1, NG 1, Yield 50.00%)"
2026-09-07 17:30:54.734 +09:00 [SESSION=d3940e16f528] [SEQ=21] [PID=16856] [TID=1] [INFO] [STATION-1] event=INSPECTION_BUFFERED_IN_MEMORY cycle=2 lot="260827-A01" fileName="SOFC_A12" verdict=NG lotInspectionCount=2 sampleCount=1
2026-09-07 17:30:54.735 +09:00 [SESSION=d3940e16f528] [SEQ=22] [PID=16856] [TID=1] [INFO] [STATION-1] event=CYCLE_ENDED cycle=2 requestDevice=D810 requestValue=0 sampleCount=1 durationMs=0 readTime=2026-09-07T17:30:54.7331272+09:00
2026-09-07 17:30:54.735 +09:00 [SESSION=d3940e16f528] [SEQ=23] [PID=16856] [TID=1] [INFO] [STATION-1] event=CYCLE_UI_STARTED cycle=3 startedAt=2026-09-07T17:30:54.7351514+09:00 lot="260827-A01" fileName="SOFC_A12" operator="홍길동" spec="0.40"
2026-09-07 17:30:54.735 +09:00 [SESSION=d3940e16f528] [SEQ=24] [PID=16856] [TID=1] [INFO] [STATION-1] event=CYCLE_STARTED cycle=3 requestDevice=D810 requestValue=1 readTime=2026-09-07T17:30:54.7351514+09:00
2026-09-07 17:30:54.736 +09:00 [SESSION=d3940e16f528] [SEQ=25] [PID=16856] [TID=1] [INFO] [STATION-1] event=SAMPLE_ACCEPTED cycle=3 sample=1 raw=200 loadKgf=0.200000 readTime=2026-09-07T17:30:54.7351514+09:00
2026-09-07 17:30:54.736 +09:00 [SESSION=d3940e16f528] [SEQ=26] [PID=16856] [TID=1] [INFO] [STATION-1] event=INSPECTION_EVALUATION_STARTED cycle=3 readerSampleCount=1 uiSampleCount=1 lot="260827-A01" fileName="SOFC_A12" operator="홍길동" spec="0.40"
2026-09-07 17:30:54.736 +09:00 [SESSION=d3940e16f528] [SEQ=27] [PID=16856] [TID=1] [INFO] [STATION-1] event=INSPECTION_EVALUATED cycle=3 verdict=NG valid=True peakKgf=0.200000 lowerSpecKgf=0.400000 upperSpecKgf=0.400000 sampleCount=1 inspectionCount=3 passCount=1 failCount=2 yieldPercent=33.33 message="검사 완료: PEAK 0.200 kgf / SPEC 0.400 / NG (검사 3, GOOD 1, NG 2, Yield 33.33%)"
2026-09-07 17:30:54.737 +09:00 [SESSION=d3940e16f528] [SEQ=28] [PID=16856] [TID=1] [INFO] [STATION-1] event=LOT_OLDEST_INSPECTION_REMOVED cycle=3 lot="260827-A01" capacity=2 removedVerdict=GOOD addedVerdict=NG
2026-09-07 17:30:54.737 +09:00 [SESSION=d3940e16f528] [SEQ=29] [PID=16856] [TID=1] [INFO] [STATION-1] event=INSPECTION_BUFFERED_IN_MEMORY cycle=3 lot="260827-A01" fileName="SOFC_A12" verdict=NG lotInspectionCount=2 sampleCount=1
2026-09-07 17:30:54.737 +09:00 [SESSION=d3940e16f528] [SEQ=30] [PID=16856] [TID=1] [INFO] [STATION-1] event=CYCLE_ENDED cycle=3 requestDevice=D810 requestValue=0 sampleCount=1 durationMs=1 readTime=2026-09-07T17:30:54.7361185+09:00
2026-09-07 17:30:54.738 +09:00 [SESSION=d3940e16f528] [SEQ=31] [PID=16856] [TID=1] [INFO] [STATION-2] event=CONNECTION_STATE_CHANGED state=Disconnected endpoint=172.20.9.101:10000
2026-09-07 17:30:54.738 +09:00 [SESSION=d3940e16f528] [SEQ=32] [PID=16856] [TID=1] [WARN] [STATION-2] event=AUTO_CONNECT_DISABLED autoConnect=false
2026-09-07 17:30:54.743 +09:00 [SESSION=d3940e16f528] [SEQ=33] [PID=16856] [TID=1] [WARN] [STATION-2] event=LOT_AUTO_PREPARED reason=start_request_before_file_create station=#2 lot="260827-B03" fileName="SOFC_B07" operator="김영희" spec="0.40"
2026-09-07 17:30:54.744 +09:00 [SESSION=d3940e16f528] [SEQ=34] [PID=16856] [TID=1] [INFO] [STATION-2] event=CYCLE_UI_STARTED cycle=1 startedAt=2026-09-07T17:30:54.7429501+09:00 lot="260827-B03" fileName="SOFC_B07" operator="김영희" spec="0.40"
2026-09-07 17:30:54.745 +09:00 [SESSION=d3940e16f528] [SEQ=35] [PID=16856] [TID=1] [INFO] [STATION-2] event=CYCLE_STARTED cycle=1 requestDevice=D810 requestValue=1 readTime=2026-09-07T17:30:54.7429501+09:00
2026-09-07 17:30:54.749 +09:00 [SESSION=d3940e16f528] [SEQ=36] [PID=16856] [TID=1] [INFO] [STATION-2] event=SAMPLE_ACCEPTED cycle=1 sample=1 raw=700 loadKgf=0.700000 readTime=2026-09-07T17:30:54.7429501+09:00
2026-09-07 17:30:54.749 +09:00 [SESSION=d3940e16f528] [SEQ=37] [PID=16856] [TID=1] [INFO] [STATION-2] event=INSPECTION_EVALUATION_STARTED cycle=1 readerSampleCount=1 uiSampleCount=1 lot="260827-B03" fileName="SOFC_B07" operator="김영희" spec="0.40"
2026-09-07 17:30:54.751 +09:00 [SESSION=d3940e16f528] [SEQ=38] [PID=16856] [TID=1] [INFO] [STATION-2] event=INSPECTION_EVALUATED cycle=1 verdict=GOOD valid=True peakKgf=0.700000 lowerSpecKgf=0.400000 upperSpecKgf=0.400000 sampleCount=1 inspectionCount=1 passCount=1 failCount=0 yieldPercent=100.00 message="검사 완료: PEAK 0.700 kgf / SPEC 0.400 / GOOD (검사 1, GOOD 1, NG 0, Yield 100.00%)"
2026-09-07 17:30:54.751 +09:00 [SESSION=d3940e16f528] [SEQ=39] [PID=16856] [TID=1] [INFO] [STATION-2] event=INSPECTION_BUFFERED_IN_MEMORY cycle=1 lot="260827-B03" fileName="SOFC_B07" verdict=GOOD lotInspectionCount=1 sampleCount=1
2026-09-07 17:30:54.751 +09:00 [SESSION=d3940e16f528] [SEQ=40] [PID=16856] [TID=1] [INFO] [STATION-2] event=CYCLE_ENDED cycle=1 requestDevice=D810 requestValue=0 sampleCount=1 durationMs=7 readTime=2026-09-07T17:30:54.7499303+09:00
2026-09-07 17:30:54.757 +09:00 [SESSION=d3940e16f528] [SEQ=41] [PID=16856] [TID=1] [INFO] [STATION-1] event=ACQUISITION_STATE_CHANGED from=WAITSTART to=SAVING
2026-09-07 17:30:54.758 +09:00 [SESSION=d3940e16f528] [SEQ=42] [PID=16856] [TID=1] [INFO] [STATION-1] event=LOT_SAVE_STARTED lot="260827-A01" fileName="SOFC_A12" inspectionCount=2
2026-09-07 17:30:54.773 +09:00 [SESSION=d3940e16f528] [SEQ=43] [PID=16856] [TID=3] [INFO] [STATION-1] event=LOT_FILE_SAVED lot="260827-A01" inspectionCount=2 sampleCount=2 maximumRawDataCount=1 format=lot_summary_2row_kgf_matrix file="D:\\Works_Updates\\NetSolution\\src\\SOFCMeas\\artifacts\\audit-20260907\\run7\\Data\\PLC1\\2026\\09\\07\\20260907_173054_260827-A01_SOFC_A12.csv"
2026-09-07 17:30:54.784 +09:00 [SESSION=d3940e16f528] [SEQ=44] [PID=16856] [TID=1] [INFO] [STATION-1] event=LOT_SAVE_COMPLETED lot="260827-A01" inspectionCount=2 remainingMemoryCount=0 file="D:\\Works_Updates\\NetSolution\\src\\SOFCMeas\\artifacts\\audit-20260907\\run7\\Data\\PLC1\\2026\\09\\07\\20260907_173054_260827-A01_SOFC_A12.csv" fileBytes=177
2026-09-07 17:30:54.784 +09:00 [SESSION=d3940e16f528] [SEQ=45] [PID=16856] [TID=1] [INFO] [STATION-1] event=ACQUISITION_STATE_CHANGED from=SAVING to=WAITSTART
2026-09-07 17:30:54.799 +09:00 [SESSION=d3940e16f528] [SEQ=46] [PID=16856] [TID=1] [INFO] [STATION-1] event=READER_STOP_REQUESTED cycle=3 cycleActive=False sampleCount=1
2026-09-07 17:30:54.799 +09:00 [SESSION=d3940e16f528] [SEQ=47] [PID=16856] [TID=1] [INFO] [STATION-1] event=CONNECTION_STATE_CHANGED state=Disconnected endpoint=172.20.9.100:10000
2026-09-07 17:30:54.799 +09:00 [SESSION=d3940e16f528] [SEQ=48] [PID=16856] [TID=1] [INFO] [STATION-1] event=READER_STOPPED connectionAttempts=0 lastCycle=3 lastSampleCount=1
2026-09-07 17:30:54.800 +09:00 [SESSION=d3940e16f528] [SEQ=49] [PID=16856] [TID=1] [INFO] [STATION-2] event=READER_STOP_REQUESTED cycle=1 cycleActive=False sampleCount=1
2026-09-07 17:30:54.800 +09:00 [SESSION=d3940e16f528] [SEQ=50] [PID=16856] [TID=1] [INFO] [STATION-2] event=CONNECTION_STATE_CHANGED state=Disconnected endpoint=172.20.9.101:10000
2026-09-07 17:30:54.800 +09:00 [SESSION=d3940e16f528] [SEQ=51] [PID=16856] [TID=1] [INFO] [STATION-2] event=READER_STOPPED connectionAttempts=0 lastCycle=1 lastSampleCount=1
2026-09-07 17:30:57.974 +09:00 [SESSION=d3940e16f528] [SEQ=60] [PID=16856] [TID=1] [INFO] [APPLICATION] event=STORAGE_INITIALIZED applicationRoot="D:\\Works_Updates\\NetSolution\\src\\SOFCMeas\\artifacts\\audit-20260907\\run7" dataRoot="D:\\Works_Updates\\NetSolution\\src\\SOFCMeas\\artifacts\\audit-20260907\\run7\\Data" logRoot="D:\\Works_Updates\\NetSolution\\src\\SOFCMeas\\artifacts\\audit-20260907\\run7\\log" retentionDays=30 autoDelete=False maxFileMb=20
2026-09-07 17:30:57.981 +09:00 [SESSION=d3940e16f528] [SEQ=61] [PID=16856] [TID=1] [INFO] [STATION-1] event=PLC_SETTINGS_LOADED station=1 endpoint=172.20.9.100:10000 autoConnect=False pollMs=1000 reconnectMs=2000 timeoutMs=3000 loadScale=1000 maxGraphPoints=0 requestDevice=D810 startValue=1 endValue=0 loadRaw=D801
2026-09-07 17:30:57.981 +09:00 [SESSION=d3940e16f528] [SEQ=62] [PID=16856] [TID=1] [INFO] [STATION-2] event=PLC_SETTINGS_LOADED station=2 endpoint=172.20.9.101:10000 autoConnect=False pollMs=1000 reconnectMs=2000 timeoutMs=3000 loadScale=1000 maxGraphPoints=0 requestDevice=D810 startValue=1 endValue=0 loadRaw=D801
2026-09-07 17:30:57.983 +09:00 [SESSION=d3940e16f528] [SEQ=63] [PID=16856] [TID=1] [INFO] [STATION-1] event=PLC_READER_INITIALIZED
2026-09-07 17:30:57.984 +09:00 [SESSION=d3940e16f528] [SEQ=64] [PID=16856] [TID=1] [INFO] [STATION-2] event=PLC_READER_INITIALIZED
2026-09-07 17:30:57.989 +09:00 [SESSION=d3940e16f528] [SEQ=65] [PID=16856] [TID=1] [INFO] [STATION-1] event=READER_STARTED endpoint=127.0.0.1:2716 pollMs=100 timeoutMs=3000 reconnectMs=2000
2026-09-07 17:30:57.989 +09:00 [SESSION=d3940e16f528] [SEQ=66] [PID=16856] [TID=14] [INFO] [STATION-1] event=CONNECTION_STATE_CHANGED state=Connecting endpoint=127.0.0.1:2716
2026-09-07 17:30:57.989 +09:00 [SESSION=d3940e16f528] [SEQ=67] [PID=16856] [TID=14] [INFO] [STATION-1] event=PLC_CONNECT_ATTEMPT attempt=1 endpoint=127.0.0.1:2716
2026-09-07 17:30:57.990 +09:00 [SESSION=d3940e16f528] [SEQ=68] [PID=16856] [TID=14] [INFO] [STATION-1] event=CONNECTION_STATE_CHANGED state=Connected endpoint=127.0.0.1:2716
2026-09-07 17:30:57.990 +09:00 [SESSION=d3940e16f528] [SEQ=69] [PID=16856] [TID=14] [INFO] [STATION-1] event=PLC_CONNECTED attempt=1 endpoint=127.0.0.1:2716 connectElapsedMs=1
2026-09-07 17:30:57.991 +09:00 [SESSION=d3940e16f528] [SEQ=70] [PID=16856] [TID=8] [INFO] [STATION-1] event=PLC_REQUEST_CHANGED signal=END_REQ device=D810 value=0 readTime=2026-09-07T17:30:57.9914461+09:00
2026-09-07 17:30:57.991 +09:00 [SESSION=d3940e16f528] [SEQ=71] [PID=16856] [TID=8] [INFO] [STATION-1] event=PLC_HEARTBEAT requestDevice=D810 requestValue=0 loadRaw=0 collecting=False cycle=0 sampleCount=0 acquisitionState=WAITSTART
2026-09-07 17:30:57.992 +09:00 [SESSION=d3940e16f528] [SEQ=72] [PID=16856] [TID=1] [INFO] [STATION-2] event=READER_STARTED endpoint=127.0.0.1:2717 pollMs=100 timeoutMs=3000 reconnectMs=2000
2026-09-07 17:30:57.992 +09:00 [SESSION=d3940e16f528] [SEQ=73] [PID=16856] [TID=6] [INFO] [STATION-2] event=CONNECTION_STATE_CHANGED state=Connecting endpoint=127.0.0.1:2717
2026-09-07 17:30:57.993 +09:00 [SESSION=d3940e16f528] [SEQ=74] [PID=16856] [TID=6] [INFO] [STATION-2] event=PLC_CONNECT_ATTEMPT attempt=1 endpoint=127.0.0.1:2717
2026-09-07 17:30:57.993 +09:00 [SESSION=d3940e16f528] [SEQ=75] [PID=16856] [TID=6] [INFO] [STATION-2] event=CONNECTION_STATE_CHANGED state=Connected endpoint=127.0.0.1:2717
2026-09-07 17:30:57.993 +09:00 [SESSION=d3940e16f528] [SEQ=76] [PID=16856] [TID=6] [INFO] [STATION-2] event=PLC_CONNECTED attempt=1 endpoint=127.0.0.1:2717 connectElapsedMs=1
2026-09-07 17:30:57.994 +09:00 [SESSION=d3940e16f528] [SEQ=77] [PID=16856] [TID=12] [INFO] [STATION-2] event=PLC_REQUEST_CHANGED signal=END_REQ device=D810 value=0 readTime=2026-09-07T17:30:57.9944374+09:00
2026-09-07 17:30:57.997 +09:00 [SESSION=d3940e16f528] [SEQ=78] [PID=16856] [TID=12] [INFO] [STATION-2] event=PLC_HEARTBEAT requestDevice=D810 requestValue=0 loadRaw=0 collecting=False cycle=0 sampleCount=0 acquisitionState=WAITSTART
2026-09-07 17:30:58.102 +09:00 [SESSION=d3940e16f528] [SEQ=79] [PID=16856] [TID=8] [INFO] [STATION-1] event=PLC_REQUEST_CHANGED signal=START_REQ device=D810 value=1 readTime=2026-09-07T17:30:58.1020441+09:00
2026-09-07 17:30:58.102 +09:00 [SESSION=d3940e16f528] [SEQ=80] [PID=16856] [TID=10] [INFO] [STATION-2] event=PLC_REQUEST_CHANGED signal=START_REQ device=D810 value=1 readTime=2026-09-07T17:30:58.1020441+09:00
2026-09-07 17:30:58.102 +09:00 [SESSION=d3940e16f528] [SEQ=81] [PID=16856] [TID=10] [INFO] [STATION-2] event=CYCLE_STARTED cycle=1 requestDevice=D810 requestValue=1 readTime=2026-09-07T17:30:58.1020441+09:00
2026-09-07 17:30:58.103 +09:00 [SESSION=d3940e16f528] [SEQ=82] [PID=16856] [TID=10] [INFO] [STATION-2] event=SAMPLE_ACCEPTED cycle=1 sample=1 raw=300 loadKgf=0.300000 readTime=2026-09-07T17:30:58.1020441+09:00
2026-09-07 17:30:58.102 +09:00 [SESSION=d3940e16f528] [SEQ=83] [PID=16856] [TID=8] [INFO] [STATION-1] event=CYCLE_STARTED cycle=1 requestDevice=D810 requestValue=1 readTime=2026-09-07T17:30:58.1020441+09:00
2026-09-07 17:30:58.103 +09:00 [SESSION=d3940e16f528] [SEQ=84] [PID=16856] [TID=8] [INFO] [STATION-1] event=SAMPLE_ACCEPTED cycle=1 sample=1 raw=500 loadKgf=0.500000 readTime=2026-09-07T17:30:58.1020441+09:00
2026-09-07 17:30:58.113 +09:00 [SESSION=d3940e16f528] [SEQ=85] [PID=16856] [TID=1] [WARN] [STATION-1] event=LOT_AUTO_PREPARED reason=start_request_before_file_create station=#1 lot="260827-A01" fileName="SOFC_A12" operator="홍길동" spec="0.40"
2026-09-07 17:30:58.113 +09:00 [SESSION=d3940e16f528] [SEQ=86] [PID=16856] [TID=1] [INFO] [STATION-1] event=CYCLE_UI_STARTED cycle=1 startedAt=2026-09-07T17:30:58.1020441+09:00 lot="260827-A01" fileName="SOFC_A12" operator="홍길동" spec="0.40"
2026-09-07 17:30:58.116 +09:00 [SESSION=d3940e16f528] [SEQ=87] [PID=16856] [TID=1] [WARN] [STATION-2] event=LOT_AUTO_PREPARED reason=start_request_before_file_create station=#2 lot="260827-B03" fileName="SOFC_B07" operator="김영희" spec="0.40"
2026-09-07 17:30:58.117 +09:00 [SESSION=d3940e16f528] [SEQ=88] [PID=16856] [TID=1] [INFO] [STATION-2] event=CYCLE_UI_STARTED cycle=1 startedAt=2026-09-07T17:30:58.1020441+09:00 lot="260827-B03" fileName="SOFC_B07" operator="김영희" spec="0.40"
2026-09-07 17:30:58.208 +09:00 [SESSION=d3940e16f528] [SEQ=89] [PID=16856] [TID=12] [INFO] [STATION-2] event=SAMPLE_ACCEPTED cycle=1 sample=2 raw=300 loadKgf=0.300000 readTime=2026-09-07T17:30:58.2082067+09:00
2026-09-07 17:30:58.208 +09:00 [SESSION=d3940e16f528] [SEQ=90] [PID=16856] [TID=7] [INFO] [STATION-1] event=SAMPLE_ACCEPTED cycle=1 sample=2 raw=500 loadKgf=0.500000 readTime=2026-09-07T17:30:58.2082067+09:00
2026-09-07 17:30:58.317 +09:00 [SESSION=d3940e16f528] [SEQ=91] [PID=16856] [TID=8] [INFO] [STATION-1] event=SAMPLE_ACCEPTED cycle=1 sample=3 raw=500 loadKgf=0.500000 readTime=2026-09-07T17:30:58.3175211+09:00
2026-09-07 17:30:58.317 +09:00 [SESSION=d3940e16f528] [SEQ=92] [PID=16856] [TID=12] [INFO] [STATION-2] event=SAMPLE_ACCEPTED cycle=1 sample=3 raw=300 loadKgf=0.300000 readTime=2026-09-07T17:30:58.3175211+09:00
2026-09-07 17:30:58.426 +09:00 [SESSION=d3940e16f528] [SEQ=93] [PID=16856] [TID=8] [INFO] [STATION-2] event=PLC_REQUEST_CHANGED signal=END_REQ device=D810 value=0 readTime=2026-09-07T17:30:58.4264311+09:00
2026-09-07 17:30:58.426 +09:00 [SESSION=d3940e16f528] [SEQ=94] [PID=16856] [TID=8] [INFO] [STATION-2] event=CYCLE_ENDED cycle=1 requestDevice=D810 requestValue=0 sampleCount=3 durationMs=324 readTime=2026-09-07T17:30:58.4264311+09:00
2026-09-07 17:30:58.426 +09:00 [SESSION=d3940e16f528] [SEQ=95] [PID=16856] [TID=7] [INFO] [STATION-1] event=PLC_REQUEST_CHANGED signal=END_REQ device=D810 value=0 readTime=2026-09-07T17:30:58.4264311+09:00
2026-09-07 17:30:58.427 +09:00 [SESSION=d3940e16f528] [SEQ=96] [PID=16856] [TID=7] [INFO] [STATION-1] event=CYCLE_ENDED cycle=1 requestDevice=D810 requestValue=0 sampleCount=3 durationMs=324 readTime=2026-09-07T17:30:58.4264311+09:00
2026-09-07 17:30:58.438 +09:00 [SESSION=d3940e16f528] [SEQ=97] [PID=16856] [TID=1] [INFO] [STATION-2] event=INSPECTION_EVALUATION_STARTED cycle=1 readerSampleCount=3 uiSampleCount=3 lot="260827-B03" fileName="SOFC_B07" operator="김영희" spec="0.40"
2026-09-07 17:30:58.439 +09:00 [SESSION=d3940e16f528] [SEQ=98] [PID=16856] [TID=1] [INFO] [STATION-2] event=INSPECTION_EVALUATED cycle=1 verdict=NG valid=True peakKgf=0.300000 lowerSpecKgf=0.400000 upperSpecKgf=0.400000 sampleCount=3 inspectionCount=1 passCount=0 failCount=1 yieldPercent=0.00 message="검사 완료: PEAK 0.300 kgf / SPEC 0.400 / NG (검사 1, GOOD 0, NG 1, Yield 0.00%)"
2026-09-07 17:30:58.439 +09:00 [SESSION=d3940e16f528] [SEQ=99] [PID=16856] [TID=1] [INFO] [STATION-2] event=INSPECTION_BUFFERED_IN_MEMORY cycle=1 lot="260827-B03" fileName="SOFC_B07" verdict=NG lotInspectionCount=1 sampleCount=3
2026-09-07 17:30:58.439 +09:00 [SESSION=d3940e16f528] [SEQ=100] [PID=16856] [TID=1] [INFO] [STATION-2] event=ACQUISITION_STATE_CHANGED from=EVALUATING to=WAITSTART
2026-09-07 17:30:58.440 +09:00 [SESSION=d3940e16f528] [SEQ=101] [PID=16856] [TID=1] [INFO] [STATION-1] event=INSPECTION_EVALUATION_STARTED cycle=1 readerSampleCount=3 uiSampleCount=3 lot="260827-A01" fileName="SOFC_A12" operator="홍길동" spec="0.40"
2026-09-07 17:30:58.441 +09:00 [SESSION=d3940e16f528] [SEQ=102] [PID=16856] [TID=1] [INFO] [STATION-1] event=INSPECTION_EVALUATED cycle=1 verdict=GOOD valid=True peakKgf=0.500000 lowerSpecKgf=0.400000 upperSpecKgf=0.400000 sampleCount=3 inspectionCount=1 passCount=1 failCount=0 yieldPercent=100.00 message="검사 완료: PEAK 0.500 kgf / SPEC 0.400 / GOOD (검사 1, GOOD 1, NG 0, Yield 100.00%)"
2026-09-07 17:30:58.441 +09:00 [SESSION=d3940e16f528] [SEQ=103] [PID=16856] [TID=1] [INFO] [STATION-1] event=INSPECTION_BUFFERED_IN_MEMORY cycle=1 lot="260827-A01" fileName="SOFC_A12" verdict=GOOD lotInspectionCount=1 sampleCount=3
2026-09-07 17:30:58.441 +09:00 [SESSION=d3940e16f528] [SEQ=104] [PID=16856] [TID=1] [INFO] [STATION-1] event=ACQUISITION_STATE_CHANGED from=EVALUATING to=WAITSTART
2026-09-07 17:30:58.535 +09:00 [SESSION=d3940e16f528] [SEQ=105] [PID=16856] [TID=9] [INFO] [STATION-2] event=PLC_REQUEST_CHANGED signal=END_REQ device=D810 value=0 readTime=2026-09-07T17:30:58.5359370+09:00
2026-09-07 17:30:58.535 +09:00 [SESSION=d3940e16f528] [SEQ=106] [PID=16856] [TID=7] [INFO] [STATION-1] event=PLC_REQUEST_CHANGED signal=END_REQ device=D810 value=0 readTime=2026-09-07T17:30:58.5359370+09:00
2026-09-07 17:30:58.754 +09:00 [SESSION=d3940e16f528] [SEQ=107] [PID=16856] [TID=12] [INFO] [STATION-1] event=PLC_REQUEST_CHANGED signal=START_REQ device=D810 value=1 readTime=2026-09-07T17:30:58.7541038+09:00
2026-09-07 17:30:58.754 +09:00 [SESSION=d3940e16f528] [SEQ=108] [PID=16856] [TID=12] [INFO] [STATION-1] event=CYCLE_STARTED cycle=2 requestDevice=D810 requestValue=1 readTime=2026-09-07T17:30:58.7541038+09:00
2026-09-07 17:30:58.754 +09:00 [SESSION=d3940e16f528] [SEQ=109] [PID=16856] [TID=12] [INFO] [STATION-1] event=SAMPLE_ACCEPTED cycle=2 sample=1 raw=600 loadKgf=0.600000 readTime=2026-09-07T17:30:58.7541038+09:00
2026-09-07 17:30:58.765 +09:00 [SESSION=d3940e16f528] [SEQ=110] [PID=16856] [TID=1] [INFO] [STATION-1] event=CYCLE_UI_STARTED cycle=2 startedAt=2026-09-07T17:30:58.7541038+09:00 lot="260827-A01" fileName="SOFC_A12" operator="홍길동" spec="0.40"
2026-09-07 17:30:58.860 +09:00 [SESSION=d3940e16f528] [SEQ=111] [PID=16856] [TID=11] [INFO] [STATION-1] event=SAMPLE_ACCEPTED cycle=2 sample=2 raw=600 loadKgf=0.600000 readTime=2026-09-07T17:30:58.8608851+09:00
2026-09-07 17:30:58.977 +09:00 [SESSION=d3940e16f528] [SEQ=112] [PID=16856] [TID=7] [INFO] [STATION-1] event=PLC_REQUEST_CHANGED signal=END_REQ device=D810 value=0 readTime=2026-09-07T17:30:58.9774490+09:00
2026-09-07 17:30:58.977 +09:00 [SESSION=d3940e16f528] [SEQ=113] [PID=16856] [TID=7] [INFO] [STATION-1] event=CYCLE_ENDED cycle=2 requestDevice=D810 requestValue=0 sampleCount=2 durationMs=223 readTime=2026-09-07T17:30:58.9774490+09:00
2026-09-07 17:30:58.983 +09:00 [SESSION=d3940e16f528] [SEQ=114] [PID=16856] [TID=1] [INFO] [STATION-1] event=INSPECTION_EVALUATION_STARTED cycle=2 readerSampleCount=2 uiSampleCount=2 lot="260827-A01" fileName="SOFC_A12" operator="홍길동" spec="0.40"
2026-09-07 17:30:58.984 +09:00 [SESSION=d3940e16f528] [SEQ=115] [PID=16856] [TID=1] [INFO] [STATION-1] event=INSPECTION_EVALUATED cycle=2 verdict=GOOD valid=True peakKgf=0.600000 lowerSpecKgf=0.400000 upperSpecKgf=0.400000 sampleCount=2 inspectionCount=2 passCount=2 failCount=0 yieldPercent=100.00 message="검사 완료: PEAK 0.600 kgf / SPEC 0.400 / GOOD (검사 2, GOOD 2, NG 0, Yield 100.00%)"
2026-09-07 17:30:58.984 +09:00 [SESSION=d3940e16f528] [SEQ=116] [PID=16856] [TID=1] [INFO] [STATION-1] event=INSPECTION_BUFFERED_IN_MEMORY cycle=2 lot="260827-A01" fileName="SOFC_A12" verdict=GOOD lotInspectionCount=2 sampleCount=2
2026-09-07 17:30:58.985 +09:00 [SESSION=d3940e16f528] [SEQ=117] [PID=16856] [TID=1] [INFO] [STATION-1] event=ACQUISITION_STATE_CHANGED from=EVALUATING to=WAITSTART
2026-09-07 17:30:58.997 +09:00 [SESSION=d3940e16f528] [SEQ=118] [PID=16856] [TID=1] [INFO] [STATION-1] event=ACQUISITION_STATE_CHANGED from=WAITSTART to=SAVING
2026-09-07 17:30:58.998 +09:00 [SESSION=d3940e16f528] [SEQ=119] [PID=16856] [TID=1] [INFO] [STATION-1] event=LOT_SAVE_STARTED lot="260827-A01" fileName="SOFC_A12" inspectionCount=2
2026-09-07 17:30:59.079 +09:00 [SESSION=d3940e16f528] [SEQ=120] [PID=16856] [TID=9] [INFO] [STATION-1] event=PLC_START_IGNORED state=SAVING requestDevice=D810 requestValue=1
2026-09-07 17:30:59.414 +09:00 [SESSION=d3940e16f528] [SEQ=121] [PID=16856] [TID=6] [INFO] [STATION-1] event=LOT_FILE_SAVED lot="260827-A01" inspectionCount=2 sampleCount=5 maximumRawDataCount=3 format=lot_summary_2row_kgf_matrix file="D:\\Works_Updates\\NetSolution\\src\\SOFCMeas\\artifacts\\audit-20260907\\run7\\Data\\PLC1\\2026\\09\\07\\20260907_173058_260827-A01_SOFC_A12.csv"
2026-09-07 17:30:59.426 +09:00 [SESSION=d3940e16f528] [SEQ=122] [PID=16856] [TID=1] [INFO] [STATION-1] event=LOT_SAVE_COMPLETED lot="260827-A01" inspectionCount=2 remainingMemoryCount=0 file="D:\\Works_Updates\\NetSolution\\src\\SOFCMeas\\artifacts\\audit-20260907\\run7\\Data\\PLC1\\2026\\09\\07\\20260907_173058_260827-A01_SOFC_A12.csv" fileBytes=206
2026-09-07 17:30:59.427 +09:00 [SESSION=d3940e16f528] [SEQ=123] [PID=16856] [TID=1] [INFO] [STATION-1] event=ACQUISITION_STATE_CHANGED from=SAVING to=WAITSTART
2026-09-07 17:30:59.523 +09:00 [SESSION=d3940e16f528] [SEQ=124] [PID=16856] [TID=9] [INFO] [STATION-1] event=PLC_REQUEST_CHANGED signal=START_REQ device=D810 value=1 readTime=2026-09-07T17:30:59.5232970+09:00
2026-09-07 17:30:59.523 +09:00 [SESSION=d3940e16f528] [SEQ=125] [PID=16856] [TID=9] [INFO] [STATION-1] event=CYCLE_STARTED cycle=3 requestDevice=D810 requestValue=1 readTime=2026-09-07T17:30:59.5232970+09:00
2026-09-07 17:30:59.523 +09:00 [SESSION=d3940e16f528] [SEQ=126] [PID=16856] [TID=9] [INFO] [STATION-1] event=SAMPLE_ACCEPTED cycle=3 sample=1 raw=600 loadKgf=0.600000 readTime=2026-09-07T17:30:59.5232970+09:00
2026-09-07 17:30:59.531 +09:00 [SESSION=d3940e16f528] [SEQ=127] [PID=16856] [TID=1] [WARN] [STATION-1] event=LOT_AUTO_PREPARED reason=start_request_before_file_create station=#1 lot="260827-A01" fileName="SOFC_A12" operator="홍길동" spec="0.40"
2026-09-07 17:30:59.532 +09:00 [SESSION=d3940e16f528] [SEQ=128] [PID=16856] [TID=1] [INFO] [STATION-1] event=CYCLE_UI_STARTED cycle=3 startedAt=2026-09-07T17:30:59.5232970+09:00 lot="260827-A01" fileName="SOFC_A12" operator="홍길동" spec="0.40"
2026-09-07 17:30:59.544 +09:00 [SESSION=d3940e16f528] [SEQ=129] [PID=16856] [TID=1] [INFO] [STATION-1] event=READER_STOP_REQUESTED cycle=3 cycleActive=True sampleCount=1
2026-09-07 17:30:59.544 +09:00 [SESSION=d3940e16f528] [SEQ=130] [PID=16856] [TID=3] [INFO] [STATION-1] event=PLC_CONNECTION_CLOSED attempt=1 cancellationRequested=True
2026-09-07 17:30:59.545 +09:00 [SESSION=d3940e16f528] [SEQ=131] [PID=16856] [TID=1] [INFO] [STATION-1] event=CONNECTION_STATE_CHANGED state=Disconnected endpoint=127.0.0.1:2716
2026-09-07 17:30:59.545 +09:00 [SESSION=d3940e16f528] [SEQ=132] [PID=16856] [TID=1] [INFO] [STATION-1] event=READER_STOPPED connectionAttempts=1 lastCycle=3 lastSampleCount=1
2026-09-07 17:30:59.545 +09:00 [SESSION=d3940e16f528] [SEQ=133] [PID=16856] [TID=1] [INFO] [STATION-2] event=READER_STOP_REQUESTED cycle=1 cycleActive=False sampleCount=3
2026-09-07 17:30:59.545 +09:00 [SESSION=d3940e16f528] [SEQ=134] [PID=16856] [TID=4] [INFO] [STATION-2] event=PLC_CONNECTION_CLOSED attempt=1 cancellationRequested=True
2026-09-07 17:30:59.546 +09:00 [SESSION=d3940e16f528] [SEQ=135] [PID=16856] [TID=1] [INFO] [STATION-2] event=CONNECTION_STATE_CHANGED state=Disconnected endpoint=127.0.0.1:2717
2026-09-07 17:30:59.546 +09:00 [SESSION=d3940e16f528] [SEQ=136] [PID=16856] [TID=1] [INFO] [STATION-2] event=READER_STOPPED connectionAttempts=1 lastCycle=1 lastSampleCount=3
