2026-09-07 17:52:04.650 +09:00 [SESSION=80327cfd62e1] [SEQ=1] [PID=11732] [TID=1] [INFO] [APPLICATION] event=STORAGE_INITIALIZED applicationRoot="D:\\Works_Updates\\NetSolution\\src\\SOFCMeas\\artifacts\\fix-20260907\\deployed-regression" dataRoot="D:\\Works_Updates\\NetSolution\\src\\SOFCMeas\\artifacts\\fix-20260907\\deployed-regression\\Data" logRoot="D:\\Works_Updates\\NetSolution\\src\\SOFCMeas\\artifacts\\fix-20260907\\deployed-regression\\log" retentionDays=30 autoDelete=False maxFileMb=20
2026-09-07 17:52:04.656 +09:00 [SESSION=80327cfd62e1] [SEQ=2] [PID=11732] [TID=1] [INFO] [STATION-1] event=PLC_SETTINGS_LOADED station=1 endpoint=127.0.0.1:10000 autoConnect=False pollMs=1000 reconnectMs=2000 timeoutMs=3000 loadScale=1000 maxGraphPoints=0 requestDevice=D810 startValue=1 endValue=0 loadRaw=D801
2026-09-07 17:52:04.656 +09:00 [SESSION=80327cfd62e1] [SEQ=3] [PID=11732] [TID=1] [INFO] [STATION-2] event=PLC_SETTINGS_LOADED station=2 endpoint=127.0.0.1:10000 autoConnect=False pollMs=1000 reconnectMs=2000 timeoutMs=3000 loadScale=1000 maxGraphPoints=0 requestDevice=D810 startValue=1 endValue=0 loadRaw=D801
2026-09-07 17:52:04.660 +09:00 [SESSION=80327cfd62e1] [SEQ=4] [PID=11732] [TID=1] [INFO] [STATION-1] event=PLC_READER_INITIALIZED
2026-09-07 17:52:04.660 +09:00 [SESSION=80327cfd62e1] [SEQ=5] [PID=11732] [TID=1] [INFO] [STATION-2] event=PLC_READER_INITIALIZED
2026-09-07 17:52:04.674 +09:00 [SESSION=80327cfd62e1] [SEQ=6] [PID=11732] [TID=1] [WARN] [STATION-1] event=READER_START_IGNORED reason=already_started
2026-09-07 17:52:04.682 +09:00 [SESSION=80327cfd62e1] [SEQ=7] [PID=11732] [TID=1] [WARN] [STATION-1] event=LOT_AUTO_PREPARED reason=start_request_before_file_create station=#1 lot="260827-A01" fileName="SOFC_A12" operator="홍길동" spec="0.4"
2026-09-07 17:52:04.682 +09:00 [SESSION=80327cfd62e1] [SEQ=8] [PID=11732] [TID=1] [INFO] [STATION-1] event=CYCLE_UI_STARTED cycle=1 startedAt=2026-09-07T17:52:04.6766233+09:00 lot="260827-A01" fileName="SOFC_A12" operator="홍길동" spec="0.4"
2026-09-07 17:52:04.682 +09:00 [SESSION=80327cfd62e1] [SEQ=9] [PID=11732] [TID=1] [INFO] [STATION-1] event=CYCLE_STARTED cycle=1 requestDevice=D810 requestValue=1 readTime=2026-09-07T17:52:04.6766233+09:00
2026-09-07 17:52:04.684 +09:00 [SESSION=80327cfd62e1] [SEQ=10] [PID=11732] [TID=1] [INFO] [STATION-1] event=SAMPLE_ACCEPTED cycle=1 sample=1 raw=500 loadKgf=0.500000 readTime=2026-09-07T17:52:04.6766233+09:00
2026-09-07 17:52:04.688 +09:00 [SESSION=80327cfd62e1] [SEQ=11] [PID=11732] [TID=1] [INFO] [STATION-1] event=INSPECTION_EVALUATION_STARTED cycle=1 readerSampleCount=1 uiSampleCount=1 lot="260827-A01" fileName="SOFC_A12" operator="홍길동" spec="0.4"
2026-09-07 17:52:04.688 +09:00 [SESSION=80327cfd62e1] [SEQ=12] [PID=11732] [TID=1] [INFO] [STATION-1] event=INSPECTION_EVALUATED cycle=1 verdict=GOOD valid=True peakKgf=0.500000 lowerSpecKgf=0.400000 upperSpecKgf=0.400000 sampleCount=1 inspectionCount=1 passCount=1 failCount=0 yieldPercent=100.00 message="검사 완료: PEAK 0.500 kgf / SPEC 0.400 / GOOD (검사 1, GOOD 1, NG 0, Yield 100.00%)"
2026-09-07 17:52:04.690 +09:00 [SESSION=80327cfd62e1] [SEQ=13] [PID=11732] [TID=1] [INFO] [STATION-1] event=INSPECTION_BUFFERED_IN_MEMORY cycle=1 lot="260827-A01" fileName="SOFC_A12" verdict=GOOD lotInspectionCount=1 sampleCount=1
2026-09-07 17:52:04.690 +09:00 [SESSION=80327cfd62e1] [SEQ=14] [PID=11732] [TID=1] [INFO] [STATION-1] event=CYCLE_ENDED cycle=1 requestDevice=D810 requestValue=0 sampleCount=1 durationMs=8 readTime=2026-09-07T17:52:04.6846225+09:00
2026-09-07 17:52:04.692 +09:00 [SESSION=80327cfd62e1] [SEQ=15] [PID=11732] [TID=1] [INFO] [STATION-1] event=CYCLE_UI_STARTED cycle=2 startedAt=2026-09-07T17:52:04.6926219+09:00 lot="260827-A01" fileName="SOFC_A12" operator="홍길동" spec="0.4"
2026-09-07 17:52:04.692 +09:00 [SESSION=80327cfd62e1] [SEQ=16] [PID=11732] [TID=1] [INFO] [STATION-1] event=CYCLE_STARTED cycle=2 requestDevice=D810 requestValue=1 readTime=2026-09-07T17:52:04.6926219+09:00
2026-09-07 17:52:04.692 +09:00 [SESSION=80327cfd62e1] [SEQ=17] [PID=11732] [TID=1] [INFO] [STATION-1] event=SAMPLE_ACCEPTED cycle=2 sample=1 raw=100 loadKgf=0.100000 readTime=2026-09-07T17:52:04.6926219+09:00
2026-09-07 17:52:04.692 +09:00 [SESSION=80327cfd62e1] [SEQ=18] [PID=11732] [TID=1] [INFO] [STATION-1] event=INSPECTION_EVALUATION_STARTED cycle=2 readerSampleCount=1 uiSampleCount=1 lot="260827-A01" fileName="SOFC_A12" operator="홍길동" spec="0.4"
2026-09-07 17:52:04.692 +09:00 [SESSION=80327cfd62e1] [SEQ=19] [PID=11732] [TID=1] [INFO] [STATION-1] event=INSPECTION_EVALUATED cycle=2 verdict=NG valid=True peakKgf=0.100000 lowerSpecKgf=0.400000 upperSpecKgf=0.400000 sampleCount=1 inspectionCount=2 passCount=1 failCount=1 yieldPercent=50.00 message="검사 완료: PEAK 0.100 kgf / SPEC 0.400 / NG (검사 2, GOOD 1, NG 1, Yield 50.00%)"
2026-09-07 17:52:04.694 +09:00 [SESSION=80327cfd62e1] [SEQ=20] [PID=11732] [TID=1] [INFO] [STATION-1] event=INSPECTION_BUFFERED_IN_MEMORY cycle=2 lot="260827-A01" fileName="SOFC_A12" verdict=NG lotInspectionCount=2 sampleCount=1
2026-09-07 17:52:04.694 +09:00 [SESSION=80327cfd62e1] [SEQ=21] [PID=11732] [TID=1] [INFO] [STATION-1] event=CYCLE_ENDED cycle=2 requestDevice=D810 requestValue=0 sampleCount=1 durationMs=0 readTime=2026-09-07T17:52:04.6926219+09:00
2026-09-07 17:52:04.694 +09:00 [SESSION=80327cfd62e1] [SEQ=22] [PID=11732] [TID=1] [INFO] [STATION-1] event=CYCLE_UI_STARTED cycle=3 startedAt=2026-09-07T17:52:04.6946223+09:00 lot="260827-A01" fileName="SOFC_A12" operator="홍길동" spec="0.4"
2026-09-07 17:52:04.694 +09:00 [SESSION=80327cfd62e1] [SEQ=23] [PID=11732] [TID=1] [INFO] [STATION-1] event=CYCLE_STARTED cycle=3 requestDevice=D810 requestValue=1 readTime=2026-09-07T17:52:04.6946223+09:00
2026-09-07 17:52:04.694 +09:00 [SESSION=80327cfd62e1] [SEQ=24] [PID=11732] [TID=1] [INFO] [STATION-1] event=SAMPLE_ACCEPTED cycle=3 sample=1 raw=200 loadKgf=0.200000 readTime=2026-09-07T17:52:04.6946223+09:00
2026-09-07 17:52:04.694 +09:00 [SESSION=80327cfd62e1] [SEQ=25] [PID=11732] [TID=1] [INFO] [STATION-1] event=INSPECTION_EVALUATION_STARTED cycle=3 readerSampleCount=1 uiSampleCount=1 lot="260827-A01" fileName="SOFC_A12" operator="홍길동" spec="0.4"
2026-09-07 17:52:04.694 +09:00 [SESSION=80327cfd62e1] [SEQ=26] [PID=11732] [TID=1] [INFO] [STATION-1] event=INSPECTION_EVALUATED cycle=3 verdict=NG valid=True peakKgf=0.200000 lowerSpecKgf=0.400000 upperSpecKgf=0.400000 sampleCount=1 inspectionCount=3 passCount=1 failCount=2 yieldPercent=33.33 message="검사 완료: PEAK 0.200 kgf / SPEC 0.400 / NG (검사 3, GOOD 1, NG 2, Yield 33.33%)"
2026-09-07 17:52:04.696 +09:00 [SESSION=80327cfd62e1] [SEQ=27] [PID=11732] [TID=1] [INFO] [STATION-1] event=LOT_OLDEST_INSPECTION_REMOVED cycle=3 lot="260827-A01" capacity=2 removedVerdict=GOOD addedVerdict=NG
2026-09-07 17:52:04.696 +09:00 [SESSION=80327cfd62e1] [SEQ=28] [PID=11732] [TID=1] [INFO] [STATION-1] event=INSPECTION_BUFFERED_IN_MEMORY cycle=3 lot="260827-A01" fileName="SOFC_A12" verdict=NG lotInspectionCount=2 sampleCount=1
2026-09-07 17:52:04.696 +09:00 [SESSION=80327cfd62e1] [SEQ=29] [PID=11732] [TID=1] [INFO] [STATION-1] event=CYCLE_ENDED cycle=3 requestDevice=D810 requestValue=0 sampleCount=1 durationMs=0 readTime=2026-09-07T17:52:04.6946223+09:00
2026-09-07 17:52:04.696 +09:00 [SESSION=80327cfd62e1] [SEQ=30] [PID=11732] [TID=1] [WARN] [STATION-2] event=READER_START_IGNORED reason=already_started
2026-09-07 17:52:04.700 +09:00 [SESSION=80327cfd62e1] [SEQ=31] [PID=11732] [TID=1] [WARN] [STATION-2] event=LOT_AUTO_PREPARED reason=start_request_before_file_create station=#2 lot="260827-B03" fileName="SOFC_B07" operator="김영희" spec="0.4"
2026-09-07 17:52:04.700 +09:00 [SESSION=80327cfd62e1] [SEQ=32] [PID=11732] [TID=1] [INFO] [STATION-2] event=CYCLE_UI_STARTED cycle=1 startedAt=2026-09-07T17:52:04.7006225+09:00 lot="260827-B03" fileName="SOFC_B07" operator="김영희" spec="0.4"
2026-09-07 17:52:04.700 +09:00 [SESSION=80327cfd62e1] [SEQ=33] [PID=11732] [TID=1] [INFO] [STATION-2] event=CYCLE_STARTED cycle=1 requestDevice=D810 requestValue=1 readTime=2026-09-07T17:52:04.7006225+09:00
2026-09-07 17:52:04.702 +09:00 [SESSION=80327cfd62e1] [SEQ=34] [PID=11732] [TID=1] [INFO] [STATION-2] event=SAMPLE_ACCEPTED cycle=1 sample=1 raw=700 loadKgf=0.700000 readTime=2026-09-07T17:52:04.7006225+09:00
2026-09-07 17:52:04.702 +09:00 [SESSION=80327cfd62e1] [SEQ=35] [PID=11732] [TID=1] [INFO] [STATION-2] event=INSPECTION_EVALUATION_STARTED cycle=1 readerSampleCount=1 uiSampleCount=1 lot="260827-B03" fileName="SOFC_B07" operator="김영희" spec="0.4"
2026-09-07 17:52:04.702 +09:00 [SESSION=80327cfd62e1] [SEQ=36] [PID=11732] [TID=1] [INFO] [STATION-2] event=INSPECTION_EVALUATED cycle=1 verdict=GOOD valid=True peakKgf=0.700000 lowerSpecKgf=0.400000 upperSpecKgf=0.400000 sampleCount=1 inspectionCount=1 passCount=1 failCount=0 yieldPercent=100.00 message="검사 완료: PEAK 0.700 kgf / SPEC 0.400 / GOOD (검사 1, GOOD 1, NG 0, Yield 100.00%)"
2026-09-07 17:52:04.702 +09:00 [SESSION=80327cfd62e1] [SEQ=37] [PID=11732] [TID=1] [INFO] [STATION-2] event=INSPECTION_BUFFERED_IN_MEMORY cycle=1 lot="260827-B03" fileName="SOFC_B07" verdict=GOOD lotInspectionCount=1 sampleCount=1
2026-09-07 17:52:04.702 +09:00 [SESSION=80327cfd62e1] [SEQ=38] [PID=11732] [TID=1] [INFO] [STATION-2] event=CYCLE_ENDED cycle=1 requestDevice=D810 requestValue=0 sampleCount=1 durationMs=2 readTime=2026-09-07T17:52:04.7026234+09:00
2026-09-07 17:52:04.710 +09:00 [SESSION=80327cfd62e1] [SEQ=39] [PID=11732] [TID=1] [INFO] [STATION-1] event=ACQUISITION_STATE_CHANGED from=WAITSTART to=SAVING
2026-09-07 17:52:04.710 +09:00 [SESSION=80327cfd62e1] [SEQ=40] [PID=11732] [TID=1] [INFO] [STATION-1] event=LOT_SAVE_STARTED lot="260827-A01" fileName="SOFC_A12" inspectionCount=2
2026-09-07 17:52:04.722 +09:00 [SESSION=80327cfd62e1] [SEQ=41] [PID=11732] [TID=4] [INFO] [INSPECTION-STORAGE] event=INSPECTION_INDEX_RECOVERED file="D:\\Works_Updates\\NetSolution\\src\\SOFCMeas\\artifacts\\fix-20260907\\deployed-regression\\Data\\PLC1\\2026\\09\\07\\20260907_175204_260827-A01_SOFC_A12.csv"
2026-09-07 17:52:04.722 +09:00 [SESSION=80327cfd62e1] [SEQ=42] [PID=11732] [TID=4] [INFO] [STATION-1] event=LOT_FILE_SAVED lot="260827-A01" inspectionCount=2 sampleCount=2 maximumRawDataCount=1 format=lot_summary_2row_kgf_matrix file="D:\\Works_Updates\\NetSolution\\src\\SOFCMeas\\artifacts\\fix-20260907\\deployed-regression\\Data\\PLC1\\2026\\09\\07\\20260907_175204_260827-A01_SOFC_A12.csv"
2026-09-07 17:52:04.725 +09:00 [SESSION=80327cfd62e1] [SEQ=43] [PID=11732] [TID=1] [INFO] [STATION-1] event=LOT_SAVE_COMPLETED lot="260827-A01" inspectionCount=2 remainingMemoryCount=0 file="D:\\Works_Updates\\NetSolution\\src\\SOFCMeas\\artifacts\\fix-20260907\\deployed-regression\\Data\\PLC1\\2026\\09\\07\\20260907_175204_260827-A01_SOFC_A12.csv" fileBytes=176
2026-09-07 17:52:04.726 +09:00 [SESSION=80327cfd62e1] [SEQ=44] [PID=11732] [TID=1] [INFO] [STATION-1] event=ACQUISITION_STATE_CHANGED from=SAVING to=WAITSTART
2026-09-07 17:52:04.740 +09:00 [SESSION=80327cfd62e1] [SEQ=45] [PID=11732] [TID=1] [INFO] [STATION-1] event=READER_STOP_REQUESTED cycle=3 cycleActive=False sampleCount=1
2026-09-07 17:52:04.741 +09:00 [SESSION=80327cfd62e1] [SEQ=46] [PID=11732] [TID=1] [INFO] [STATION-1] event=CONNECTION_STATE_CHANGED state=Disconnected endpoint=127.0.0.1:10000
2026-09-07 17:52:04.742 +09:00 [SESSION=80327cfd62e1] [SEQ=47] [PID=11732] [TID=1] [INFO] [STATION-1] event=READER_STOPPED connectionAttempts=0 lastCycle=3 lastSampleCount=1
2026-09-07 17:52:04.742 +09:00 [SESSION=80327cfd62e1] [SEQ=48] [PID=11732] [TID=1] [INFO] [STATION-2] event=READER_STOP_REQUESTED cycle=1 cycleActive=False sampleCount=1
2026-09-07 17:52:04.742 +09:00 [SESSION=80327cfd62e1] [SEQ=49] [PID=11732] [TID=1] [INFO] [STATION-2] event=CONNECTION_STATE_CHANGED state=Disconnected endpoint=127.0.0.1:10000
2026-09-07 17:52:04.742 +09:00 [SESSION=80327cfd62e1] [SEQ=50] [PID=11732] [TID=1] [INFO] [STATION-2] event=READER_STOPPED connectionAttempts=0 lastCycle=1 lastSampleCount=1
2026-09-07 17:52:08.030 +09:00 [SESSION=80327cfd62e1] [SEQ=60] [PID=11732] [TID=1] [INFO] [APPLICATION] event=STORAGE_INITIALIZED applicationRoot="D:\\Works_Updates\\NetSolution\\src\\SOFCMeas\\artifacts\\fix-20260907\\deployed-regression" dataRoot="D:\\Works_Updates\\NetSolution\\src\\SOFCMeas\\artifacts\\fix-20260907\\deployed-regression\\Data" logRoot="D:\\Works_Updates\\NetSolution\\src\\SOFCMeas\\artifacts\\fix-20260907\\deployed-regression\\log" retentionDays=30 autoDelete=False maxFileMb=20
2026-09-07 17:52:08.032 +09:00 [SESSION=80327cfd62e1] [SEQ=61] [PID=11732] [TID=1] [INFO] [STATION-1] event=PLC_SETTINGS_LOADED station=1 endpoint=127.0.0.1:10000 autoConnect=False pollMs=1000 reconnectMs=2000 timeoutMs=3000 loadScale=1000 maxGraphPoints=0 requestDevice=D810 startValue=1 endValue=0 loadRaw=D801
2026-09-07 17:52:08.032 +09:00 [SESSION=80327cfd62e1] [SEQ=62] [PID=11732] [TID=1] [INFO] [STATION-2] event=PLC_SETTINGS_LOADED station=2 endpoint=127.0.0.1:10000 autoConnect=False pollMs=1000 reconnectMs=2000 timeoutMs=3000 loadScale=1000 maxGraphPoints=0 requestDevice=D810 startValue=1 endValue=0 loadRaw=D801
2026-09-07 17:52:08.034 +09:00 [SESSION=80327cfd62e1] [SEQ=63] [PID=11732] [TID=1] [INFO] [STATION-1] event=PLC_READER_INITIALIZED
2026-09-07 17:52:08.035 +09:00 [SESSION=80327cfd62e1] [SEQ=64] [PID=11732] [TID=1] [INFO] [STATION-2] event=PLC_READER_INITIALIZED
2026-09-07 17:52:08.038 +09:00 [SESSION=80327cfd62e1] [SEQ=65] [PID=11732] [TID=1] [INFO] [STATION-1] event=READER_STARTED endpoint=127.0.0.1:2854 pollMs=100 timeoutMs=3000 reconnectMs=2000
2026-09-07 17:52:08.040 +09:00 [SESSION=80327cfd62e1] [SEQ=66] [PID=11732] [TID=4] [INFO] [STATION-1] event=CONNECTION_STATE_CHANGED state=Connecting endpoint=127.0.0.1:2854
2026-09-07 17:52:08.040 +09:00 [SESSION=80327cfd62e1] [SEQ=67] [PID=11732] [TID=4] [INFO] [STATION-1] event=PLC_CONNECT_ATTEMPT attempt=1 endpoint=127.0.0.1:2854
2026-09-07 17:52:08.044 +09:00 [SESSION=80327cfd62e1] [SEQ=68] [PID=11732] [TID=4] [INFO] [STATION-1] event=CONNECTION_STATE_CHANGED state=Connected endpoint=127.0.0.1:2854
2026-09-07 17:52:08.044 +09:00 [SESSION=80327cfd62e1] [SEQ=69] [PID=11732] [TID=4] [INFO] [STATION-1] event=PLC_CONNECTED attempt=1 endpoint=127.0.0.1:2854 connectElapsedMs=4
2026-09-07 17:52:08.046 +09:00 [SESSION=80327cfd62e1] [SEQ=70] [PID=11732] [TID=21] [INFO] [STATION-1] event=PLC_REQUEST_CHANGED signal=END_REQ device=D810 value=0 readTime=2026-09-07T17:52:08.0463400+09:00
2026-09-07 17:52:08.046 +09:00 [SESSION=80327cfd62e1] [SEQ=71] [PID=11732] [TID=21] [INFO] [STATION-1] event=PLC_HEARTBEAT requestDevice=D810 requestValue=0 loadRaw=0 collecting=False cycle=0 sampleCount=0 acquisitionState=WAITSTART
2026-09-07 17:52:08.048 +09:00 [SESSION=80327cfd62e1] [SEQ=72] [PID=11732] [TID=1] [INFO] [STATION-2] event=READER_STARTED endpoint=127.0.0.1:2855 pollMs=100 timeoutMs=3000 reconnectMs=2000
2026-09-07 17:52:08.048 +09:00 [SESSION=80327cfd62e1] [SEQ=73] [PID=11732] [TID=5] [INFO] [STATION-2] event=CONNECTION_STATE_CHANGED state=Connecting endpoint=127.0.0.1:2855
2026-09-07 17:52:08.048 +09:00 [SESSION=80327cfd62e1] [SEQ=74] [PID=11732] [TID=5] [INFO] [STATION-2] event=PLC_CONNECT_ATTEMPT attempt=1 endpoint=127.0.0.1:2855
2026-09-07 17:52:08.048 +09:00 [SESSION=80327cfd62e1] [SEQ=75] [PID=11732] [TID=5] [INFO] [STATION-2] event=CONNECTION_STATE_CHANGED state=Connected endpoint=127.0.0.1:2855
2026-09-07 17:52:08.048 +09:00 [SESSION=80327cfd62e1] [SEQ=76] [PID=11732] [TID=5] [INFO] [STATION-2] event=PLC_CONNECTED attempt=1 endpoint=127.0.0.1:2855 connectElapsedMs=0
2026-09-07 17:52:08.050 +09:00 [SESSION=80327cfd62e1] [SEQ=77] [PID=11732] [TID=9] [INFO] [STATION-2] event=PLC_REQUEST_CHANGED signal=END_REQ device=D810 value=0 readTime=2026-09-07T17:52:08.0503441+09:00
2026-09-07 17:52:08.050 +09:00 [SESSION=80327cfd62e1] [SEQ=78] [PID=11732] [TID=9] [INFO] [STATION-2] event=PLC_HEARTBEAT requestDevice=D810 requestValue=0 loadRaw=0 collecting=False cycle=0 sampleCount=0 acquisitionState=WAITSTART
2026-09-07 17:52:08.147 +09:00 [SESSION=80327cfd62e1] [SEQ=79] [PID=11732] [TID=9] [INFO] [STATION-1] event=PLC_REQUEST_CHANGED signal=START_REQ device=D810 value=1 readTime=2026-09-07T17:52:08.1476250+09:00
2026-09-07 17:52:08.147 +09:00 [SESSION=80327cfd62e1] [SEQ=80] [PID=11732] [TID=9] [INFO] [STATION-1] event=CYCLE_STARTED cycle=1 requestDevice=D810 requestValue=1 readTime=2026-09-07T17:52:08.1476250+09:00
2026-09-07 17:52:08.147 +09:00 [SESSION=80327cfd62e1] [SEQ=81] [PID=11732] [TID=9] [INFO] [STATION-1] event=SAMPLE_ACCEPTED cycle=1 sample=1 raw=500 loadKgf=0.500000 readTime=2026-09-07T17:52:08.1476250+09:00
2026-09-07 17:52:08.153 +09:00 [SESSION=80327cfd62e1] [SEQ=82] [PID=11732] [TID=1] [WARN] [STATION-1] event=LOT_AUTO_PREPARED reason=start_request_before_file_create station=#1 lot="260827-A01" fileName="SOFC_A12" operator="홍길동" spec="0.4"
2026-09-07 17:52:08.153 +09:00 [SESSION=80327cfd62e1] [SEQ=83] [PID=11732] [TID=1] [INFO] [STATION-1] event=CYCLE_UI_STARTED cycle=1 startedAt=2026-09-07T17:52:08.1476250+09:00 lot="260827-A01" fileName="SOFC_A12" operator="홍길동" spec="0.4"
2026-09-07 17:52:08.159 +09:00 [SESSION=80327cfd62e1] [SEQ=84] [PID=11732] [TID=9] [INFO] [STATION-2] event=PLC_REQUEST_CHANGED signal=START_REQ device=D810 value=1 readTime=2026-09-07T17:52:08.1596574+09:00
2026-09-07 17:52:08.159 +09:00 [SESSION=80327cfd62e1] [SEQ=85] [PID=11732] [TID=9] [INFO] [STATION-2] event=CYCLE_STARTED cycle=1 requestDevice=D810 requestValue=1 readTime=2026-09-07T17:52:08.1596574+09:00
2026-09-07 17:52:08.159 +09:00 [SESSION=80327cfd62e1] [SEQ=86] [PID=11732] [TID=9] [INFO] [STATION-2] event=SAMPLE_ACCEPTED cycle=1 sample=1 raw=300 loadKgf=0.300000 readTime=2026-09-07T17:52:08.1596574+09:00
2026-09-07 17:52:08.167 +09:00 [SESSION=80327cfd62e1] [SEQ=87] [PID=11732] [TID=1] [WARN] [STATION-2] event=LOT_AUTO_PREPARED reason=start_request_before_file_create station=#2 lot="260827-B03" fileName="SOFC_B07" operator="김영희" spec="0.4"
2026-09-07 17:52:08.167 +09:00 [SESSION=80327cfd62e1] [SEQ=88] [PID=11732] [TID=1] [INFO] [STATION-2] event=CYCLE_UI_STARTED cycle=1 startedAt=2026-09-07T17:52:08.1596574+09:00 lot="260827-B03" fileName="SOFC_B07" operator="김영희" spec="0.4"
2026-09-07 17:52:08.258 +09:00 [SESSION=80327cfd62e1] [SEQ=89] [PID=11732] [TID=9] [INFO] [STATION-1] event=SAMPLE_ACCEPTED cycle=1 sample=2 raw=500 loadKgf=0.500000 readTime=2026-09-07T17:52:08.2580743+09:00
2026-09-07 17:52:08.270 +09:00 [SESSION=80327cfd62e1] [SEQ=90] [PID=11732] [TID=18] [INFO] [STATION-2] event=SAMPLE_ACCEPTED cycle=1 sample=2 raw=300 loadKgf=0.300000 readTime=2026-09-07T17:52:08.2700882+09:00
2026-09-07 17:52:08.369 +09:00 [SESSION=80327cfd62e1] [SEQ=91] [PID=11732] [TID=9] [INFO] [STATION-1] event=SAMPLE_ACCEPTED cycle=1 sample=3 raw=500 loadKgf=0.500000 readTime=2026-09-07T17:52:08.3690969+09:00
2026-09-07 17:52:08.377 +09:00 [SESSION=80327cfd62e1] [SEQ=92] [PID=11732] [TID=9] [INFO] [STATION-2] event=SAMPLE_ACCEPTED cycle=1 sample=3 raw=300 loadKgf=0.300000 readTime=2026-09-07T17:52:08.3773376+09:00
2026-09-07 17:52:08.470 +09:00 [SESSION=80327cfd62e1] [SEQ=93] [PID=11732] [TID=21] [INFO] [STATION-1] event=PLC_REQUEST_CHANGED signal=END_REQ device=D810 value=0 readTime=2026-09-07T17:52:08.4700141+09:00
2026-09-07 17:52:08.470 +09:00 [SESSION=80327cfd62e1] [SEQ=94] [PID=11732] [TID=21] [INFO] [STATION-1] event=CYCLE_ENDED cycle=1 requestDevice=D810 requestValue=0 sampleCount=3 durationMs=322 readTime=2026-09-07T17:52:08.4700141+09:00
2026-09-07 17:52:08.474 +09:00 [SESSION=80327cfd62e1] [SEQ=95] [PID=11732] [TID=1] [INFO] [STATION-1] event=INSPECTION_EVALUATION_STARTED cycle=1 readerSampleCount=3 uiSampleCount=3 lot="260827-A01" fileName="SOFC_A12" operator="홍길동" spec="0.4"
2026-09-07 17:52:08.474 +09:00 [SESSION=80327cfd62e1] [SEQ=96] [PID=11732] [TID=1] [INFO] [STATION-1] event=INSPECTION_EVALUATED cycle=1 verdict=GOOD valid=True peakKgf=0.500000 lowerSpecKgf=0.400000 upperSpecKgf=0.400000 sampleCount=3 inspectionCount=1 passCount=1 failCount=0 yieldPercent=100.00 message="검사 완료: PEAK 0.500 kgf / SPEC 0.400 / GOOD (검사 1, GOOD 1, NG 0, Yield 100.00%)"
2026-09-07 17:52:08.475 +09:00 [SESSION=80327cfd62e1] [SEQ=97] [PID=11732] [TID=1] [INFO] [STATION-1] event=INSPECTION_BUFFERED_IN_MEMORY cycle=1 lot="260827-A01" fileName="SOFC_A12" verdict=GOOD lotInspectionCount=1 sampleCount=3
2026-09-07 17:52:08.475 +09:00 [SESSION=80327cfd62e1] [SEQ=98] [PID=11732] [TID=1] [INFO] [STATION-1] event=ACQUISITION_STATE_CHANGED from=EVALUATING to=WAITSTART
2026-09-07 17:52:08.486 +09:00 [SESSION=80327cfd62e1] [SEQ=99] [PID=11732] [TID=18] [INFO] [STATION-2] event=PLC_REQUEST_CHANGED signal=END_REQ device=D810 value=0 readTime=2026-09-07T17:52:08.4869947+09:00
2026-09-07 17:52:08.486 +09:00 [SESSION=80327cfd62e1] [SEQ=100] [PID=11732] [TID=18] [INFO] [STATION-2] event=CYCLE_ENDED cycle=1 requestDevice=D810 requestValue=0 sampleCount=3 durationMs=327 readTime=2026-09-07T17:52:08.4869947+09:00
2026-09-07 17:52:08.497 +09:00 [SESSION=80327cfd62e1] [SEQ=101] [PID=11732] [TID=1] [INFO] [STATION-2] event=INSPECTION_EVALUATION_STARTED cycle=1 readerSampleCount=3 uiSampleCount=3 lot="260827-B03" fileName="SOFC_B07" operator="김영희" spec="0.4"
2026-09-07 17:52:08.498 +09:00 [SESSION=80327cfd62e1] [SEQ=102] [PID=11732] [TID=1] [INFO] [STATION-2] event=INSPECTION_EVALUATED cycle=1 verdict=NG valid=True peakKgf=0.300000 lowerSpecKgf=0.400000 upperSpecKgf=0.400000 sampleCount=3 inspectionCount=1 passCount=0 failCount=1 yieldPercent=0.00 message="검사 완료: PEAK 0.300 kgf / SPEC 0.400 / NG (검사 1, GOOD 0, NG 1, Yield 0.00%)"
2026-09-07 17:52:08.498 +09:00 [SESSION=80327cfd62e1] [SEQ=103] [PID=11732] [TID=1] [INFO] [STATION-2] event=INSPECTION_BUFFERED_IN_MEMORY cycle=1 lot="260827-B03" fileName="SOFC_B07" verdict=NG lotInspectionCount=1 sampleCount=3
2026-09-07 17:52:08.498 +09:00 [SESSION=80327cfd62e1] [SEQ=104] [PID=11732] [TID=1] [INFO] [STATION-2] event=ACQUISITION_STATE_CHANGED from=EVALUATING to=WAITSTART
2026-09-07 17:52:08.579 +09:00 [SESSION=80327cfd62e1] [SEQ=105] [PID=11732] [TID=9] [INFO] [STATION-1] event=PLC_REQUEST_CHANGED signal=END_REQ device=D810 value=0 readTime=2026-09-07T17:52:08.5795039+09:00
2026-09-07 17:52:08.595 +09:00 [SESSION=80327cfd62e1] [SEQ=106] [PID=11732] [TID=18] [INFO] [STATION-2] event=PLC_REQUEST_CHANGED signal=END_REQ device=D810 value=0 readTime=2026-09-07T17:52:08.5958759+09:00
2026-09-07 17:52:08.804 +09:00 [SESSION=80327cfd62e1] [SEQ=107] [PID=11732] [TID=9] [INFO] [STATION-1] event=PLC_REQUEST_CHANGED signal=START_REQ device=D810 value=1 readTime=2026-09-07T17:52:08.8041832+09:00
2026-09-07 17:52:08.804 +09:00 [SESSION=80327cfd62e1] [SEQ=108] [PID=11732] [TID=9] [INFO] [STATION-1] event=CYCLE_STARTED cycle=2 requestDevice=D810 requestValue=1 readTime=2026-09-07T17:52:08.8041832+09:00
2026-09-07 17:52:08.804 +09:00 [SESSION=80327cfd62e1] [SEQ=109] [PID=11732] [TID=9] [INFO] [STATION-1] event=SAMPLE_ACCEPTED cycle=2 sample=1 raw=600 loadKgf=0.600000 readTime=2026-09-07T17:52:08.8041832+09:00
2026-09-07 17:52:08.807 +09:00 [SESSION=80327cfd62e1] [SEQ=110] [PID=11732] [TID=1] [INFO] [STATION-1] event=CYCLE_UI_STARTED cycle=2 startedAt=2026-09-07T17:52:08.8041832+09:00 lot="260827-A01" fileName="SOFC_A12" operator="홍길동" spec="0.4"
2026-09-07 17:52:08.912 +09:00 [SESSION=80327cfd62e1] [SEQ=111] [PID=11732] [TID=19] [INFO] [STATION-1] event=SAMPLE_ACCEPTED cycle=2 sample=2 raw=600 loadKgf=0.600000 readTime=2026-09-07T17:52:08.9125162+09:00
2026-09-07 17:52:09.021 +09:00 [SESSION=80327cfd62e1] [SEQ=112] [PID=11732] [TID=21] [INFO] [STATION-1] event=PLC_REQUEST_CHANGED signal=END_REQ device=D810 value=0 readTime=2026-09-07T17:52:09.0210993+09:00
2026-09-07 17:52:09.021 +09:00 [SESSION=80327cfd62e1] [SEQ=113] [PID=11732] [TID=21] [INFO] [STATION-1] event=CYCLE_ENDED cycle=2 requestDevice=D810 requestValue=0 sampleCount=2 durationMs=217 readTime=2026-09-07T17:52:09.0210993+09:00
2026-09-07 17:52:09.029 +09:00 [SESSION=80327cfd62e1] [SEQ=114] [PID=11732] [TID=1] [INFO] [STATION-1] event=INSPECTION_EVALUATION_STARTED cycle=2 readerSampleCount=2 uiSampleCount=2 lot="260827-A01" fileName="SOFC_A12" operator="홍길동" spec="0.4"
2026-09-07 17:52:09.029 +09:00 [SESSION=80327cfd62e1] [SEQ=115] [PID=11732] [TID=1] [INFO] [STATION-1] event=INSPECTION_EVALUATED cycle=2 verdict=GOOD valid=True peakKgf=0.600000 lowerSpecKgf=0.400000 upperSpecKgf=0.400000 sampleCount=2 inspectionCount=2 passCount=2 failCount=0 yieldPercent=100.00 message="검사 완료: PEAK 0.600 kgf / SPEC 0.400 / GOOD (검사 2, GOOD 2, NG 0, Yield 100.00%)"
2026-09-07 17:52:09.029 +09:00 [SESSION=80327cfd62e1] [SEQ=116] [PID=11732] [TID=1] [INFO] [STATION-1] event=INSPECTION_BUFFERED_IN_MEMORY cycle=2 lot="260827-A01" fileName="SOFC_A12" verdict=GOOD lotInspectionCount=2 sampleCount=2
2026-09-07 17:52:09.029 +09:00 [SESSION=80327cfd62e1] [SEQ=117] [PID=11732] [TID=1] [INFO] [STATION-1] event=ACQUISITION_STATE_CHANGED from=EVALUATING to=WAITSTART
2026-09-07 17:52:09.041 +09:00 [SESSION=80327cfd62e1] [SEQ=118] [PID=11732] [TID=1] [INFO] [STATION-1] event=ACQUISITION_STATE_CHANGED from=WAITSTART to=SAVING
2026-09-07 17:52:09.041 +09:00 [SESSION=80327cfd62e1] [SEQ=119] [PID=11732] [TID=1] [INFO] [STATION-1] event=LOT_SAVE_STARTED lot="EDITED-LOT" fileName="EDITED-MODEL" inspectionCount=2
2026-09-07 17:52:09.130 +09:00 [SESSION=80327cfd62e1] [SEQ=120] [PID=11732] [TID=9] [INFO] [STATION-1] event=PLC_START_IGNORED state=SAVING requestDevice=D810 requestValue=1
2026-09-07 17:52:09.466 +09:00 [SESSION=80327cfd62e1] [SEQ=121] [PID=11732] [TID=10] [INFO] [INSPECTION-STORAGE] event=INSPECTION_INDEX_RECOVERED file="D:\\Works_Updates\\NetSolution\\src\\SOFCMeas\\artifacts\\fix-20260907\\deployed-regression\\Data\\PLC1\\2026\\09\\07\\20260907_175209_EDITED-LOT_EDITED-MODEL.csv"
2026-09-07 17:52:09.468 +09:00 [SESSION=80327cfd62e1] [SEQ=122] [PID=11732] [TID=10] [INFO] [STATION-1] event=LOT_FILE_SAVED lot="EDITED-LOT" inspectionCount=2 sampleCount=5 maximumRawDataCount=3 format=lot_summary_2row_kgf_matrix file="D:\\Works_Updates\\NetSolution\\src\\SOFCMeas\\artifacts\\fix-20260907\\deployed-regression\\Data\\PLC1\\2026\\09\\07\\20260907_175209_EDITED-LOT_EDITED-MODEL.csv"
2026-09-07 17:52:09.472 +09:00 [SESSION=80327cfd62e1] [SEQ=123] [PID=11732] [TID=1] [INFO] [STATION-1] event=LOT_SAVE_COMPLETED lot="EDITED-LOT" inspectionCount=2 remainingMemoryCount=0 file="D:\\Works_Updates\\NetSolution\\src\\SOFCMeas\\artifacts\\fix-20260907\\deployed-regression\\Data\\PLC1\\2026\\09\\07\\20260907_175209_EDITED-LOT_EDITED-MODEL.csv" fileBytes=215
2026-09-07 17:52:09.474 +09:00 [SESSION=80327cfd62e1] [SEQ=124] [PID=11732] [TID=1] [INFO] [STATION-1] event=ACQUISITION_STATE_CHANGED from=SAVING to=WAITSTART
2026-09-07 17:52:09.565 +09:00 [SESSION=80327cfd62e1] [SEQ=125] [PID=11732] [TID=20] [INFO] [STATION-1] event=PLC_REQUEST_CHANGED signal=START_REQ device=D810 value=1 readTime=2026-09-07T17:52:09.5655975+09:00
2026-09-07 17:52:09.565 +09:00 [SESSION=80327cfd62e1] [SEQ=126] [PID=11732] [TID=20] [INFO] [STATION-1] event=CYCLE_STARTED cycle=3 requestDevice=D810 requestValue=1 readTime=2026-09-07T17:52:09.5655975+09:00
2026-09-07 17:52:09.565 +09:00 [SESSION=80327cfd62e1] [SEQ=127] [PID=11732] [TID=20] [INFO] [STATION-1] event=SAMPLE_ACCEPTED cycle=3 sample=1 raw=600 loadKgf=0.600000 readTime=2026-09-07T17:52:09.5655975+09:00
2026-09-07 17:52:09.567 +09:00 [SESSION=80327cfd62e1] [SEQ=128] [PID=11732] [TID=1] [WARN] [STATION-1] event=LOT_AUTO_PREPARED reason=start_request_before_file_create station=#1 lot="NEXT-LOT" fileName="NEXT-MODEL" operator="NEXT-OPERATOR" spec="0.4"
2026-09-07 17:52:09.568 +09:00 [SESSION=80327cfd62e1] [SEQ=129] [PID=11732] [TID=1] [INFO] [STATION-1] event=CYCLE_UI_STARTED cycle=3 startedAt=2026-09-07T17:52:09.5655975+09:00 lot="NEXT-LOT" fileName="NEXT-MODEL" operator="NEXT-OPERATOR" spec="0.4"
2026-09-07 17:52:09.580 +09:00 [SESSION=80327cfd62e1] [SEQ=130] [PID=11732] [TID=1] [INFO] [STATION-1] event=READER_STOP_REQUESTED cycle=3 cycleActive=True sampleCount=1
2026-09-07 17:52:09.580 +09:00 [SESSION=80327cfd62e1] [SEQ=131] [PID=11732] [TID=11] [INFO] [STATION-1] event=PLC_CONNECTION_CLOSED attempt=1 cancellationRequested=True
2026-09-07 17:52:09.580 +09:00 [SESSION=80327cfd62e1] [SEQ=132] [PID=11732] [TID=1] [INFO] [STATION-1] event=CONNECTION_STATE_CHANGED state=Disconnected endpoint=127.0.0.1:2854
2026-09-07 17:52:09.580 +09:00 [SESSION=80327cfd62e1] [SEQ=133] [PID=11732] [TID=1] [INFO] [STATION-1] event=READER_STOPPED connectionAttempts=1 lastCycle=3 lastSampleCount=1
2026-09-07 17:52:09.580 +09:00 [SESSION=80327cfd62e1] [SEQ=134] [PID=11732] [TID=1] [INFO] [STATION-2] event=READER_STOP_REQUESTED cycle=1 cycleActive=False sampleCount=3
2026-09-07 17:52:09.580 +09:00 [SESSION=80327cfd62e1] [SEQ=135] [PID=11732] [TID=12] [INFO] [STATION-2] event=PLC_CONNECTION_CLOSED attempt=1 cancellationRequested=True
2026-09-07 17:52:09.580 +09:00 [SESSION=80327cfd62e1] [SEQ=136] [PID=11732] [TID=1] [INFO] [STATION-2] event=CONNECTION_STATE_CHANGED state=Disconnected endpoint=127.0.0.1:2855
2026-09-07 17:52:09.582 +09:00 [SESSION=80327cfd62e1] [SEQ=137] [PID=11732] [TID=1] [INFO] [STATION-2] event=READER_STOPPED connectionAttempts=1 lastCycle=1 lastSampleCount=3
