2026-09-07 17:28:55.618 +09:00 [SESSION=a55c62fd9354] [SEQ=1] [PID=5136] [TID=1] [INFO] [APPLICATION] event=STORAGE_INITIALIZED applicationRoot="D:\\Works_Updates\\NetSolution\\src\\SOFCMeas\\artifacts\\audit-20260907\\run6" dataRoot="D:\\Works_Updates\\NetSolution\\src\\SOFCMeas\\artifacts\\audit-20260907\\run6\\Data" logRoot="D:\\Works_Updates\\NetSolution\\src\\SOFCMeas\\artifacts\\audit-20260907\\run6\\log" retentionDays=30 autoDelete=False maxFileMb=20
2026-09-07 17:28:55.625 +09:00 [SESSION=a55c62fd9354] [SEQ=2] [PID=5136] [TID=1] [INFO] [STATION-1] event=PLC_SETTINGS_LOADED station=1 endpoint=172.20.9.100:10000 autoConnect=False pollMs=1000 reconnectMs=2000 timeoutMs=3000 loadScale=1000 maxGraphPoints=0 requestDevice=D810 startValue=1 endValue=0 loadRaw=D801
2026-09-07 17:28:55.626 +09:00 [SESSION=a55c62fd9354] [SEQ=3] [PID=5136] [TID=1] [INFO] [STATION-2] event=PLC_SETTINGS_LOADED station=2 endpoint=172.20.9.101:10000 autoConnect=False pollMs=1000 reconnectMs=2000 timeoutMs=3000 loadScale=1000 maxGraphPoints=0 requestDevice=D810 startValue=1 endValue=0 loadRaw=D801
2026-09-07 17:28:55.629 +09:00 [SESSION=a55c62fd9354] [SEQ=4] [PID=5136] [TID=1] [INFO] [STATION-1] event=PLC_READER_INITIALIZED
2026-09-07 17:28:55.630 +09:00 [SESSION=a55c62fd9354] [SEQ=5] [PID=5136] [TID=1] [INFO] [STATION-2] event=PLC_READER_INITIALIZED
2026-09-07 17:28:55.644 +09:00 [SESSION=a55c62fd9354] [SEQ=6] [PID=5136] [TID=1] [INFO] [STATION-1] event=CONNECTION_STATE_CHANGED state=Disconnected endpoint=172.20.9.100:10000
2026-09-07 17:28:55.647 +09:00 [SESSION=a55c62fd9354] [SEQ=7] [PID=5136] [TID=1] [WARN] [STATION-1] event=AUTO_CONNECT_DISABLED autoConnect=false
2026-09-07 17:28:55.687 +09:00 [SESSION=a55c62fd9354] [SEQ=8] [PID=5136] [TID=1] [WARN] [STATION-1] event=LOT_AUTO_PREPARED reason=start_request_before_file_create station=#1 lot="260827-A01" fileName="SOFC_A12" operator="홍길동" spec="0.40"
2026-09-07 17:28:55.688 +09:00 [SESSION=a55c62fd9354] [SEQ=9] [PID=5136] [TID=1] [INFO] [STATION-1] event=CYCLE_UI_STARTED cycle=1 startedAt=2026-09-07T17:28:55.6632856+09:00 lot="260827-A01" fileName="SOFC_A12" operator="홍길동" spec="0.40"
2026-09-07 17:28:55.688 +09:00 [SESSION=a55c62fd9354] [SEQ=10] [PID=5136] [TID=1] [INFO] [STATION-1] event=CYCLE_STARTED cycle=1 requestDevice=D810 requestValue=1 readTime=2026-09-07T17:28:55.6632856+09:00
2026-09-07 17:28:55.690 +09:00 [SESSION=a55c62fd9354] [SEQ=11] [PID=5136] [TID=1] [INFO] [STATION-1] event=SAMPLE_ACCEPTED cycle=1 sample=1 raw=500 loadKgf=0.500000 readTime=2026-09-07T17:28:55.6632856+09:00
2026-09-07 17:28:55.695 +09:00 [SESSION=a55c62fd9354] [SEQ=12] [PID=5136] [TID=1] [INFO] [STATION-1] event=INSPECTION_EVALUATION_STARTED cycle=1 readerSampleCount=1 uiSampleCount=1 lot="260827-A01" fileName="SOFC_A12" operator="홍길동" spec="0.40"
2026-09-07 17:28:55.699 +09:00 [SESSION=a55c62fd9354] [SEQ=13] [PID=5136] [TID=1] [INFO] [STATION-1] event=INSPECTION_EVALUATED cycle=1 verdict=GOOD valid=True peakKgf=0.500000 lowerSpecKgf=0.400000 upperSpecKgf=0.400000 sampleCount=1 inspectionCount=1 passCount=1 failCount=0 yieldPercent=100.00 message="검사 완료: PEAK 0.500 kgf / SPEC 0.400 / GOOD (검사 1, GOOD 1, NG 0, Yield 100.00%)"
2026-09-07 17:28:55.703 +09:00 [SESSION=a55c62fd9354] [SEQ=14] [PID=5136] [TID=1] [INFO] [STATION-1] event=INSPECTION_BUFFERED_IN_MEMORY cycle=1 lot="260827-A01" fileName="SOFC_A12" verdict=GOOD lotInspectionCount=1 sampleCount=1
2026-09-07 17:28:55.703 +09:00 [SESSION=a55c62fd9354] [SEQ=15] [PID=5136] [TID=1] [INFO] [STATION-1] event=CYCLE_ENDED cycle=1 requestDevice=D810 requestValue=0 sampleCount=1 durationMs=28 readTime=2026-09-07T17:28:55.6912747+09:00
2026-09-07 17:28:55.704 +09:00 [SESSION=a55c62fd9354] [SEQ=16] [PID=5136] [TID=1] [INFO] [STATION-1] event=CYCLE_UI_STARTED cycle=2 startedAt=2026-09-07T17:28:55.7042396+09:00 lot="260827-A01" fileName="SOFC_A12" operator="홍길동" spec="0.40"
2026-09-07 17:28:55.704 +09:00 [SESSION=a55c62fd9354] [SEQ=17] [PID=5136] [TID=1] [INFO] [STATION-1] event=CYCLE_STARTED cycle=2 requestDevice=D810 requestValue=1 readTime=2026-09-07T17:28:55.7042396+09:00
2026-09-07 17:28:55.704 +09:00 [SESSION=a55c62fd9354] [SEQ=18] [PID=5136] [TID=1] [INFO] [STATION-1] event=SAMPLE_ACCEPTED cycle=2 sample=1 raw=100 loadKgf=0.100000 readTime=2026-09-07T17:28:55.7042396+09:00
2026-09-07 17:28:55.705 +09:00 [SESSION=a55c62fd9354] [SEQ=19] [PID=5136] [TID=1] [INFO] [STATION-1] event=INSPECTION_EVALUATION_STARTED cycle=2 readerSampleCount=1 uiSampleCount=1 lot="260827-A01" fileName="SOFC_A12" operator="홍길동" spec="0.40"
2026-09-07 17:28:55.705 +09:00 [SESSION=a55c62fd9354] [SEQ=20] [PID=5136] [TID=1] [INFO] [STATION-1] event=INSPECTION_EVALUATED cycle=2 verdict=NG valid=True peakKgf=0.100000 lowerSpecKgf=0.400000 upperSpecKgf=0.400000 sampleCount=1 inspectionCount=2 passCount=1 failCount=1 yieldPercent=50.00 message="검사 완료: PEAK 0.100 kgf / SPEC 0.400 / NG (검사 2, GOOD 1, NG 1, Yield 50.00%)"
2026-09-07 17:28:55.705 +09:00 [SESSION=a55c62fd9354] [SEQ=21] [PID=5136] [TID=1] [INFO] [STATION-1] event=INSPECTION_BUFFERED_IN_MEMORY cycle=2 lot="260827-A01" fileName="SOFC_A12" verdict=NG lotInspectionCount=2 sampleCount=1
2026-09-07 17:28:55.706 +09:00 [SESSION=a55c62fd9354] [SEQ=22] [PID=5136] [TID=1] [INFO] [STATION-1] event=CYCLE_ENDED cycle=2 requestDevice=D810 requestValue=0 sampleCount=1 durationMs=1 readTime=2026-09-07T17:28:55.7052374+09:00
2026-09-07 17:28:55.706 +09:00 [SESSION=a55c62fd9354] [SEQ=23] [PID=5136] [TID=1] [INFO] [STATION-1] event=CYCLE_UI_STARTED cycle=3 startedAt=2026-09-07T17:28:55.7062348+09:00 lot="260827-A01" fileName="SOFC_A12" operator="홍길동" spec="0.40"
2026-09-07 17:28:55.706 +09:00 [SESSION=a55c62fd9354] [SEQ=24] [PID=5136] [TID=1] [INFO] [STATION-1] event=CYCLE_STARTED cycle=3 requestDevice=D810 requestValue=1 readTime=2026-09-07T17:28:55.7062348+09:00
2026-09-07 17:28:55.707 +09:00 [SESSION=a55c62fd9354] [SEQ=25] [PID=5136] [TID=1] [INFO] [STATION-1] event=SAMPLE_ACCEPTED cycle=3 sample=1 raw=200 loadKgf=0.200000 readTime=2026-09-07T17:28:55.7062348+09:00
2026-09-07 17:28:55.707 +09:00 [SESSION=a55c62fd9354] [SEQ=26] [PID=5136] [TID=1] [INFO] [STATION-1] event=INSPECTION_EVALUATION_STARTED cycle=3 readerSampleCount=1 uiSampleCount=1 lot="260827-A01" fileName="SOFC_A12" operator="홍길동" spec="0.40"
2026-09-07 17:28:55.707 +09:00 [SESSION=a55c62fd9354] [SEQ=27] [PID=5136] [TID=1] [INFO] [STATION-1] event=INSPECTION_EVALUATED cycle=3 verdict=NG valid=True peakKgf=0.200000 lowerSpecKgf=0.400000 upperSpecKgf=0.400000 sampleCount=1 inspectionCount=3 passCount=1 failCount=2 yieldPercent=33.33 message="검사 완료: PEAK 0.200 kgf / SPEC 0.400 / NG (검사 3, GOOD 1, NG 2, Yield 33.33%)"
2026-09-07 17:28:55.716 +09:00 [SESSION=a55c62fd9354] [SEQ=28] [PID=5136] [TID=1] [INFO] [STATION-1] event=LOT_OLDEST_INSPECTION_REMOVED cycle=3 lot="260827-A01" capacity=2 removedVerdict=GOOD addedVerdict=NG
2026-09-07 17:28:55.717 +09:00 [SESSION=a55c62fd9354] [SEQ=29] [PID=5136] [TID=1] [INFO] [STATION-1] event=INSPECTION_BUFFERED_IN_MEMORY cycle=3 lot="260827-A01" fileName="SOFC_A12" verdict=NG lotInspectionCount=2 sampleCount=1
2026-09-07 17:28:55.718 +09:00 [SESSION=a55c62fd9354] [SEQ=30] [PID=5136] [TID=1] [INFO] [STATION-1] event=CYCLE_ENDED cycle=3 requestDevice=D810 requestValue=0 sampleCount=1 durationMs=1 readTime=2026-09-07T17:28:55.7072329+09:00
2026-09-07 17:28:55.719 +09:00 [SESSION=a55c62fd9354] [SEQ=31] [PID=5136] [TID=1] [INFO] [STATION-2] event=CONNECTION_STATE_CHANGED state=Disconnected endpoint=172.20.9.101:10000
2026-09-07 17:28:55.719 +09:00 [SESSION=a55c62fd9354] [SEQ=32] [PID=5136] [TID=1] [WARN] [STATION-2] event=AUTO_CONNECT_DISABLED autoConnect=false
2026-09-07 17:28:55.723 +09:00 [SESSION=a55c62fd9354] [SEQ=33] [PID=5136] [TID=1] [WARN] [STATION-2] event=LOT_AUTO_PREPARED reason=start_request_before_file_create station=#2 lot="260827-B03" fileName="SOFC_B07" operator="김영희" spec="0.40"
2026-09-07 17:28:55.723 +09:00 [SESSION=a55c62fd9354] [SEQ=34] [PID=5136] [TID=1] [INFO] [STATION-2] event=CYCLE_UI_STARTED cycle=1 startedAt=2026-09-07T17:28:55.7224888+09:00 lot="260827-B03" fileName="SOFC_B07" operator="김영희" spec="0.40"
2026-09-07 17:28:55.723 +09:00 [SESSION=a55c62fd9354] [SEQ=35] [PID=5136] [TID=1] [INFO] [STATION-2] event=CYCLE_STARTED cycle=1 requestDevice=D810 requestValue=1 readTime=2026-09-07T17:28:55.7224888+09:00
2026-09-07 17:28:55.725 +09:00 [SESSION=a55c62fd9354] [SEQ=36] [PID=5136] [TID=1] [INFO] [STATION-2] event=SAMPLE_ACCEPTED cycle=1 sample=1 raw=700 loadKgf=0.700000 readTime=2026-09-07T17:28:55.7224888+09:00
2026-09-07 17:28:55.725 +09:00 [SESSION=a55c62fd9354] [SEQ=37] [PID=5136] [TID=1] [INFO] [STATION-2] event=INSPECTION_EVALUATION_STARTED cycle=1 readerSampleCount=1 uiSampleCount=1 lot="260827-B03" fileName="SOFC_B07" operator="김영희" spec="0.40"
2026-09-07 17:28:55.726 +09:00 [SESSION=a55c62fd9354] [SEQ=38] [PID=5136] [TID=1] [INFO] [STATION-2] event=INSPECTION_EVALUATED cycle=1 verdict=GOOD valid=True peakKgf=0.700000 lowerSpecKgf=0.400000 upperSpecKgf=0.400000 sampleCount=1 inspectionCount=1 passCount=1 failCount=0 yieldPercent=100.00 message="검사 완료: PEAK 0.700 kgf / SPEC 0.400 / GOOD (검사 1, GOOD 1, NG 0, Yield 100.00%)"
2026-09-07 17:28:55.726 +09:00 [SESSION=a55c62fd9354] [SEQ=39] [PID=5136] [TID=1] [INFO] [STATION-2] event=INSPECTION_BUFFERED_IN_MEMORY cycle=1 lot="260827-B03" fileName="SOFC_B07" verdict=GOOD lotInspectionCount=1 sampleCount=1
2026-09-07 17:28:55.726 +09:00 [SESSION=a55c62fd9354] [SEQ=40] [PID=5136] [TID=1] [INFO] [STATION-2] event=CYCLE_ENDED cycle=1 requestDevice=D810 requestValue=0 sampleCount=1 durationMs=3 readTime=2026-09-07T17:28:55.7254804+09:00
2026-09-07 17:28:55.735 +09:00 [SESSION=a55c62fd9354] [SEQ=41] [PID=5136] [TID=1] [INFO] [STATION-1] event=ACQUISITION_STATE_CHANGED from=WAITSTART to=SAVING
2026-09-07 17:28:55.737 +09:00 [SESSION=a55c62fd9354] [SEQ=42] [PID=5136] [TID=1] [INFO] [STATION-1] event=LOT_SAVE_STARTED lot="260827-A01" fileName="SOFC_A12" inspectionCount=2
2026-09-07 17:28:55.748 +09:00 [SESSION=a55c62fd9354] [SEQ=43] [PID=5136] [TID=4] [INFO] [STATION-1] event=LOT_FILE_SAVED lot="260827-A01" inspectionCount=2 sampleCount=2 maximumRawDataCount=1 format=lot_summary_2row_kgf_matrix file="D:\\Works_Updates\\NetSolution\\src\\SOFCMeas\\artifacts\\audit-20260907\\run6\\Data\\PLC1\\2026\\09\\07\\20260907_172855_260827-A01_SOFC_A12.csv"
2026-09-07 17:28:55.751 +09:00 [SESSION=a55c62fd9354] [SEQ=44] [PID=5136] [TID=1] [INFO] [STATION-1] event=LOT_SAVE_COMPLETED lot="260827-A01" inspectionCount=2 remainingMemoryCount=0 file="D:\\Works_Updates\\NetSolution\\src\\SOFCMeas\\artifacts\\audit-20260907\\run6\\Data\\PLC1\\2026\\09\\07\\20260907_172855_260827-A01_SOFC_A12.csv" fileBytes=177
2026-09-07 17:28:55.751 +09:00 [SESSION=a55c62fd9354] [SEQ=45] [PID=5136] [TID=1] [INFO] [STATION-1] event=ACQUISITION_STATE_CHANGED from=SAVING to=WAITSTART
2026-09-07 17:28:55.763 +09:00 [SESSION=a55c62fd9354] [SEQ=46] [PID=5136] [TID=1] [INFO] [STATION-1] event=READER_STOP_REQUESTED cycle=3 cycleActive=False sampleCount=1
2026-09-07 17:28:55.764 +09:00 [SESSION=a55c62fd9354] [SEQ=47] [PID=5136] [TID=1] [INFO] [STATION-1] event=CONNECTION_STATE_CHANGED state=Disconnected endpoint=172.20.9.100:10000
2026-09-07 17:28:55.764 +09:00 [SESSION=a55c62fd9354] [SEQ=48] [PID=5136] [TID=1] [INFO] [STATION-1] event=READER_STOPPED connectionAttempts=0 lastCycle=3 lastSampleCount=1
2026-09-07 17:28:55.764 +09:00 [SESSION=a55c62fd9354] [SEQ=49] [PID=5136] [TID=1] [INFO] [STATION-2] event=READER_STOP_REQUESTED cycle=1 cycleActive=False sampleCount=1
2026-09-07 17:28:55.764 +09:00 [SESSION=a55c62fd9354] [SEQ=50] [PID=5136] [TID=1] [INFO] [STATION-2] event=CONNECTION_STATE_CHANGED state=Disconnected endpoint=172.20.9.101:10000
2026-09-07 17:28:55.764 +09:00 [SESSION=a55c62fd9354] [SEQ=51] [PID=5136] [TID=1] [INFO] [STATION-2] event=READER_STOPPED connectionAttempts=0 lastCycle=1 lastSampleCount=1
