2026-09-07 17:49:57.807 +09:00 [SESSION=1c56caa76a20] [SEQ=1] [PID=15580] [TID=1] [INFO] [APPLICATION] event=STORAGE_INITIALIZED applicationRoot="D:\\Works_Updates\\NetSolution\\src\\SOFCMeas\\artifacts\\fix-20260907\\run2" dataRoot="D:\\Works_Updates\\NetSolution\\src\\SOFCMeas\\artifacts\\fix-20260907\\run2\\Data" logRoot="D:\\Works_Updates\\NetSolution\\src\\SOFCMeas\\artifacts\\fix-20260907\\run2\\log" retentionDays=30 autoDelete=False maxFileMb=20
2026-09-07 17:49:57.813 +09:00 [SESSION=1c56caa76a20] [SEQ=2] [PID=15580] [TID=1] [INFO] [STATION-1] event=PLC_SETTINGS_LOADED station=1 endpoint=127.0.0.1:10000 autoConnect=False pollMs=1000 reconnectMs=2000 timeoutMs=3000 loadScale=1000 maxGraphPoints=0 requestDevice=D810 startValue=1 endValue=0 loadRaw=D801
2026-09-07 17:49:57.815 +09:00 [SESSION=1c56caa76a20] [SEQ=3] [PID=15580] [TID=1] [INFO] [STATION-2] event=PLC_SETTINGS_LOADED station=2 endpoint=127.0.0.1:10000 autoConnect=False pollMs=1000 reconnectMs=2000 timeoutMs=3000 loadScale=1000 maxGraphPoints=0 requestDevice=D810 startValue=1 endValue=0 loadRaw=D801
2026-09-07 17:49:57.817 +09:00 [SESSION=1c56caa76a20] [SEQ=4] [PID=15580] [TID=1] [INFO] [STATION-1] event=PLC_READER_INITIALIZED
2026-09-07 17:49:57.819 +09:00 [SESSION=1c56caa76a20] [SEQ=5] [PID=15580] [TID=1] [INFO] [STATION-2] event=PLC_READER_INITIALIZED
2026-09-07 17:49:57.833 +09:00 [SESSION=1c56caa76a20] [SEQ=6] [PID=15580] [TID=1] [WARN] [STATION-1] event=READER_START_IGNORED reason=already_started
2026-09-07 17:49:57.841 +09:00 [SESSION=1c56caa76a20] [SEQ=7] [PID=15580] [TID=1] [WARN] [STATION-1] event=LOT_AUTO_PREPARED reason=start_request_before_file_create station=#1 lot="260827-A01" fileName="SOFC_A12" operator="홍길동" spec="0.4"
2026-09-07 17:49:57.843 +09:00 [SESSION=1c56caa76a20] [SEQ=8] [PID=15580] [TID=1] [INFO] [STATION-1] event=CYCLE_UI_STARTED cycle=1 startedAt=2026-09-07T17:49:57.8374453+09:00 lot="260827-A01" fileName="SOFC_A12" operator="홍길동" spec="0.4"
2026-09-07 17:49:57.843 +09:00 [SESSION=1c56caa76a20] [SEQ=9] [PID=15580] [TID=1] [INFO] [STATION-1] event=CYCLE_STARTED cycle=1 requestDevice=D810 requestValue=1 readTime=2026-09-07T17:49:57.8374453+09:00
2026-09-07 17:49:57.845 +09:00 [SESSION=1c56caa76a20] [SEQ=10] [PID=15580] [TID=1] [INFO] [STATION-1] event=SAMPLE_ACCEPTED cycle=1 sample=1 raw=500 loadKgf=0.500000 readTime=2026-09-07T17:49:57.8374453+09:00
2026-09-07 17:49:57.849 +09:00 [SESSION=1c56caa76a20] [SEQ=11] [PID=15580] [TID=1] [INFO] [STATION-1] event=INSPECTION_EVALUATION_STARTED cycle=1 readerSampleCount=1 uiSampleCount=1 lot="260827-A01" fileName="SOFC_A12" operator="홍길동" spec="0.4"
2026-09-07 17:49:57.849 +09:00 [SESSION=1c56caa76a20] [SEQ=12] [PID=15580] [TID=1] [INFO] [STATION-1] event=INSPECTION_EVALUATED cycle=1 verdict=GOOD valid=True peakKgf=0.500000 lowerSpecKgf=0.400000 upperSpecKgf=0.400000 sampleCount=1 inspectionCount=1 passCount=1 failCount=0 yieldPercent=100.00 message="검사 완료: PEAK 0.500 kgf / SPEC 0.400 / GOOD (검사 1, GOOD 1, NG 0, Yield 100.00%)"
2026-09-07 17:49:57.851 +09:00 [SESSION=1c56caa76a20] [SEQ=13] [PID=15580] [TID=1] [INFO] [STATION-1] event=INSPECTION_BUFFERED_IN_MEMORY cycle=1 lot="260827-A01" fileName="SOFC_A12" verdict=GOOD lotInspectionCount=1 sampleCount=1
2026-09-07 17:49:57.851 +09:00 [SESSION=1c56caa76a20] [SEQ=14] [PID=15580] [TID=1] [INFO] [STATION-1] event=CYCLE_ENDED cycle=1 requestDevice=D810 requestValue=0 sampleCount=1 durationMs=8 readTime=2026-09-07T17:49:57.8454799+09:00
2026-09-07 17:49:57.851 +09:00 [SESSION=1c56caa76a20] [SEQ=15] [PID=15580] [TID=1] [INFO] [STATION-1] event=CYCLE_UI_STARTED cycle=2 startedAt=2026-09-07T17:49:57.8514819+09:00 lot="260827-A01" fileName="SOFC_A12" operator="홍길동" spec="0.4"
2026-09-07 17:49:57.851 +09:00 [SESSION=1c56caa76a20] [SEQ=16] [PID=15580] [TID=1] [INFO] [STATION-1] event=CYCLE_STARTED cycle=2 requestDevice=D810 requestValue=1 readTime=2026-09-07T17:49:57.8514819+09:00
2026-09-07 17:49:57.853 +09:00 [SESSION=1c56caa76a20] [SEQ=17] [PID=15580] [TID=1] [INFO] [STATION-1] event=SAMPLE_ACCEPTED cycle=2 sample=1 raw=100 loadKgf=0.100000 readTime=2026-09-07T17:49:57.8514819+09:00
2026-09-07 17:49:57.853 +09:00 [SESSION=1c56caa76a20] [SEQ=18] [PID=15580] [TID=1] [INFO] [STATION-1] event=INSPECTION_EVALUATION_STARTED cycle=2 readerSampleCount=1 uiSampleCount=1 lot="260827-A01" fileName="SOFC_A12" operator="홍길동" spec="0.4"
2026-09-07 17:49:57.853 +09:00 [SESSION=1c56caa76a20] [SEQ=19] [PID=15580] [TID=1] [INFO] [STATION-1] event=INSPECTION_EVALUATED cycle=2 verdict=NG valid=True peakKgf=0.100000 lowerSpecKgf=0.400000 upperSpecKgf=0.400000 sampleCount=1 inspectionCount=2 passCount=1 failCount=1 yieldPercent=50.00 message="검사 완료: PEAK 0.100 kgf / SPEC 0.400 / NG (검사 2, GOOD 1, NG 1, Yield 50.00%)"
2026-09-07 17:49:57.853 +09:00 [SESSION=1c56caa76a20] [SEQ=20] [PID=15580] [TID=1] [INFO] [STATION-1] event=INSPECTION_BUFFERED_IN_MEMORY cycle=2 lot="260827-A01" fileName="SOFC_A12" verdict=NG lotInspectionCount=2 sampleCount=1
2026-09-07 17:49:57.853 +09:00 [SESSION=1c56caa76a20] [SEQ=21] [PID=15580] [TID=1] [INFO] [STATION-1] event=CYCLE_ENDED cycle=2 requestDevice=D810 requestValue=0 sampleCount=1 durationMs=2 readTime=2026-09-07T17:49:57.8534796+09:00
2026-09-07 17:49:57.853 +09:00 [SESSION=1c56caa76a20] [SEQ=22] [PID=15580] [TID=1] [INFO] [STATION-1] event=CYCLE_UI_STARTED cycle=3 startedAt=2026-09-07T17:49:57.8534796+09:00 lot="260827-A01" fileName="SOFC_A12" operator="홍길동" spec="0.4"
2026-09-07 17:49:57.853 +09:00 [SESSION=1c56caa76a20] [SEQ=23] [PID=15580] [TID=1] [INFO] [STATION-1] event=CYCLE_STARTED cycle=3 requestDevice=D810 requestValue=1 readTime=2026-09-07T17:49:57.8534796+09:00
2026-09-07 17:49:57.855 +09:00 [SESSION=1c56caa76a20] [SEQ=24] [PID=15580] [TID=1] [INFO] [STATION-1] event=SAMPLE_ACCEPTED cycle=3 sample=1 raw=200 loadKgf=0.200000 readTime=2026-09-07T17:49:57.8534796+09:00
2026-09-07 17:49:57.855 +09:00 [SESSION=1c56caa76a20] [SEQ=25] [PID=15580] [TID=1] [INFO] [STATION-1] event=INSPECTION_EVALUATION_STARTED cycle=3 readerSampleCount=1 uiSampleCount=1 lot="260827-A01" fileName="SOFC_A12" operator="홍길동" spec="0.4"
2026-09-07 17:49:57.855 +09:00 [SESSION=1c56caa76a20] [SEQ=26] [PID=15580] [TID=1] [INFO] [STATION-1] event=INSPECTION_EVALUATED cycle=3 verdict=NG valid=True peakKgf=0.200000 lowerSpecKgf=0.400000 upperSpecKgf=0.400000 sampleCount=1 inspectionCount=3 passCount=1 failCount=2 yieldPercent=33.33 message="검사 완료: PEAK 0.200 kgf / SPEC 0.400 / NG (검사 3, GOOD 1, NG 2, Yield 33.33%)"
2026-09-07 17:49:57.855 +09:00 [SESSION=1c56caa76a20] [SEQ=27] [PID=15580] [TID=1] [INFO] [STATION-1] event=LOT_OLDEST_INSPECTION_REMOVED cycle=3 lot="260827-A01" capacity=2 removedVerdict=GOOD addedVerdict=NG
2026-09-07 17:49:57.855 +09:00 [SESSION=1c56caa76a20] [SEQ=28] [PID=15580] [TID=1] [INFO] [STATION-1] event=INSPECTION_BUFFERED_IN_MEMORY cycle=3 lot="260827-A01" fileName="SOFC_A12" verdict=NG lotInspectionCount=2 sampleCount=1
2026-09-07 17:49:57.855 +09:00 [SESSION=1c56caa76a20] [SEQ=29] [PID=15580] [TID=1] [INFO] [STATION-1] event=CYCLE_ENDED cycle=3 requestDevice=D810 requestValue=0 sampleCount=1 durationMs=2 readTime=2026-09-07T17:49:57.8554470+09:00
2026-09-07 17:49:57.857 +09:00 [SESSION=1c56caa76a20] [SEQ=30] [PID=15580] [TID=1] [WARN] [STATION-2] event=READER_START_IGNORED reason=already_started
2026-09-07 17:49:57.859 +09:00 [SESSION=1c56caa76a20] [SEQ=31] [PID=15580] [TID=1] [WARN] [STATION-2] event=LOT_AUTO_PREPARED reason=start_request_before_file_create station=#2 lot="260827-B03" fileName="SOFC_B07" operator="김영희" spec="0.4"
2026-09-07 17:49:57.861 +09:00 [SESSION=1c56caa76a20] [SEQ=32] [PID=15580] [TID=1] [INFO] [STATION-2] event=CYCLE_UI_STARTED cycle=1 startedAt=2026-09-07T17:49:57.8594460+09:00 lot="260827-B03" fileName="SOFC_B07" operator="김영희" spec="0.4"
2026-09-07 17:49:57.861 +09:00 [SESSION=1c56caa76a20] [SEQ=33] [PID=15580] [TID=1] [INFO] [STATION-2] event=CYCLE_STARTED cycle=1 requestDevice=D810 requestValue=1 readTime=2026-09-07T17:49:57.8594460+09:00
2026-09-07 17:49:57.861 +09:00 [SESSION=1c56caa76a20] [SEQ=34] [PID=15580] [TID=1] [INFO] [STATION-2] event=SAMPLE_ACCEPTED cycle=1 sample=1 raw=700 loadKgf=0.700000 readTime=2026-09-07T17:49:57.8594460+09:00
2026-09-07 17:49:57.861 +09:00 [SESSION=1c56caa76a20] [SEQ=35] [PID=15580] [TID=1] [INFO] [STATION-2] event=INSPECTION_EVALUATION_STARTED cycle=1 readerSampleCount=1 uiSampleCount=1 lot="260827-B03" fileName="SOFC_B07" operator="김영희" spec="0.4"
2026-09-07 17:49:57.861 +09:00 [SESSION=1c56caa76a20] [SEQ=36] [PID=15580] [TID=1] [INFO] [STATION-2] event=INSPECTION_EVALUATED cycle=1 verdict=GOOD valid=True peakKgf=0.700000 lowerSpecKgf=0.400000 upperSpecKgf=0.400000 sampleCount=1 inspectionCount=1 passCount=1 failCount=0 yieldPercent=100.00 message="검사 완료: PEAK 0.700 kgf / SPEC 0.400 / GOOD (검사 1, GOOD 1, NG 0, Yield 100.00%)"
2026-09-07 17:49:57.863 +09:00 [SESSION=1c56caa76a20] [SEQ=37] [PID=15580] [TID=1] [INFO] [STATION-2] event=INSPECTION_BUFFERED_IN_MEMORY cycle=1 lot="260827-B03" fileName="SOFC_B07" verdict=GOOD lotInspectionCount=1 sampleCount=1
2026-09-07 17:49:57.863 +09:00 [SESSION=1c56caa76a20] [SEQ=38] [PID=15580] [TID=1] [INFO] [STATION-2] event=CYCLE_ENDED cycle=1 requestDevice=D810 requestValue=0 sampleCount=1 durationMs=2 readTime=2026-09-07T17:49:57.8614466+09:00
2026-09-07 17:49:57.869 +09:00 [SESSION=1c56caa76a20] [SEQ=39] [PID=15580] [TID=1] [INFO] [STATION-1] event=ACQUISITION_STATE_CHANGED from=WAITSTART to=SAVING
2026-09-07 17:49:57.870 +09:00 [SESSION=1c56caa76a20] [SEQ=40] [PID=15580] [TID=1] [INFO] [STATION-1] event=LOT_SAVE_STARTED lot="260827-A01" fileName="SOFC_A12" inspectionCount=2
2026-09-07 17:49:57.902 +09:00 [SESSION=1c56caa76a20] [SEQ=41] [PID=15580] [TID=4] [INFO] [INSPECTION-STORAGE] event=INSPECTION_INDEX_RECOVERED file="D:\\Works_Updates\\NetSolution\\src\\SOFCMeas\\artifacts\\fix-20260907\\run2\\Data\\PLC1\\2026\\09\\07\\20260907_174957_260827-A01_SOFC_A12.csv"
2026-09-07 17:49:57.902 +09:00 [SESSION=1c56caa76a20] [SEQ=42] [PID=15580] [TID=4] [INFO] [STATION-1] event=LOT_FILE_SAVED lot="260827-A01" inspectionCount=2 sampleCount=2 maximumRawDataCount=1 format=lot_summary_2row_kgf_matrix file="D:\\Works_Updates\\NetSolution\\src\\SOFCMeas\\artifacts\\fix-20260907\\run2\\Data\\PLC1\\2026\\09\\07\\20260907_174957_260827-A01_SOFC_A12.csv"
2026-09-07 17:49:57.914 +09:00 [SESSION=1c56caa76a20] [SEQ=43] [PID=15580] [TID=1] [INFO] [STATION-1] event=LOT_SAVE_COMPLETED lot="260827-A01" inspectionCount=2 remainingMemoryCount=0 file="D:\\Works_Updates\\NetSolution\\src\\SOFCMeas\\artifacts\\fix-20260907\\run2\\Data\\PLC1\\2026\\09\\07\\20260907_174957_260827-A01_SOFC_A12.csv" fileBytes=176
2026-09-07 17:49:57.914 +09:00 [SESSION=1c56caa76a20] [SEQ=44] [PID=15580] [TID=1] [INFO] [STATION-1] event=ACQUISITION_STATE_CHANGED from=SAVING to=WAITSTART
2026-09-07 17:49:57.926 +09:00 [SESSION=1c56caa76a20] [SEQ=45] [PID=15580] [TID=1] [INFO] [STATION-1] event=READER_STOP_REQUESTED cycle=3 cycleActive=False sampleCount=1
2026-09-07 17:49:57.928 +09:00 [SESSION=1c56caa76a20] [SEQ=46] [PID=15580] [TID=1] [INFO] [STATION-1] event=CONNECTION_STATE_CHANGED state=Disconnected endpoint=127.0.0.1:10000
2026-09-07 17:49:57.930 +09:00 [SESSION=1c56caa76a20] [SEQ=47] [PID=15580] [TID=1] [INFO] [STATION-1] event=READER_STOPPED connectionAttempts=0 lastCycle=3 lastSampleCount=1
2026-09-07 17:49:57.930 +09:00 [SESSION=1c56caa76a20] [SEQ=48] [PID=15580] [TID=1] [INFO] [STATION-2] event=READER_STOP_REQUESTED cycle=1 cycleActive=False sampleCount=1
2026-09-07 17:49:57.930 +09:00 [SESSION=1c56caa76a20] [SEQ=49] [PID=15580] [TID=1] [INFO] [STATION-2] event=CONNECTION_STATE_CHANGED state=Disconnected endpoint=127.0.0.1:10000
2026-09-07 17:49:57.930 +09:00 [SESSION=1c56caa76a20] [SEQ=50] [PID=15580] [TID=1] [INFO] [STATION-2] event=READER_STOPPED connectionAttempts=0 lastCycle=1 lastSampleCount=1
2026-09-07 17:50:01.211 +09:00 [SESSION=1c56caa76a20] [SEQ=60] [PID=15580] [TID=1] [INFO] [APPLICATION] event=STORAGE_INITIALIZED applicationRoot="D:\\Works_Updates\\NetSolution\\src\\SOFCMeas\\artifacts\\fix-20260907\\run2" dataRoot="D:\\Works_Updates\\NetSolution\\src\\SOFCMeas\\artifacts\\fix-20260907\\run2\\Data" logRoot="D:\\Works_Updates\\NetSolution\\src\\SOFCMeas\\artifacts\\fix-20260907\\run2\\log" retentionDays=30 autoDelete=False maxFileMb=20
2026-09-07 17:50:01.213 +09:00 [SESSION=1c56caa76a20] [SEQ=61] [PID=15580] [TID=1] [INFO] [STATION-1] event=PLC_SETTINGS_LOADED station=1 endpoint=127.0.0.1:10000 autoConnect=False pollMs=1000 reconnectMs=2000 timeoutMs=3000 loadScale=1000 maxGraphPoints=0 requestDevice=D810 startValue=1 endValue=0 loadRaw=D801
2026-09-07 17:50:01.213 +09:00 [SESSION=1c56caa76a20] [SEQ=62] [PID=15580] [TID=1] [INFO] [STATION-2] event=PLC_SETTINGS_LOADED station=2 endpoint=127.0.0.1:10000 autoConnect=False pollMs=1000 reconnectMs=2000 timeoutMs=3000 loadScale=1000 maxGraphPoints=0 requestDevice=D810 startValue=1 endValue=0 loadRaw=D801
2026-09-07 17:50:01.215 +09:00 [SESSION=1c56caa76a20] [SEQ=63] [PID=15580] [TID=1] [INFO] [STATION-1] event=PLC_READER_INITIALIZED
2026-09-07 17:50:01.215 +09:00 [SESSION=1c56caa76a20] [SEQ=64] [PID=15580] [TID=1] [INFO] [STATION-2] event=PLC_READER_INITIALIZED
2026-09-07 17:50:01.219 +09:00 [SESSION=1c56caa76a20] [SEQ=65] [PID=15580] [TID=1] [INFO] [STATION-1] event=READER_STARTED endpoint=127.0.0.1:2839 pollMs=100 timeoutMs=3000 reconnectMs=2000
2026-09-07 17:50:01.220 +09:00 [SESSION=1c56caa76a20] [SEQ=66] [PID=15580] [TID=4] [INFO] [STATION-1] event=CONNECTION_STATE_CHANGED state=Connecting endpoint=127.0.0.1:2839
2026-09-07 17:50:01.220 +09:00 [SESSION=1c56caa76a20] [SEQ=67] [PID=15580] [TID=4] [INFO] [STATION-1] event=PLC_CONNECT_ATTEMPT attempt=1 endpoint=127.0.0.1:2839
2026-09-07 17:50:01.220 +09:00 [SESSION=1c56caa76a20] [SEQ=68] [PID=15580] [TID=4] [INFO] [STATION-1] event=CONNECTION_STATE_CHANGED state=Connected endpoint=127.0.0.1:2839
2026-09-07 17:50:01.225 +09:00 [SESSION=1c56caa76a20] [SEQ=69] [PID=15580] [TID=4] [INFO] [STATION-1] event=PLC_CONNECTED attempt=1 endpoint=127.0.0.1:2839 connectElapsedMs=1
2026-09-07 17:50:01.226 +09:00 [SESSION=1c56caa76a20] [SEQ=70] [PID=15580] [TID=14] [INFO] [STATION-1] event=PLC_REQUEST_CHANGED signal=END_REQ device=D810 value=0 readTime=2026-09-07T17:50:01.2261066+09:00
2026-09-07 17:50:01.226 +09:00 [SESSION=1c56caa76a20] [SEQ=71] [PID=15580] [TID=14] [INFO] [STATION-1] event=PLC_HEARTBEAT requestDevice=D810 requestValue=0 loadRaw=0 collecting=False cycle=0 sampleCount=0 acquisitionState=WAITSTART
2026-09-07 17:50:01.229 +09:00 [SESSION=1c56caa76a20] [SEQ=72] [PID=15580] [TID=1] [INFO] [STATION-2] event=READER_STARTED endpoint=127.0.0.1:2840 pollMs=100 timeoutMs=3000 reconnectMs=2000
2026-09-07 17:50:01.229 +09:00 [SESSION=1c56caa76a20] [SEQ=73] [PID=15580] [TID=12] [INFO] [STATION-2] event=CONNECTION_STATE_CHANGED state=Connecting endpoint=127.0.0.1:2840
2026-09-07 17:50:01.229 +09:00 [SESSION=1c56caa76a20] [SEQ=74] [PID=15580] [TID=12] [INFO] [STATION-2] event=PLC_CONNECT_ATTEMPT attempt=1 endpoint=127.0.0.1:2840
2026-09-07 17:50:01.230 +09:00 [SESSION=1c56caa76a20] [SEQ=75] [PID=15580] [TID=12] [INFO] [STATION-2] event=CONNECTION_STATE_CHANGED state=Connected endpoint=127.0.0.1:2840
2026-09-07 17:50:01.230 +09:00 [SESSION=1c56caa76a20] [SEQ=76] [PID=15580] [TID=12] [INFO] [STATION-2] event=PLC_CONNECTED attempt=1 endpoint=127.0.0.1:2840 connectElapsedMs=1
2026-09-07 17:50:01.230 +09:00 [SESSION=1c56caa76a20] [SEQ=77] [PID=15580] [TID=19] [INFO] [STATION-2] event=PLC_REQUEST_CHANGED signal=END_REQ device=D810 value=0 readTime=2026-09-07T17:50:01.2300957+09:00
2026-09-07 17:50:01.230 +09:00 [SESSION=1c56caa76a20] [SEQ=78] [PID=15580] [TID=19] [INFO] [STATION-2] event=PLC_HEARTBEAT requestDevice=D810 requestValue=0 loadRaw=0 collecting=False cycle=0 sampleCount=0 acquisitionState=WAITSTART
2026-09-07 17:50:01.332 +09:00 [SESSION=1c56caa76a20] [SEQ=79] [PID=15580] [TID=17] [INFO] [STATION-2] event=PLC_REQUEST_CHANGED signal=START_REQ device=D810 value=1 readTime=2026-09-07T17:50:01.3327634+09:00
2026-09-07 17:50:01.332 +09:00 [SESSION=1c56caa76a20] [SEQ=80] [PID=15580] [TID=17] [INFO] [STATION-2] event=CYCLE_STARTED cycle=1 requestDevice=D810 requestValue=1 readTime=2026-09-07T17:50:01.3327634+09:00
2026-09-07 17:50:01.332 +09:00 [SESSION=1c56caa76a20] [SEQ=81] [PID=15580] [TID=17] [INFO] [STATION-2] event=SAMPLE_ACCEPTED cycle=1 sample=1 raw=300 loadKgf=0.300000 readTime=2026-09-07T17:50:01.3327634+09:00
2026-09-07 17:50:01.332 +09:00 [SESSION=1c56caa76a20] [SEQ=82] [PID=15580] [TID=16] [INFO] [STATION-1] event=PLC_REQUEST_CHANGED signal=START_REQ device=D810 value=1 readTime=2026-09-07T17:50:01.3327634+09:00
2026-09-07 17:50:01.334 +09:00 [SESSION=1c56caa76a20] [SEQ=83] [PID=15580] [TID=16] [INFO] [STATION-1] event=CYCLE_STARTED cycle=1 requestDevice=D810 requestValue=1 readTime=2026-09-07T17:50:01.3327634+09:00
2026-09-07 17:50:01.334 +09:00 [SESSION=1c56caa76a20] [SEQ=84] [PID=15580] [TID=16] [INFO] [STATION-1] event=SAMPLE_ACCEPTED cycle=1 sample=1 raw=500 loadKgf=0.500000 readTime=2026-09-07T17:50:01.3327634+09:00
2026-09-07 17:50:01.334 +09:00 [SESSION=1c56caa76a20] [SEQ=85] [PID=15580] [TID=1] [WARN] [STATION-2] event=LOT_AUTO_PREPARED reason=start_request_before_file_create station=#2 lot="260827-B03" fileName="SOFC_B07" operator="김영희" spec="0.4"
2026-09-07 17:50:01.336 +09:00 [SESSION=1c56caa76a20] [SEQ=86] [PID=15580] [TID=1] [INFO] [STATION-2] event=CYCLE_UI_STARTED cycle=1 startedAt=2026-09-07T17:50:01.3327634+09:00 lot="260827-B03" fileName="SOFC_B07" operator="김영희" spec="0.4"
2026-09-07 17:50:01.336 +09:00 [SESSION=1c56caa76a20] [SEQ=87] [PID=15580] [TID=1] [WARN] [STATION-1] event=LOT_AUTO_PREPARED reason=start_request_before_file_create station=#1 lot="260827-A01" fileName="SOFC_A12" operator="홍길동" spec="0.4"
2026-09-07 17:50:01.336 +09:00 [SESSION=1c56caa76a20] [SEQ=88] [PID=15580] [TID=1] [INFO] [STATION-1] event=CYCLE_UI_STARTED cycle=1 startedAt=2026-09-07T17:50:01.3327634+09:00 lot="260827-A01" fileName="SOFC_A12" operator="홍길동" spec="0.4"
2026-09-07 17:50:01.440 +09:00 [SESSION=1c56caa76a20] [SEQ=89] [PID=15580] [TID=18] [INFO] [STATION-2] event=SAMPLE_ACCEPTED cycle=1 sample=2 raw=300 loadKgf=0.300000 readTime=2026-09-07T17:50:01.4407090+09:00
2026-09-07 17:50:01.440 +09:00 [SESSION=1c56caa76a20] [SEQ=90] [PID=15580] [TID=16] [INFO] [STATION-1] event=SAMPLE_ACCEPTED cycle=1 sample=2 raw=500 loadKgf=0.500000 readTime=2026-09-07T17:50:01.4407090+09:00
2026-09-07 17:50:01.553 +09:00 [SESSION=1c56caa76a20] [SEQ=91] [PID=15580] [TID=16] [INFO] [STATION-2] event=SAMPLE_ACCEPTED cycle=1 sample=3 raw=300 loadKgf=0.300000 readTime=2026-09-07T17:50:01.5536689+09:00
2026-09-07 17:50:01.553 +09:00 [SESSION=1c56caa76a20] [SEQ=92] [PID=15580] [TID=19] [INFO] [STATION-1] event=SAMPLE_ACCEPTED cycle=1 sample=3 raw=500 loadKgf=0.500000 readTime=2026-09-07T17:50:01.5536689+09:00
2026-09-07 17:50:01.661 +09:00 [SESSION=1c56caa76a20] [SEQ=93] [PID=15580] [TID=14] [INFO] [STATION-2] event=PLC_REQUEST_CHANGED signal=END_REQ device=D810 value=0 readTime=2026-09-07T17:50:01.6616785+09:00
2026-09-07 17:50:01.661 +09:00 [SESSION=1c56caa76a20] [SEQ=94] [PID=15580] [TID=14] [INFO] [STATION-2] event=CYCLE_ENDED cycle=1 requestDevice=D810 requestValue=0 sampleCount=3 durationMs=329 readTime=2026-09-07T17:50:01.6616785+09:00
2026-09-07 17:50:01.661 +09:00 [SESSION=1c56caa76a20] [SEQ=95] [PID=15580] [TID=17] [INFO] [STATION-1] event=PLC_REQUEST_CHANGED signal=END_REQ device=D810 value=0 readTime=2026-09-07T17:50:01.6616785+09:00
2026-09-07 17:50:01.661 +09:00 [SESSION=1c56caa76a20] [SEQ=96] [PID=15580] [TID=17] [INFO] [STATION-1] event=CYCLE_ENDED cycle=1 requestDevice=D810 requestValue=0 sampleCount=3 durationMs=329 readTime=2026-09-07T17:50:01.6616785+09:00
2026-09-07 17:50:01.673 +09:00 [SESSION=1c56caa76a20] [SEQ=97] [PID=15580] [TID=1] [INFO] [STATION-2] event=INSPECTION_EVALUATION_STARTED cycle=1 readerSampleCount=3 uiSampleCount=3 lot="260827-B03" fileName="SOFC_B07" operator="김영희" spec="0.4"
2026-09-07 17:50:01.673 +09:00 [SESSION=1c56caa76a20] [SEQ=98] [PID=15580] [TID=1] [INFO] [STATION-2] event=INSPECTION_EVALUATED cycle=1 verdict=NG valid=True peakKgf=0.300000 lowerSpecKgf=0.400000 upperSpecKgf=0.400000 sampleCount=3 inspectionCount=1 passCount=0 failCount=1 yieldPercent=0.00 message="검사 완료: PEAK 0.300 kgf / SPEC 0.400 / NG (검사 1, GOOD 0, NG 1, Yield 0.00%)"
2026-09-07 17:50:01.673 +09:00 [SESSION=1c56caa76a20] [SEQ=99] [PID=15580] [TID=1] [INFO] [STATION-2] event=INSPECTION_BUFFERED_IN_MEMORY cycle=1 lot="260827-B03" fileName="SOFC_B07" verdict=NG lotInspectionCount=1 sampleCount=3
2026-09-07 17:50:01.673 +09:00 [SESSION=1c56caa76a20] [SEQ=100] [PID=15580] [TID=1] [INFO] [STATION-2] event=ACQUISITION_STATE_CHANGED from=EVALUATING to=WAITSTART
2026-09-07 17:50:01.675 +09:00 [SESSION=1c56caa76a20] [SEQ=101] [PID=15580] [TID=1] [INFO] [STATION-1] event=INSPECTION_EVALUATION_STARTED cycle=1 readerSampleCount=3 uiSampleCount=3 lot="260827-A01" fileName="SOFC_A12" operator="홍길동" spec="0.4"
2026-09-07 17:50:01.677 +09:00 [SESSION=1c56caa76a20] [SEQ=102] [PID=15580] [TID=1] [INFO] [STATION-1] event=INSPECTION_EVALUATED cycle=1 verdict=GOOD valid=True peakKgf=0.500000 lowerSpecKgf=0.400000 upperSpecKgf=0.400000 sampleCount=3 inspectionCount=1 passCount=1 failCount=0 yieldPercent=100.00 message="검사 완료: PEAK 0.500 kgf / SPEC 0.400 / GOOD (검사 1, GOOD 1, NG 0, Yield 100.00%)"
2026-09-07 17:50:01.677 +09:00 [SESSION=1c56caa76a20] [SEQ=103] [PID=15580] [TID=1] [INFO] [STATION-1] event=INSPECTION_BUFFERED_IN_MEMORY cycle=1 lot="260827-A01" fileName="SOFC_A12" verdict=GOOD lotInspectionCount=1 sampleCount=3
2026-09-07 17:50:01.677 +09:00 [SESSION=1c56caa76a20] [SEQ=104] [PID=15580] [TID=1] [INFO] [STATION-1] event=ACQUISITION_STATE_CHANGED from=EVALUATING to=WAITSTART
2026-09-07 17:50:01.768 +09:00 [SESSION=1c56caa76a20] [SEQ=105] [PID=15580] [TID=16] [INFO] [STATION-1] event=PLC_REQUEST_CHANGED signal=END_REQ device=D810 value=0 readTime=2026-09-07T17:50:01.7689768+09:00
2026-09-07 17:50:01.768 +09:00 [SESSION=1c56caa76a20] [SEQ=106] [PID=15580] [TID=17] [INFO] [STATION-2] event=PLC_REQUEST_CHANGED signal=END_REQ device=D810 value=0 readTime=2026-09-07T17:50:01.7689768+09:00
2026-09-07 17:50:01.990 +09:00 [SESSION=1c56caa76a20] [SEQ=107] [PID=15580] [TID=19] [INFO] [STATION-1] event=PLC_REQUEST_CHANGED signal=START_REQ device=D810 value=1 readTime=2026-09-07T17:50:01.9903535+09:00
2026-09-07 17:50:01.990 +09:00 [SESSION=1c56caa76a20] [SEQ=108] [PID=15580] [TID=19] [INFO] [STATION-1] event=CYCLE_STARTED cycle=2 requestDevice=D810 requestValue=1 readTime=2026-09-07T17:50:01.9903535+09:00
2026-09-07 17:50:01.990 +09:00 [SESSION=1c56caa76a20] [SEQ=109] [PID=15580] [TID=19] [INFO] [STATION-1] event=SAMPLE_ACCEPTED cycle=2 sample=1 raw=600 loadKgf=0.600000 readTime=2026-09-07T17:50:01.9903535+09:00
2026-09-07 17:50:01.998 +09:00 [SESSION=1c56caa76a20] [SEQ=110] [PID=15580] [TID=1] [INFO] [STATION-1] event=CYCLE_UI_STARTED cycle=2 startedAt=2026-09-07T17:50:01.9903535+09:00 lot="260827-A01" fileName="SOFC_A12" operator="홍길동" spec="0.4"
2026-09-07 17:50:02.100 +09:00 [SESSION=1c56caa76a20] [SEQ=111] [PID=15580] [TID=19] [INFO] [STATION-1] event=SAMPLE_ACCEPTED cycle=2 sample=2 raw=600 loadKgf=0.600000 readTime=2026-09-07T17:50:02.1004834+09:00
2026-09-07 17:50:02.208 +09:00 [SESSION=1c56caa76a20] [SEQ=112] [PID=15580] [TID=14] [INFO] [STATION-1] event=PLC_REQUEST_CHANGED signal=END_REQ device=D810 value=0 readTime=2026-09-07T17:50:02.2084066+09:00
2026-09-07 17:50:02.208 +09:00 [SESSION=1c56caa76a20] [SEQ=113] [PID=15580] [TID=14] [INFO] [STATION-1] event=CYCLE_ENDED cycle=2 requestDevice=D810 requestValue=0 sampleCount=2 durationMs=218 readTime=2026-09-07T17:50:02.2084066+09:00
2026-09-07 17:50:02.216 +09:00 [SESSION=1c56caa76a20] [SEQ=114] [PID=15580] [TID=1] [INFO] [STATION-1] event=INSPECTION_EVALUATION_STARTED cycle=2 readerSampleCount=2 uiSampleCount=2 lot="260827-A01" fileName="SOFC_A12" operator="홍길동" spec="0.4"
2026-09-07 17:50:02.217 +09:00 [SESSION=1c56caa76a20] [SEQ=115] [PID=15580] [TID=1] [INFO] [STATION-1] event=INSPECTION_EVALUATED cycle=2 verdict=GOOD valid=True peakKgf=0.600000 lowerSpecKgf=0.400000 upperSpecKgf=0.400000 sampleCount=2 inspectionCount=2 passCount=2 failCount=0 yieldPercent=100.00 message="검사 완료: PEAK 0.600 kgf / SPEC 0.400 / GOOD (검사 2, GOOD 2, NG 0, Yield 100.00%)"
2026-09-07 17:50:02.217 +09:00 [SESSION=1c56caa76a20] [SEQ=116] [PID=15580] [TID=1] [INFO] [STATION-1] event=INSPECTION_BUFFERED_IN_MEMORY cycle=2 lot="260827-A01" fileName="SOFC_A12" verdict=GOOD lotInspectionCount=2 sampleCount=2
2026-09-07 17:50:02.217 +09:00 [SESSION=1c56caa76a20] [SEQ=117] [PID=15580] [TID=1] [INFO] [STATION-1] event=ACQUISITION_STATE_CHANGED from=EVALUATING to=WAITSTART
2026-09-07 17:50:02.229 +09:00 [SESSION=1c56caa76a20] [SEQ=118] [PID=15580] [TID=1] [INFO] [STATION-1] event=ACQUISITION_STATE_CHANGED from=WAITSTART to=SAVING
2026-09-07 17:50:02.229 +09:00 [SESSION=1c56caa76a20] [SEQ=119] [PID=15580] [TID=1] [INFO] [STATION-1] event=LOT_SAVE_STARTED lot="EDITED-LOT" fileName="EDITED-MODEL" inspectionCount=2
2026-09-07 17:50:02.316 +09:00 [SESSION=1c56caa76a20] [SEQ=120] [PID=15580] [TID=17] [INFO] [STATION-1] event=PLC_START_IGNORED state=SAVING requestDevice=D810 requestValue=1
2026-09-07 17:50:02.654 +09:00 [SESSION=1c56caa76a20] [SEQ=121] [PID=15580] [TID=12] [INFO] [INSPECTION-STORAGE] event=INSPECTION_INDEX_RECOVERED file="D:\\Works_Updates\\NetSolution\\src\\SOFCMeas\\artifacts\\fix-20260907\\run2\\Data\\PLC1\\2026\\09\\07\\20260907_175002_EDITED-LOT_EDITED-MODEL.csv"
2026-09-07 17:50:02.654 +09:00 [SESSION=1c56caa76a20] [SEQ=122] [PID=15580] [TID=12] [INFO] [STATION-1] event=LOT_FILE_SAVED lot="EDITED-LOT" inspectionCount=2 sampleCount=5 maximumRawDataCount=3 format=lot_summary_2row_kgf_matrix file="D:\\Works_Updates\\NetSolution\\src\\SOFCMeas\\artifacts\\fix-20260907\\run2\\Data\\PLC1\\2026\\09\\07\\20260907_175002_EDITED-LOT_EDITED-MODEL.csv"
2026-09-07 17:50:02.658 +09:00 [SESSION=1c56caa76a20] [SEQ=123] [PID=15580] [TID=1] [INFO] [STATION-1] event=LOT_SAVE_COMPLETED lot="EDITED-LOT" inspectionCount=2 remainingMemoryCount=0 file="D:\\Works_Updates\\NetSolution\\src\\SOFCMeas\\artifacts\\fix-20260907\\run2\\Data\\PLC1\\2026\\09\\07\\20260907_175002_EDITED-LOT_EDITED-MODEL.csv" fileBytes=215
2026-09-07 17:50:02.658 +09:00 [SESSION=1c56caa76a20] [SEQ=124] [PID=15580] [TID=1] [INFO] [STATION-1] event=ACQUISITION_STATE_CHANGED from=SAVING to=WAITSTART
2026-09-07 17:50:02.753 +09:00 [SESSION=1c56caa76a20] [SEQ=125] [PID=15580] [TID=18] [INFO] [STATION-1] event=PLC_REQUEST_CHANGED signal=START_REQ device=D810 value=1 readTime=2026-09-07T17:50:02.7534769+09:00
2026-09-07 17:50:02.753 +09:00 [SESSION=1c56caa76a20] [SEQ=126] [PID=15580] [TID=18] [INFO] [STATION-1] event=CYCLE_STARTED cycle=3 requestDevice=D810 requestValue=1 readTime=2026-09-07T17:50:02.7534769+09:00
2026-09-07 17:50:02.753 +09:00 [SESSION=1c56caa76a20] [SEQ=127] [PID=15580] [TID=18] [INFO] [STATION-1] event=SAMPLE_ACCEPTED cycle=3 sample=1 raw=600 loadKgf=0.600000 readTime=2026-09-07T17:50:02.7534769+09:00
2026-09-07 17:50:02.759 +09:00 [SESSION=1c56caa76a20] [SEQ=128] [PID=15580] [TID=1] [WARN] [STATION-1] event=LOT_AUTO_PREPARED reason=start_request_before_file_create station=#1 lot="NEXT-LOT" fileName="NEXT-MODEL" operator="NEXT-OPERATOR" spec="0.4"
2026-09-07 17:50:02.759 +09:00 [SESSION=1c56caa76a20] [SEQ=129] [PID=15580] [TID=1] [INFO] [STATION-1] event=CYCLE_UI_STARTED cycle=3 startedAt=2026-09-07T17:50:02.7534769+09:00 lot="NEXT-LOT" fileName="NEXT-MODEL" operator="NEXT-OPERATOR" spec="0.4"
2026-09-07 17:50:02.771 +09:00 [SESSION=1c56caa76a20] [SEQ=130] [PID=15580] [TID=1] [INFO] [STATION-1] event=READER_STOP_REQUESTED cycle=3 cycleActive=True sampleCount=1
2026-09-07 17:50:02.771 +09:00 [SESSION=1c56caa76a20] [SEQ=131] [PID=15580] [TID=11] [INFO] [STATION-1] event=PLC_CONNECTION_CLOSED attempt=1 cancellationRequested=True
2026-09-07 17:50:02.771 +09:00 [SESSION=1c56caa76a20] [SEQ=132] [PID=15580] [TID=1] [INFO] [STATION-1] event=CONNECTION_STATE_CHANGED state=Disconnected endpoint=127.0.0.1:2839
2026-09-07 17:50:02.771 +09:00 [SESSION=1c56caa76a20] [SEQ=133] [PID=15580] [TID=1] [INFO] [STATION-1] event=READER_STOPPED connectionAttempts=1 lastCycle=3 lastSampleCount=1
2026-09-07 17:50:02.771 +09:00 [SESSION=1c56caa76a20] [SEQ=134] [PID=15580] [TID=1] [INFO] [STATION-2] event=READER_STOP_REQUESTED cycle=1 cycleActive=False sampleCount=3
2026-09-07 17:50:02.771 +09:00 [SESSION=1c56caa76a20] [SEQ=135] [PID=15580] [TID=4] [INFO] [STATION-2] event=PLC_CONNECTION_CLOSED attempt=1 cancellationRequested=True
2026-09-07 17:50:02.771 +09:00 [SESSION=1c56caa76a20] [SEQ=136] [PID=15580] [TID=1] [INFO] [STATION-2] event=CONNECTION_STATE_CHANGED state=Disconnected endpoint=127.0.0.1:2840
2026-09-07 17:50:02.773 +09:00 [SESSION=1c56caa76a20] [SEQ=137] [PID=15580] [TID=1] [INFO] [STATION-2] event=READER_STOPPED connectionAttempts=1 lastCycle=1 lastSampleCount=3
