2026-09-07 17:24:59.712 +09:00 [SESSION=b55678d5d115] [SEQ=1] [PID=17600] [TID=1] [INFO] [APPLICATION] event=STORAGE_INITIALIZED applicationRoot="D:\\Works_Updates\\NetSolution\\src\\SOFCMeas\\artifacts\\audit-20260907\\run2" dataRoot="D:\\Works_Updates\\NetSolution\\src\\SOFCMeas\\artifacts\\audit-20260907\\run2\\Data" logRoot="D:\\Works_Updates\\NetSolution\\src\\SOFCMeas\\artifacts\\audit-20260907\\run2\\log" retentionDays=30 autoDelete=False maxFileMb=20
2026-09-07 17:24:59.738 +09:00 [SESSION=b55678d5d115] [SEQ=2] [PID=17600] [TID=1] [INFO] [STATION-1] event=PLC_SETTINGS_LOADED station=1 endpoint=172.20.9.100:10000 autoConnect=False pollMs=1000 reconnectMs=2000 timeoutMs=3000 loadScale=1000 maxGraphPoints=0 requestDevice=D810 startValue=1 endValue=0 loadRaw=D801
2026-09-07 17:24:59.739 +09:00 [SESSION=b55678d5d115] [SEQ=3] [PID=17600] [TID=1] [INFO] [STATION-2] event=PLC_SETTINGS_LOADED station=2 endpoint=172.20.9.101:10000 autoConnect=False pollMs=1000 reconnectMs=2000 timeoutMs=3000 loadScale=1000 maxGraphPoints=0 requestDevice=D810 startValue=1 endValue=0 loadRaw=D801
2026-09-07 17:24:59.742 +09:00 [SESSION=b55678d5d115] [SEQ=4] [PID=17600] [TID=1] [INFO] [STATION-1] event=PLC_READER_INITIALIZED
2026-09-07 17:24:59.742 +09:00 [SESSION=b55678d5d115] [SEQ=5] [PID=17600] [TID=1] [INFO] [STATION-2] event=PLC_READER_INITIALIZED
2026-09-07 17:24:59.761 +09:00 [SESSION=b55678d5d115] [SEQ=6] [PID=17600] [TID=1] [INFO] [STATION-1] event=CONNECTION_STATE_CHANGED state=Disconnected endpoint=172.20.9.100:10000
2026-09-07 17:24:59.766 +09:00 [SESSION=b55678d5d115] [SEQ=7] [PID=17600] [TID=1] [WARN] [STATION-1] event=AUTO_CONNECT_DISABLED autoConnect=false
2026-09-07 17:24:59.808 +09:00 [SESSION=b55678d5d115] [SEQ=8] [PID=17600] [TID=1] [WARN] [STATION-1] event=LOT_AUTO_PREPARED reason=start_request_before_file_create station=#1 lot="260827-A01" fileName="SOFC_A12" operator="홍길동" spec="0.40"
2026-09-07 17:24:59.809 +09:00 [SESSION=b55678d5d115] [SEQ=9] [PID=17600] [TID=1] [INFO] [STATION-1] event=CYCLE_UI_STARTED cycle=1 startedAt=2026-09-07T17:24:59.7827398+09:00 lot="260827-A01" fileName="SOFC_A12" operator="홍길동" spec="0.40"
2026-09-07 17:24:59.809 +09:00 [SESSION=b55678d5d115] [SEQ=10] [PID=17600] [TID=1] [INFO] [STATION-1] event=CYCLE_STARTED cycle=1 requestDevice=D810 requestValue=1 readTime=2026-09-07T17:24:59.7827398+09:00
2026-09-07 17:24:59.811 +09:00 [SESSION=b55678d5d115] [SEQ=11] [PID=17600] [TID=1] [INFO] [STATION-1] event=SAMPLE_ACCEPTED cycle=1 sample=1 raw=500 loadKgf=0.500000 readTime=2026-09-07T17:24:59.7827398+09:00
2026-09-07 17:24:59.818 +09:00 [SESSION=b55678d5d115] [SEQ=12] [PID=17600] [TID=1] [INFO] [STATION-1] event=INSPECTION_EVALUATION_STARTED cycle=1 readerSampleCount=1 uiSampleCount=1 lot="260827-A01" fileName="SOFC_A12" operator="홍길동" spec="0.40"
2026-09-07 17:24:59.822 +09:00 [SESSION=b55678d5d115] [SEQ=13] [PID=17600] [TID=1] [INFO] [STATION-1] event=INSPECTION_EVALUATED cycle=1 verdict=GOOD valid=True peakKgf=0.500000 lowerSpecKgf=0.400000 upperSpecKgf=0.400000 sampleCount=1 inspectionCount=1 passCount=1 failCount=0 yieldPercent=100.00 message="검사 완료: PEAK 0.500 kgf / SPEC 0.400 / GOOD (검사 1, GOOD 1, NG 0, Yield 100.00%)"
2026-09-07 17:24:59.825 +09:00 [SESSION=b55678d5d115] [SEQ=14] [PID=17600] [TID=1] [INFO] [STATION-1] event=INSPECTION_BUFFERED_IN_MEMORY cycle=1 lot="260827-A01" fileName="SOFC_A12" verdict=GOOD lotInspectionCount=1 sampleCount=1
2026-09-07 17:24:59.826 +09:00 [SESSION=b55678d5d115] [SEQ=15] [PID=17600] [TID=1] [INFO] [STATION-1] event=CYCLE_ENDED cycle=1 requestDevice=D810 requestValue=0 sampleCount=1 durationMs=31 readTime=2026-09-07T17:24:59.8135767+09:00
2026-09-07 17:24:59.827 +09:00 [SESSION=b55678d5d115] [SEQ=16] [PID=17600] [TID=1] [INFO] [STATION-1] event=CYCLE_UI_STARTED cycle=2 startedAt=2026-09-07T17:24:59.8272286+09:00 lot="260827-A01" fileName="SOFC_A12" operator="홍길동" spec="0.40"
2026-09-07 17:24:59.827 +09:00 [SESSION=b55678d5d115] [SEQ=17] [PID=17600] [TID=1] [INFO] [STATION-1] event=CYCLE_STARTED cycle=2 requestDevice=D810 requestValue=1 readTime=2026-09-07T17:24:59.8272286+09:00
2026-09-07 17:24:59.828 +09:00 [SESSION=b55678d5d115] [SEQ=18] [PID=17600] [TID=1] [INFO] [STATION-1] event=SAMPLE_ACCEPTED cycle=2 sample=1 raw=100 loadKgf=0.100000 readTime=2026-09-07T17:24:59.8272286+09:00
2026-09-07 17:24:59.830 +09:00 [SESSION=b55678d5d115] [SEQ=19] [PID=17600] [TID=1] [INFO] [STATION-1] event=INSPECTION_EVALUATION_STARTED cycle=2 readerSampleCount=1 uiSampleCount=1 lot="260827-A01" fileName="SOFC_A12" operator="홍길동" spec="0.40"
2026-09-07 17:24:59.830 +09:00 [SESSION=b55678d5d115] [SEQ=20] [PID=17600] [TID=1] [INFO] [STATION-1] event=INSPECTION_EVALUATED cycle=2 verdict=NG valid=True peakKgf=0.100000 lowerSpecKgf=0.400000 upperSpecKgf=0.400000 sampleCount=1 inspectionCount=2 passCount=1 failCount=1 yieldPercent=50.00 message="검사 완료: PEAK 0.100 kgf / SPEC 0.400 / NG (검사 2, GOOD 1, NG 1, Yield 50.00%)"
2026-09-07 17:24:59.832 +09:00 [SESSION=b55678d5d115] [SEQ=21] [PID=17600] [TID=1] [INFO] [STATION-1] event=INSPECTION_BUFFERED_IN_MEMORY cycle=2 lot="260827-A01" fileName="SOFC_A12" verdict=NG lotInspectionCount=2 sampleCount=1
2026-09-07 17:24:59.832 +09:00 [SESSION=b55678d5d115] [SEQ=22] [PID=17600] [TID=1] [INFO] [STATION-1] event=CYCLE_ENDED cycle=2 requestDevice=D810 requestValue=0 sampleCount=1 durationMs=1 readTime=2026-09-07T17:24:59.8282785+09:00
2026-09-07 17:24:59.832 +09:00 [SESSION=b55678d5d115] [SEQ=23] [PID=17600] [TID=1] [INFO] [STATION-1] event=CYCLE_UI_STARTED cycle=3 startedAt=2026-09-07T17:24:59.8322715+09:00 lot="260827-A01" fileName="SOFC_A12" operator="홍길동" spec="0.40"
2026-09-07 17:24:59.832 +09:00 [SESSION=b55678d5d115] [SEQ=24] [PID=17600] [TID=1] [INFO] [STATION-1] event=CYCLE_STARTED cycle=3 requestDevice=D810 requestValue=1 readTime=2026-09-07T17:24:59.8322715+09:00
2026-09-07 17:24:59.834 +09:00 [SESSION=b55678d5d115] [SEQ=25] [PID=17600] [TID=1] [INFO] [STATION-1] event=SAMPLE_ACCEPTED cycle=3 sample=1 raw=200 loadKgf=0.200000 readTime=2026-09-07T17:24:59.8322715+09:00
2026-09-07 17:24:59.834 +09:00 [SESSION=b55678d5d115] [SEQ=26] [PID=17600] [TID=1] [INFO] [STATION-1] event=INSPECTION_EVALUATION_STARTED cycle=3 readerSampleCount=1 uiSampleCount=1 lot="260827-A01" fileName="SOFC_A12" operator="홍길동" spec="0.40"
2026-09-07 17:24:59.834 +09:00 [SESSION=b55678d5d115] [SEQ=27] [PID=17600] [TID=1] [INFO] [STATION-1] event=INSPECTION_EVALUATED cycle=3 verdict=NG valid=True peakKgf=0.200000 lowerSpecKgf=0.400000 upperSpecKgf=0.400000 sampleCount=1 inspectionCount=3 passCount=1 failCount=2 yieldPercent=33.33 message="검사 완료: PEAK 0.200 kgf / SPEC 0.400 / NG (검사 3, GOOD 1, NG 2, Yield 33.33%)"
2026-09-07 17:24:59.844 +09:00 [SESSION=b55678d5d115] [SEQ=28] [PID=17600] [TID=1] [INFO] [STATION-1] event=LOT_OLDEST_INSPECTION_REMOVED cycle=3 lot="260827-A01" capacity=2 removedVerdict=GOOD addedVerdict=NG
2026-09-07 17:24:59.844 +09:00 [SESSION=b55678d5d115] [SEQ=29] [PID=17600] [TID=1] [INFO] [STATION-1] event=INSPECTION_BUFFERED_IN_MEMORY cycle=3 lot="260827-A01" fileName="SOFC_A12" verdict=NG lotInspectionCount=2 sampleCount=1
2026-09-07 17:24:59.844 +09:00 [SESSION=b55678d5d115] [SEQ=30] [PID=17600] [TID=1] [INFO] [STATION-1] event=CYCLE_ENDED cycle=3 requestDevice=D810 requestValue=0 sampleCount=1 durationMs=2 readTime=2026-09-07T17:24:59.8343049+09:00
2026-09-07 17:24:59.856 +09:00 [SESSION=b55678d5d115] [SEQ=31] [PID=17600] [TID=1] [INFO] [STATION-1] event=ACQUISITION_STATE_CHANGED from=WAITSTART to=SAVING
2026-09-07 17:24:59.857 +09:00 [SESSION=b55678d5d115] [SEQ=32] [PID=17600] [TID=1] [INFO] [STATION-1] event=LOT_SAVE_STARTED lot="260827-A01" fileName="SOFC_A12" inspectionCount=2
2026-09-07 17:24:59.872 +09:00 [SESSION=b55678d5d115] [SEQ=33] [PID=17600] [TID=4] [INFO] [STATION-1] event=LOT_FILE_SAVED lot="260827-A01" inspectionCount=2 sampleCount=2 maximumRawDataCount=1 format=lot_summary_2row_kgf_matrix file="D:\\Works_Updates\\NetSolution\\src\\SOFCMeas\\artifacts\\audit-20260907\\run2\\Data\\PLC1\\2026\\09\\07\\20260907_172459_260827-A01_SOFC_A12.csv"
2026-09-07 17:24:59.883 +09:00 [SESSION=b55678d5d115] [SEQ=34] [PID=17600] [TID=1] [INFO] [STATION-1] event=LOT_SAVE_COMPLETED lot="260827-A01" inspectionCount=2 remainingMemoryCount=0 file="D:\\Works_Updates\\NetSolution\\src\\SOFCMeas\\artifacts\\audit-20260907\\run2\\Data\\PLC1\\2026\\09\\07\\20260907_172459_260827-A01_SOFC_A12.csv" fileBytes=177
2026-09-07 17:24:59.884 +09:00 [SESSION=b55678d5d115] [SEQ=35] [PID=17600] [TID=1] [INFO] [STATION-1] event=ACQUISITION_STATE_CHANGED from=SAVING to=WAITSTART
2026-09-07 17:24:59.899 +09:00 [SESSION=b55678d5d115] [SEQ=36] [PID=17600] [TID=1] [INFO] [STATION-1] event=READER_STOP_REQUESTED cycle=3 cycleActive=False sampleCount=1
2026-09-07 17:24:59.899 +09:00 [SESSION=b55678d5d115] [SEQ=37] [PID=17600] [TID=1] [INFO] [STATION-1] event=CONNECTION_STATE_CHANGED state=Disconnected endpoint=172.20.9.100:10000
2026-09-07 17:24:59.899 +09:00 [SESSION=b55678d5d115] [SEQ=38] [PID=17600] [TID=1] [INFO] [STATION-1] event=READER_STOPPED connectionAttempts=0 lastCycle=3 lastSampleCount=1
2026-09-07 17:24:59.899 +09:00 [SESSION=b55678d5d115] [SEQ=39] [PID=17600] [TID=1] [INFO] [STATION-2] event=READER_STOP_REQUESTED cycle=0 cycleActive=False sampleCount=0
2026-09-07 17:24:59.899 +09:00 [SESSION=b55678d5d115] [SEQ=40] [PID=17600] [TID=1] [INFO] [STATION-2] event=CONNECTION_STATE_CHANGED state=Disconnected endpoint=172.20.9.101:10000
2026-09-07 17:24:59.900 +09:00 [SESSION=b55678d5d115] [SEQ=41] [PID=17600] [TID=1] [INFO] [STATION-2] event=READER_STOPPED connectionAttempts=0 lastCycle=0 lastSampleCount=0
