2026-09-07 17:47:33.509 +09:00 [SESSION=32a9d7b74f0e] [SEQ=1] [PID=12136] [TID=1] [INFO] [APPLICATION] event=STORAGE_INITIALIZED applicationRoot="D:\\Works_Updates\\NetSolution\\src\\SOFCMeas\\artifacts\\fix-20260907\\run1" dataRoot="D:\\Works_Updates\\NetSolution\\src\\SOFCMeas\\artifacts\\fix-20260907\\run1\\Data" logRoot="D:\\Works_Updates\\NetSolution\\src\\SOFCMeas\\artifacts\\fix-20260907\\run1\\log" retentionDays=30 autoDelete=False maxFileMb=20
2026-09-07 17:47:33.517 +09:00 [SESSION=32a9d7b74f0e] [SEQ=2] [PID=12136] [TID=1] [INFO] [STATION-1] event=PLC_SETTINGS_LOADED station=1 endpoint=127.0.0.1:10000 autoConnect=False pollMs=1000 reconnectMs=2000 timeoutMs=3000 loadScale=1000 maxGraphPoints=0 requestDevice=D810 startValue=1 endValue=0 loadRaw=D801
2026-09-07 17:47:33.517 +09:00 [SESSION=32a9d7b74f0e] [SEQ=3] [PID=12136] [TID=1] [INFO] [STATION-2] event=PLC_SETTINGS_LOADED station=2 endpoint=127.0.0.1:10000 autoConnect=False pollMs=1000 reconnectMs=2000 timeoutMs=3000 loadScale=1000 maxGraphPoints=0 requestDevice=D810 startValue=1 endValue=0 loadRaw=D801
2026-09-07 17:47:33.521 +09:00 [SESSION=32a9d7b74f0e] [SEQ=4] [PID=12136] [TID=1] [INFO] [STATION-1] event=PLC_READER_INITIALIZED
2026-09-07 17:47:33.521 +09:00 [SESSION=32a9d7b74f0e] [SEQ=5] [PID=12136] [TID=1] [INFO] [STATION-2] event=PLC_READER_INITIALIZED
2026-09-07 17:47:33.537 +09:00 [SESSION=32a9d7b74f0e] [SEQ=6] [PID=12136] [TID=1] [WARN] [STATION-1] event=READER_START_IGNORED reason=already_started
2026-09-07 17:47:33.545 +09:00 [SESSION=32a9d7b74f0e] [SEQ=7] [PID=12136] [TID=1] [WARN] [STATION-1] event=LOT_AUTO_PREPARED reason=start_request_before_file_create station=#1 lot="260827-A01" fileName="SOFC_A12" operator="홍길동" spec="0.4"
2026-09-07 17:47:33.545 +09:00 [SESSION=32a9d7b74f0e] [SEQ=8] [PID=12136] [TID=1] [INFO] [STATION-1] event=CYCLE_UI_STARTED cycle=1 startedAt=2026-09-07T17:47:33.5393451+09:00 lot="260827-A01" fileName="SOFC_A12" operator="홍길동" spec="0.4"
2026-09-07 17:47:33.545 +09:00 [SESSION=32a9d7b74f0e] [SEQ=9] [PID=12136] [TID=1] [INFO] [STATION-1] event=CYCLE_STARTED cycle=1 requestDevice=D810 requestValue=1 readTime=2026-09-07T17:47:33.5393451+09:00
2026-09-07 17:47:33.547 +09:00 [SESSION=32a9d7b74f0e] [SEQ=10] [PID=12136] [TID=1] [INFO] [STATION-1] event=SAMPLE_ACCEPTED cycle=1 sample=1 raw=500 loadKgf=0.500000 readTime=2026-09-07T17:47:33.5393451+09:00
2026-09-07 17:47:33.551 +09:00 [SESSION=32a9d7b74f0e] [SEQ=11] [PID=12136] [TID=1] [INFO] [STATION-1] event=INSPECTION_EVALUATION_STARTED cycle=1 readerSampleCount=1 uiSampleCount=1 lot="260827-A01" fileName="SOFC_A12" operator="홍길동" spec="0.4"
2026-09-07 17:47:33.553 +09:00 [SESSION=32a9d7b74f0e] [SEQ=12] [PID=12136] [TID=1] [INFO] [STATION-1] event=INSPECTION_EVALUATED cycle=1 verdict=GOOD valid=True peakKgf=0.500000 lowerSpecKgf=0.400000 upperSpecKgf=0.400000 sampleCount=1 inspectionCount=1 passCount=1 failCount=0 yieldPercent=100.00 message="검사 완료: PEAK 0.500 kgf / SPEC 0.400 / GOOD (검사 1, GOOD 1, NG 0, Yield 100.00%)"
2026-09-07 17:47:33.555 +09:00 [SESSION=32a9d7b74f0e] [SEQ=13] [PID=12136] [TID=1] [INFO] [STATION-1] event=INSPECTION_BUFFERED_IN_MEMORY cycle=1 lot="260827-A01" fileName="SOFC_A12" verdict=GOOD lotInspectionCount=1 sampleCount=1
2026-09-07 17:47:33.555 +09:00 [SESSION=32a9d7b74f0e] [SEQ=14] [PID=12136] [TID=1] [INFO] [STATION-1] event=CYCLE_ENDED cycle=1 requestDevice=D810 requestValue=0 sampleCount=1 durationMs=10 readTime=2026-09-07T17:47:33.5493443+09:00
2026-09-07 17:47:33.555 +09:00 [SESSION=32a9d7b74f0e] [SEQ=15] [PID=12136] [TID=1] [INFO] [STATION-1] event=CYCLE_UI_STARTED cycle=2 startedAt=2026-09-07T17:47:33.5553439+09:00 lot="260827-A01" fileName="SOFC_A12" operator="홍길동" spec="0.4"
2026-09-07 17:47:33.555 +09:00 [SESSION=32a9d7b74f0e] [SEQ=16] [PID=12136] [TID=1] [INFO] [STATION-1] event=CYCLE_STARTED cycle=2 requestDevice=D810 requestValue=1 readTime=2026-09-07T17:47:33.5553439+09:00
2026-09-07 17:47:33.557 +09:00 [SESSION=32a9d7b74f0e] [SEQ=17] [PID=12136] [TID=1] [INFO] [STATION-1] event=SAMPLE_ACCEPTED cycle=2 sample=1 raw=100 loadKgf=0.100000 readTime=2026-09-07T17:47:33.5553439+09:00
2026-09-07 17:47:33.557 +09:00 [SESSION=32a9d7b74f0e] [SEQ=18] [PID=12136] [TID=1] [INFO] [STATION-1] event=INSPECTION_EVALUATION_STARTED cycle=2 readerSampleCount=1 uiSampleCount=1 lot="260827-A01" fileName="SOFC_A12" operator="홍길동" spec="0.4"
2026-09-07 17:47:33.557 +09:00 [SESSION=32a9d7b74f0e] [SEQ=19] [PID=12136] [TID=1] [INFO] [STATION-1] event=INSPECTION_EVALUATED cycle=2 verdict=NG valid=True peakKgf=0.100000 lowerSpecKgf=0.400000 upperSpecKgf=0.400000 sampleCount=1 inspectionCount=2 passCount=1 failCount=1 yieldPercent=50.00 message="검사 완료: PEAK 0.100 kgf / SPEC 0.400 / NG (검사 2, GOOD 1, NG 1, Yield 50.00%)"
2026-09-07 17:47:33.557 +09:00 [SESSION=32a9d7b74f0e] [SEQ=20] [PID=12136] [TID=1] [INFO] [STATION-1] event=INSPECTION_BUFFERED_IN_MEMORY cycle=2 lot="260827-A01" fileName="SOFC_A12" verdict=NG lotInspectionCount=2 sampleCount=1
2026-09-07 17:47:33.557 +09:00 [SESSION=32a9d7b74f0e] [SEQ=21] [PID=12136] [TID=1] [INFO] [STATION-1] event=CYCLE_ENDED cycle=2 requestDevice=D810 requestValue=0 sampleCount=1 durationMs=2 readTime=2026-09-07T17:47:33.5573441+09:00
2026-09-07 17:47:33.557 +09:00 [SESSION=32a9d7b74f0e] [SEQ=22] [PID=12136] [TID=1] [INFO] [STATION-1] event=CYCLE_UI_STARTED cycle=3 startedAt=2026-09-07T17:47:33.5573441+09:00 lot="260827-A01" fileName="SOFC_A12" operator="홍길동" spec="0.4"
2026-09-07 17:47:33.559 +09:00 [SESSION=32a9d7b74f0e] [SEQ=23] [PID=12136] [TID=1] [INFO] [STATION-1] event=CYCLE_STARTED cycle=3 requestDevice=D810 requestValue=1 readTime=2026-09-07T17:47:33.5573441+09:00
2026-09-07 17:47:33.559 +09:00 [SESSION=32a9d7b74f0e] [SEQ=24] [PID=12136] [TID=1] [INFO] [STATION-1] event=SAMPLE_ACCEPTED cycle=3 sample=1 raw=200 loadKgf=0.200000 readTime=2026-09-07T17:47:33.5573441+09:00
2026-09-07 17:47:33.559 +09:00 [SESSION=32a9d7b74f0e] [SEQ=25] [PID=12136] [TID=1] [INFO] [STATION-1] event=INSPECTION_EVALUATION_STARTED cycle=3 readerSampleCount=1 uiSampleCount=1 lot="260827-A01" fileName="SOFC_A12" operator="홍길동" spec="0.4"
2026-09-07 17:47:33.559 +09:00 [SESSION=32a9d7b74f0e] [SEQ=26] [PID=12136] [TID=1] [INFO] [STATION-1] event=INSPECTION_EVALUATED cycle=3 verdict=NG valid=True peakKgf=0.200000 lowerSpecKgf=0.400000 upperSpecKgf=0.400000 sampleCount=1 inspectionCount=3 passCount=1 failCount=2 yieldPercent=33.33 message="검사 완료: PEAK 0.200 kgf / SPEC 0.400 / NG (검사 3, GOOD 1, NG 2, Yield 33.33%)"
2026-09-07 17:47:33.559 +09:00 [SESSION=32a9d7b74f0e] [SEQ=27] [PID=12136] [TID=1] [INFO] [STATION-1] event=LOT_OLDEST_INSPECTION_REMOVED cycle=3 lot="260827-A01" capacity=2 removedVerdict=GOOD addedVerdict=NG
2026-09-07 17:47:33.561 +09:00 [SESSION=32a9d7b74f0e] [SEQ=28] [PID=12136] [TID=1] [INFO] [STATION-1] event=INSPECTION_BUFFERED_IN_MEMORY cycle=3 lot="260827-A01" fileName="SOFC_A12" verdict=NG lotInspectionCount=2 sampleCount=1
2026-09-07 17:47:33.561 +09:00 [SESSION=32a9d7b74f0e] [SEQ=29] [PID=12136] [TID=1] [INFO] [STATION-1] event=CYCLE_ENDED cycle=3 requestDevice=D810 requestValue=0 sampleCount=1 durationMs=2 readTime=2026-09-07T17:47:33.5593447+09:00
2026-09-07 17:47:33.561 +09:00 [SESSION=32a9d7b74f0e] [SEQ=30] [PID=12136] [TID=1] [WARN] [STATION-2] event=READER_START_IGNORED reason=already_started
2026-09-07 17:47:33.565 +09:00 [SESSION=32a9d7b74f0e] [SEQ=31] [PID=12136] [TID=1] [WARN] [STATION-2] event=LOT_AUTO_PREPARED reason=start_request_before_file_create station=#2 lot="260827-B03" fileName="SOFC_B07" operator="김영희" spec="0.4"
2026-09-07 17:47:33.565 +09:00 [SESSION=32a9d7b74f0e] [SEQ=32] [PID=12136] [TID=1] [INFO] [STATION-2] event=CYCLE_UI_STARTED cycle=1 startedAt=2026-09-07T17:47:33.5653440+09:00 lot="260827-B03" fileName="SOFC_B07" operator="김영희" spec="0.4"
2026-09-07 17:47:33.565 +09:00 [SESSION=32a9d7b74f0e] [SEQ=33] [PID=12136] [TID=1] [INFO] [STATION-2] event=CYCLE_STARTED cycle=1 requestDevice=D810 requestValue=1 readTime=2026-09-07T17:47:33.5653440+09:00
2026-09-07 17:47:33.567 +09:00 [SESSION=32a9d7b74f0e] [SEQ=34] [PID=12136] [TID=1] [INFO] [STATION-2] event=SAMPLE_ACCEPTED cycle=1 sample=1 raw=700 loadKgf=0.700000 readTime=2026-09-07T17:47:33.5653440+09:00
2026-09-07 17:47:33.567 +09:00 [SESSION=32a9d7b74f0e] [SEQ=35] [PID=12136] [TID=1] [INFO] [STATION-2] event=INSPECTION_EVALUATION_STARTED cycle=1 readerSampleCount=1 uiSampleCount=1 lot="260827-B03" fileName="SOFC_B07" operator="김영희" spec="0.4"
2026-09-07 17:47:33.567 +09:00 [SESSION=32a9d7b74f0e] [SEQ=36] [PID=12136] [TID=1] [INFO] [STATION-2] event=INSPECTION_EVALUATED cycle=1 verdict=GOOD valid=True peakKgf=0.700000 lowerSpecKgf=0.400000 upperSpecKgf=0.400000 sampleCount=1 inspectionCount=1 passCount=1 failCount=0 yieldPercent=100.00 message="검사 완료: PEAK 0.700 kgf / SPEC 0.400 / GOOD (검사 1, GOOD 1, NG 0, Yield 100.00%)"
2026-09-07 17:47:33.567 +09:00 [SESSION=32a9d7b74f0e] [SEQ=37] [PID=12136] [TID=1] [INFO] [STATION-2] event=INSPECTION_BUFFERED_IN_MEMORY cycle=1 lot="260827-B03" fileName="SOFC_B07" verdict=GOOD lotInspectionCount=1 sampleCount=1
2026-09-07 17:47:33.567 +09:00 [SESSION=32a9d7b74f0e] [SEQ=38] [PID=12136] [TID=1] [INFO] [STATION-2] event=CYCLE_ENDED cycle=1 requestDevice=D810 requestValue=0 sampleCount=1 durationMs=2 readTime=2026-09-07T17:47:33.5673438+09:00
2026-09-07 17:47:33.575 +09:00 [SESSION=32a9d7b74f0e] [SEQ=39] [PID=12136] [TID=1] [INFO] [STATION-1] event=ACQUISITION_STATE_CHANGED from=WAITSTART to=SAVING
2026-09-07 17:47:33.575 +09:00 [SESSION=32a9d7b74f0e] [SEQ=40] [PID=12136] [TID=1] [INFO] [STATION-1] event=LOT_SAVE_STARTED lot="260827-A01" fileName="SOFC_A12" inspectionCount=2
2026-09-07 17:47:33.587 +09:00 [SESSION=32a9d7b74f0e] [SEQ=41] [PID=12136] [TID=4] [INFO] [INSPECTION-STORAGE] event=INSPECTION_INDEX_RECOVERED file="D:\\Works_Updates\\NetSolution\\src\\SOFCMeas\\artifacts\\fix-20260907\\run1\\Data\\PLC1\\2026\\09\\07\\20260907_174733_260827-A01_SOFC_A12.csv"
2026-09-07 17:47:33.587 +09:00 [SESSION=32a9d7b74f0e] [SEQ=42] [PID=12136] [TID=4] [INFO] [STATION-1] event=LOT_FILE_SAVED lot="260827-A01" inspectionCount=2 sampleCount=2 maximumRawDataCount=1 format=lot_summary_2row_kgf_matrix file="D:\\Works_Updates\\NetSolution\\src\\SOFCMeas\\artifacts\\fix-20260907\\run1\\Data\\PLC1\\2026\\09\\07\\20260907_174733_260827-A01_SOFC_A12.csv"
2026-09-07 17:47:33.589 +09:00 [SESSION=32a9d7b74f0e] [SEQ=43] [PID=12136] [TID=1] [INFO] [STATION-1] event=LOT_SAVE_COMPLETED lot="260827-A01" inspectionCount=2 remainingMemoryCount=0 file="D:\\Works_Updates\\NetSolution\\src\\SOFCMeas\\artifacts\\fix-20260907\\run1\\Data\\PLC1\\2026\\09\\07\\20260907_174733_260827-A01_SOFC_A12.csv" fileBytes=176
2026-09-07 17:47:33.589 +09:00 [SESSION=32a9d7b74f0e] [SEQ=44] [PID=12136] [TID=1] [INFO] [STATION-1] event=ACQUISITION_STATE_CHANGED from=SAVING to=WAITSTART
2026-09-07 17:47:33.603 +09:00 [SESSION=32a9d7b74f0e] [SEQ=45] [PID=12136] [TID=1] [INFO] [STATION-1] event=READER_STOP_REQUESTED cycle=3 cycleActive=False sampleCount=1
2026-09-07 17:47:33.604 +09:00 [SESSION=32a9d7b74f0e] [SEQ=46] [PID=12136] [TID=1] [INFO] [STATION-1] event=CONNECTION_STATE_CHANGED state=Disconnected endpoint=127.0.0.1:10000
2026-09-07 17:47:33.606 +09:00 [SESSION=32a9d7b74f0e] [SEQ=47] [PID=12136] [TID=1] [INFO] [STATION-1] event=READER_STOPPED connectionAttempts=0 lastCycle=3 lastSampleCount=1
2026-09-07 17:47:33.606 +09:00 [SESSION=32a9d7b74f0e] [SEQ=48] [PID=12136] [TID=1] [INFO] [STATION-2] event=READER_STOP_REQUESTED cycle=1 cycleActive=False sampleCount=1
2026-09-07 17:47:33.606 +09:00 [SESSION=32a9d7b74f0e] [SEQ=49] [PID=12136] [TID=1] [INFO] [STATION-2] event=CONNECTION_STATE_CHANGED state=Disconnected endpoint=127.0.0.1:10000
2026-09-07 17:47:33.606 +09:00 [SESSION=32a9d7b74f0e] [SEQ=50] [PID=12136] [TID=1] [INFO] [STATION-2] event=READER_STOPPED connectionAttempts=0 lastCycle=1 lastSampleCount=1
2026-09-07 17:47:36.840 +09:00 [SESSION=32a9d7b74f0e] [SEQ=60] [PID=12136] [TID=1] [INFO] [APPLICATION] event=STORAGE_INITIALIZED applicationRoot="D:\\Works_Updates\\NetSolution\\src\\SOFCMeas\\artifacts\\fix-20260907\\run1" dataRoot="D:\\Works_Updates\\NetSolution\\src\\SOFCMeas\\artifacts\\fix-20260907\\run1\\Data" logRoot="D:\\Works_Updates\\NetSolution\\src\\SOFCMeas\\artifacts\\fix-20260907\\run1\\log" retentionDays=30 autoDelete=False maxFileMb=20
2026-09-07 17:47:36.841 +09:00 [SESSION=32a9d7b74f0e] [SEQ=61] [PID=12136] [TID=1] [INFO] [STATION-1] event=PLC_SETTINGS_LOADED station=1 endpoint=127.0.0.1:10000 autoConnect=False pollMs=1000 reconnectMs=2000 timeoutMs=3000 loadScale=1000 maxGraphPoints=0 requestDevice=D810 startValue=1 endValue=0 loadRaw=D801
2026-09-07 17:47:36.841 +09:00 [SESSION=32a9d7b74f0e] [SEQ=62] [PID=12136] [TID=1] [INFO] [STATION-2] event=PLC_SETTINGS_LOADED station=2 endpoint=127.0.0.1:10000 autoConnect=False pollMs=1000 reconnectMs=2000 timeoutMs=3000 loadScale=1000 maxGraphPoints=0 requestDevice=D810 startValue=1 endValue=0 loadRaw=D801
2026-09-07 17:47:36.843 +09:00 [SESSION=32a9d7b74f0e] [SEQ=63] [PID=12136] [TID=1] [INFO] [STATION-1] event=PLC_READER_INITIALIZED
2026-09-07 17:47:36.843 +09:00 [SESSION=32a9d7b74f0e] [SEQ=64] [PID=12136] [TID=1] [INFO] [STATION-2] event=PLC_READER_INITIALIZED
2026-09-07 17:47:36.849 +09:00 [SESSION=32a9d7b74f0e] [SEQ=65] [PID=12136] [TID=1] [INFO] [STATION-1] event=READER_STARTED endpoint=127.0.0.1:2820 pollMs=100 timeoutMs=3000 reconnectMs=2000
2026-09-07 17:47:36.849 +09:00 [SESSION=32a9d7b74f0e] [SEQ=66] [PID=12136] [TID=13] [INFO] [STATION-1] event=CONNECTION_STATE_CHANGED state=Connecting endpoint=127.0.0.1:2820
2026-09-07 17:47:36.849 +09:00 [SESSION=32a9d7b74f0e] [SEQ=67] [PID=12136] [TID=13] [INFO] [STATION-1] event=PLC_CONNECT_ATTEMPT attempt=1 endpoint=127.0.0.1:2820
2026-09-07 17:47:36.849 +09:00 [SESSION=32a9d7b74f0e] [SEQ=68] [PID=12136] [TID=13] [INFO] [STATION-1] event=CONNECTION_STATE_CHANGED state=Connected endpoint=127.0.0.1:2820
2026-09-07 17:47:36.854 +09:00 [SESSION=32a9d7b74f0e] [SEQ=69] [PID=12136] [TID=13] [INFO] [STATION-1] event=PLC_CONNECTED attempt=1 endpoint=127.0.0.1:2820 connectElapsedMs=5
2026-09-07 17:47:36.855 +09:00 [SESSION=32a9d7b74f0e] [SEQ=70] [PID=12136] [TID=15] [INFO] [STATION-1] event=PLC_REQUEST_CHANGED signal=END_REQ device=D810 value=0 readTime=2026-09-07T17:47:36.8551125+09:00
2026-09-07 17:47:36.855 +09:00 [SESSION=32a9d7b74f0e] [SEQ=71] [PID=12136] [TID=15] [INFO] [STATION-1] event=PLC_HEARTBEAT requestDevice=D810 requestValue=0 loadRaw=0 collecting=False cycle=0 sampleCount=0 acquisitionState=WAITSTART
2026-09-07 17:47:36.856 +09:00 [SESSION=32a9d7b74f0e] [SEQ=72] [PID=12136] [TID=1] [INFO] [STATION-2] event=READER_STARTED endpoint=127.0.0.1:2821 pollMs=100 timeoutMs=3000 reconnectMs=2000
2026-09-07 17:47:36.857 +09:00 [SESSION=32a9d7b74f0e] [SEQ=73] [PID=12136] [TID=10] [INFO] [STATION-2] event=CONNECTION_STATE_CHANGED state=Connecting endpoint=127.0.0.1:2821
2026-09-07 17:47:36.857 +09:00 [SESSION=32a9d7b74f0e] [SEQ=74] [PID=12136] [TID=10] [INFO] [STATION-2] event=PLC_CONNECT_ATTEMPT attempt=1 endpoint=127.0.0.1:2821
2026-09-07 17:47:36.857 +09:00 [SESSION=32a9d7b74f0e] [SEQ=75] [PID=12136] [TID=10] [INFO] [STATION-2] event=CONNECTION_STATE_CHANGED state=Connected endpoint=127.0.0.1:2821
2026-09-07 17:47:36.858 +09:00 [SESSION=32a9d7b74f0e] [SEQ=76] [PID=12136] [TID=10] [INFO] [STATION-2] event=PLC_CONNECTED attempt=1 endpoint=127.0.0.1:2821 connectElapsedMs=2
2026-09-07 17:47:36.858 +09:00 [SESSION=32a9d7b74f0e] [SEQ=77] [PID=12136] [TID=15] [INFO] [STATION-2] event=PLC_REQUEST_CHANGED signal=END_REQ device=D810 value=0 readTime=2026-09-07T17:47:36.8581029+09:00
2026-09-07 17:47:36.858 +09:00 [SESSION=32a9d7b74f0e] [SEQ=78] [PID=12136] [TID=15] [INFO] [STATION-2] event=PLC_HEARTBEAT requestDevice=D810 requestValue=0 loadRaw=0 collecting=False cycle=0 sampleCount=0 acquisitionState=WAITSTART
2026-09-07 17:47:36.956 +09:00 [SESSION=32a9d7b74f0e] [SEQ=79] [PID=12136] [TID=15] [INFO] [STATION-1] event=PLC_REQUEST_CHANGED signal=START_REQ device=D810 value=1 readTime=2026-09-07T17:47:36.9569820+09:00
2026-09-07 17:47:36.956 +09:00 [SESSION=32a9d7b74f0e] [SEQ=80] [PID=12136] [TID=15] [INFO] [STATION-1] event=CYCLE_STARTED cycle=1 requestDevice=D810 requestValue=1 readTime=2026-09-07T17:47:36.9569820+09:00
2026-09-07 17:47:36.956 +09:00 [SESSION=32a9d7b74f0e] [SEQ=81] [PID=12136] [TID=15] [INFO] [STATION-1] event=SAMPLE_ACCEPTED cycle=1 sample=1 raw=500 loadKgf=0.500000 readTime=2026-09-07T17:47:36.9569820+09:00
2026-09-07 17:47:36.968 +09:00 [SESSION=32a9d7b74f0e] [SEQ=82] [PID=12136] [TID=1] [WARN] [STATION-1] event=LOT_AUTO_PREPARED reason=start_request_before_file_create station=#1 lot="260827-A01" fileName="SOFC_A12" operator="홍길동" spec="0.4"
2026-09-07 17:47:36.968 +09:00 [SESSION=32a9d7b74f0e] [SEQ=83] [PID=12136] [TID=1] [INFO] [STATION-1] event=CYCLE_UI_STARTED cycle=1 startedAt=2026-09-07T17:47:36.9569820+09:00 lot="260827-A01" fileName="SOFC_A12" operator="홍길동" spec="0.4"
2026-09-07 17:47:36.972 +09:00 [SESSION=32a9d7b74f0e] [SEQ=84] [PID=12136] [TID=15] [INFO] [STATION-2] event=PLC_REQUEST_CHANGED signal=START_REQ device=D810 value=1 readTime=2026-09-07T17:47:36.9727803+09:00
2026-09-07 17:47:36.972 +09:00 [SESSION=32a9d7b74f0e] [SEQ=85] [PID=12136] [TID=15] [INFO] [STATION-2] event=CYCLE_STARTED cycle=1 requestDevice=D810 requestValue=1 readTime=2026-09-07T17:47:36.9727803+09:00
2026-09-07 17:47:36.972 +09:00 [SESSION=32a9d7b74f0e] [SEQ=86] [PID=12136] [TID=15] [INFO] [STATION-2] event=SAMPLE_ACCEPTED cycle=1 sample=1 raw=300 loadKgf=0.300000 readTime=2026-09-07T17:47:36.9727803+09:00
2026-09-07 17:47:36.982 +09:00 [SESSION=32a9d7b74f0e] [SEQ=87] [PID=12136] [TID=1] [WARN] [STATION-2] event=LOT_AUTO_PREPARED reason=start_request_before_file_create station=#2 lot="260827-B03" fileName="SOFC_B07" operator="김영희" spec="0.4"
2026-09-07 17:47:36.984 +09:00 [SESSION=32a9d7b74f0e] [SEQ=88] [PID=12136] [TID=1] [INFO] [STATION-2] event=CYCLE_UI_STARTED cycle=1 startedAt=2026-09-07T17:47:36.9727803+09:00 lot="260827-B03" fileName="SOFC_B07" operator="김영희" spec="0.4"
2026-09-07 17:47:37.063 +09:00 [SESSION=32a9d7b74f0e] [SEQ=89] [PID=12136] [TID=18] [INFO] [STATION-1] event=SAMPLE_ACCEPTED cycle=1 sample=2 raw=500 loadKgf=0.500000 readTime=2026-09-07T17:47:37.0639048+09:00
2026-09-07 17:47:37.084 +09:00 [SESSION=32a9d7b74f0e] [SEQ=90] [PID=12136] [TID=15] [INFO] [STATION-2] event=SAMPLE_ACCEPTED cycle=1 sample=2 raw=300 loadKgf=0.300000 readTime=2026-09-07T17:47:37.0844683+09:00
2026-09-07 17:47:37.173 +09:00 [SESSION=32a9d7b74f0e] [SEQ=91] [PID=12136] [TID=18] [INFO] [STATION-1] event=SAMPLE_ACCEPTED cycle=1 sample=3 raw=500 loadKgf=0.500000 readTime=2026-09-07T17:47:37.1734576+09:00
2026-09-07 17:47:37.198 +09:00 [SESSION=32a9d7b74f0e] [SEQ=92] [PID=12136] [TID=19] [INFO] [STATION-2] event=SAMPLE_ACCEPTED cycle=1 sample=3 raw=300 loadKgf=0.300000 readTime=2026-09-07T17:47:37.1981323+09:00
2026-09-07 17:47:37.273 +09:00 [SESSION=32a9d7b74f0e] [SEQ=93] [PID=12136] [TID=15] [INFO] [STATION-1] event=PLC_REQUEST_CHANGED signal=END_REQ device=D810 value=0 readTime=2026-09-07T17:47:37.2734485+09:00
2026-09-07 17:47:37.273 +09:00 [SESSION=32a9d7b74f0e] [SEQ=94] [PID=12136] [TID=15] [INFO] [STATION-1] event=CYCLE_ENDED cycle=1 requestDevice=D810 requestValue=0 sampleCount=3 durationMs=316 readTime=2026-09-07T17:47:37.2734485+09:00
2026-09-07 17:47:37.277 +09:00 [SESSION=32a9d7b74f0e] [SEQ=95] [PID=12136] [TID=1] [INFO] [STATION-1] event=INSPECTION_EVALUATION_STARTED cycle=1 readerSampleCount=3 uiSampleCount=3 lot="260827-A01" fileName="SOFC_A12" operator="홍길동" spec="0.4"
2026-09-07 17:47:37.277 +09:00 [SESSION=32a9d7b74f0e] [SEQ=96] [PID=12136] [TID=1] [INFO] [STATION-1] event=INSPECTION_EVALUATED cycle=1 verdict=GOOD valid=True peakKgf=0.500000 lowerSpecKgf=0.400000 upperSpecKgf=0.400000 sampleCount=3 inspectionCount=1 passCount=1 failCount=0 yieldPercent=100.00 message="검사 완료: PEAK 0.500 kgf / SPEC 0.400 / GOOD (검사 1, GOOD 1, NG 0, Yield 100.00%)"
2026-09-07 17:47:37.277 +09:00 [SESSION=32a9d7b74f0e] [SEQ=97] [PID=12136] [TID=1] [INFO] [STATION-1] event=INSPECTION_BUFFERED_IN_MEMORY cycle=1 lot="260827-A01" fileName="SOFC_A12" verdict=GOOD lotInspectionCount=1 sampleCount=3
2026-09-07 17:47:37.277 +09:00 [SESSION=32a9d7b74f0e] [SEQ=98] [PID=12136] [TID=1] [INFO] [STATION-1] event=ACQUISITION_STATE_CHANGED from=EVALUATING to=WAITSTART
2026-09-07 17:47:37.299 +09:00 [SESSION=32a9d7b74f0e] [SEQ=99] [PID=12136] [TID=19] [INFO] [STATION-2] event=PLC_REQUEST_CHANGED signal=END_REQ device=D810 value=0 readTime=2026-09-07T17:47:37.2994372+09:00
2026-09-07 17:47:37.299 +09:00 [SESSION=32a9d7b74f0e] [SEQ=100] [PID=12136] [TID=19] [INFO] [STATION-2] event=CYCLE_ENDED cycle=1 requestDevice=D810 requestValue=0 sampleCount=3 durationMs=327 readTime=2026-09-07T17:47:37.2994372+09:00
2026-09-07 17:47:37.301 +09:00 [SESSION=32a9d7b74f0e] [SEQ=101] [PID=12136] [TID=1] [INFO] [STATION-2] event=INSPECTION_EVALUATION_STARTED cycle=1 readerSampleCount=3 uiSampleCount=3 lot="260827-B03" fileName="SOFC_B07" operator="김영희" spec="0.4"
2026-09-07 17:47:37.301 +09:00 [SESSION=32a9d7b74f0e] [SEQ=102] [PID=12136] [TID=1] [INFO] [STATION-2] event=INSPECTION_EVALUATED cycle=1 verdict=NG valid=True peakKgf=0.300000 lowerSpecKgf=0.400000 upperSpecKgf=0.400000 sampleCount=3 inspectionCount=1 passCount=0 failCount=1 yieldPercent=0.00 message="검사 완료: PEAK 0.300 kgf / SPEC 0.400 / NG (검사 1, GOOD 0, NG 1, Yield 0.00%)"
2026-09-07 17:47:37.301 +09:00 [SESSION=32a9d7b74f0e] [SEQ=103] [PID=12136] [TID=1] [INFO] [STATION-2] event=INSPECTION_BUFFERED_IN_MEMORY cycle=1 lot="260827-B03" fileName="SOFC_B07" verdict=NG lotInspectionCount=1 sampleCount=3
2026-09-07 17:47:37.301 +09:00 [SESSION=32a9d7b74f0e] [SEQ=104] [PID=12136] [TID=1] [INFO] [STATION-2] event=ACQUISITION_STATE_CHANGED from=EVALUATING to=WAITSTART
2026-09-07 17:47:37.387 +09:00 [SESSION=32a9d7b74f0e] [SEQ=105] [PID=12136] [TID=18] [INFO] [STATION-1] event=PLC_REQUEST_CHANGED signal=END_REQ device=D810 value=0 readTime=2026-09-07T17:47:37.3871731+09:00
2026-09-07 17:47:37.399 +09:00 [SESSION=32a9d7b74f0e] [SEQ=106] [PID=12136] [TID=15] [INFO] [STATION-2] event=PLC_REQUEST_CHANGED signal=END_REQ device=D810 value=0 readTime=2026-09-07T17:47:37.3991019+09:00
2026-09-07 17:47:37.589 +09:00 [SESSION=32a9d7b74f0e] [SEQ=107] [PID=12136] [TID=18] [INFO] [STATION-1] event=PLC_REQUEST_CHANGED signal=START_REQ device=D810 value=1 readTime=2026-09-07T17:47:37.5898460+09:00
2026-09-07 17:47:37.589 +09:00 [SESSION=32a9d7b74f0e] [SEQ=108] [PID=12136] [TID=18] [INFO] [STATION-1] event=CYCLE_STARTED cycle=2 requestDevice=D810 requestValue=1 readTime=2026-09-07T17:47:37.5898460+09:00
2026-09-07 17:47:37.589 +09:00 [SESSION=32a9d7b74f0e] [SEQ=109] [PID=12136] [TID=18] [INFO] [STATION-1] event=SAMPLE_ACCEPTED cycle=2 sample=1 raw=600 loadKgf=0.600000 readTime=2026-09-07T17:47:37.5898460+09:00
2026-09-07 17:47:37.601 +09:00 [SESSION=32a9d7b74f0e] [SEQ=110] [PID=12136] [TID=1] [INFO] [STATION-1] event=CYCLE_UI_STARTED cycle=2 startedAt=2026-09-07T17:47:37.5898460+09:00 lot="260827-A01" fileName="SOFC_A12" operator="홍길동" spec="0.4"
2026-09-07 17:47:37.689 +09:00 [SESSION=32a9d7b74f0e] [SEQ=111] [PID=12136] [TID=19] [INFO] [STATION-1] event=SAMPLE_ACCEPTED cycle=2 sample=2 raw=600 loadKgf=0.600000 readTime=2026-09-07T17:47:37.6896617+09:00
2026-09-07 17:47:37.803 +09:00 [SESSION=32a9d7b74f0e] [SEQ=112] [PID=12136] [TID=18] [INFO] [STATION-1] event=PLC_REQUEST_CHANGED signal=END_REQ device=D810 value=0 readTime=2026-09-07T17:47:37.8033557+09:00
2026-09-07 17:47:37.803 +09:00 [SESSION=32a9d7b74f0e] [SEQ=113] [PID=12136] [TID=18] [INFO] [STATION-1] event=CYCLE_ENDED cycle=2 requestDevice=D810 requestValue=0 sampleCount=2 durationMs=214 readTime=2026-09-07T17:47:37.8033557+09:00
2026-09-07 17:47:37.813 +09:00 [SESSION=32a9d7b74f0e] [SEQ=114] [PID=12136] [TID=1] [INFO] [STATION-1] event=INSPECTION_EVALUATION_STARTED cycle=2 readerSampleCount=2 uiSampleCount=2 lot="260827-A01" fileName="SOFC_A12" operator="홍길동" spec="0.4"
2026-09-07 17:47:37.813 +09:00 [SESSION=32a9d7b74f0e] [SEQ=115] [PID=12136] [TID=1] [INFO] [STATION-1] event=INSPECTION_EVALUATED cycle=2 verdict=GOOD valid=True peakKgf=0.600000 lowerSpecKgf=0.400000 upperSpecKgf=0.400000 sampleCount=2 inspectionCount=2 passCount=2 failCount=0 yieldPercent=100.00 message="검사 완료: PEAK 0.600 kgf / SPEC 0.400 / GOOD (검사 2, GOOD 2, NG 0, Yield 100.00%)"
2026-09-07 17:47:37.813 +09:00 [SESSION=32a9d7b74f0e] [SEQ=116] [PID=12136] [TID=1] [INFO] [STATION-1] event=INSPECTION_BUFFERED_IN_MEMORY cycle=2 lot="260827-A01" fileName="SOFC_A12" verdict=GOOD lotInspectionCount=2 sampleCount=2
2026-09-07 17:47:37.813 +09:00 [SESSION=32a9d7b74f0e] [SEQ=117] [PID=12136] [TID=1] [INFO] [STATION-1] event=ACQUISITION_STATE_CHANGED from=EVALUATING to=WAITSTART
2026-09-07 17:47:37.825 +09:00 [SESSION=32a9d7b74f0e] [SEQ=118] [PID=12136] [TID=1] [INFO] [STATION-1] event=ACQUISITION_STATE_CHANGED from=WAITSTART to=SAVING
2026-09-07 17:47:37.825 +09:00 [SESSION=32a9d7b74f0e] [SEQ=119] [PID=12136] [TID=1] [INFO] [STATION-1] event=LOT_SAVE_STARTED lot="260827-A01" fileName="SOFC_A12" inspectionCount=2
2026-09-07 17:47:37.915 +09:00 [SESSION=32a9d7b74f0e] [SEQ=120] [PID=12136] [TID=19] [INFO] [STATION-1] event=PLC_START_IGNORED state=SAVING requestDevice=D810 requestValue=1
2026-09-07 17:47:38.251 +09:00 [SESSION=32a9d7b74f0e] [SEQ=121] [PID=12136] [TID=13] [INFO] [INSPECTION-STORAGE] event=INSPECTION_INDEX_RECOVERED file="D:\\Works_Updates\\NetSolution\\src\\SOFCMeas\\artifacts\\fix-20260907\\run1\\Data\\PLC1\\2026\\09\\07\\20260907_174737_260827-A01_SOFC_A12.csv"
2026-09-07 17:47:38.251 +09:00 [SESSION=32a9d7b74f0e] [SEQ=122] [PID=12136] [TID=13] [INFO] [STATION-1] event=LOT_FILE_SAVED lot="260827-A01" inspectionCount=2 sampleCount=5 maximumRawDataCount=3 format=lot_summary_2row_kgf_matrix file="D:\\Works_Updates\\NetSolution\\src\\SOFCMeas\\artifacts\\fix-20260907\\run1\\Data\\PLC1\\2026\\09\\07\\20260907_174737_260827-A01_SOFC_A12.csv"
2026-09-07 17:47:38.255 +09:00 [SESSION=32a9d7b74f0e] [SEQ=123] [PID=12136] [TID=1] [INFO] [STATION-1] event=LOT_SAVE_COMPLETED lot="260827-A01" inspectionCount=2 remainingMemoryCount=0 file="D:\\Works_Updates\\NetSolution\\src\\SOFCMeas\\artifacts\\fix-20260907\\run1\\Data\\PLC1\\2026\\09\\07\\20260907_174737_260827-A01_SOFC_A12.csv" fileBytes=205
2026-09-07 17:47:38.255 +09:00 [SESSION=32a9d7b74f0e] [SEQ=124] [PID=12136] [TID=1] [INFO] [STATION-1] event=ACQUISITION_STATE_CHANGED from=SAVING to=WAITSTART
2026-09-07 17:47:38.346 +09:00 [SESSION=32a9d7b74f0e] [SEQ=125] [PID=12136] [TID=18] [INFO] [STATION-1] event=PLC_REQUEST_CHANGED signal=START_REQ device=D810 value=1 readTime=2026-09-07T17:47:38.3462191+09:00
2026-09-07 17:47:38.346 +09:00 [SESSION=32a9d7b74f0e] [SEQ=126] [PID=12136] [TID=18] [INFO] [STATION-1] event=CYCLE_STARTED cycle=3 requestDevice=D810 requestValue=1 readTime=2026-09-07T17:47:38.3462191+09:00
2026-09-07 17:47:38.346 +09:00 [SESSION=32a9d7b74f0e] [SEQ=127] [PID=12136] [TID=18] [INFO] [STATION-1] event=SAMPLE_ACCEPTED cycle=3 sample=1 raw=600 loadKgf=0.600000 readTime=2026-09-07T17:47:38.3462191+09:00
2026-09-07 17:47:38.350 +09:00 [SESSION=32a9d7b74f0e] [SEQ=128] [PID=12136] [TID=1] [WARN] [STATION-1] event=LOT_AUTO_PREPARED reason=start_request_before_file_create station=#1 lot="260827-A01" fileName="SOFC_A12" operator="홍길동" spec="0.4"
2026-09-07 17:47:38.350 +09:00 [SESSION=32a9d7b74f0e] [SEQ=129] [PID=12136] [TID=1] [INFO] [STATION-1] event=CYCLE_UI_STARTED cycle=3 startedAt=2026-09-07T17:47:38.3462191+09:00 lot="260827-A01" fileName="SOFC_A12" operator="홍길동" spec="0.4"
2026-09-07 17:47:38.362 +09:00 [SESSION=32a9d7b74f0e] [SEQ=130] [PID=12136] [TID=1] [INFO] [STATION-1] event=READER_STOP_REQUESTED cycle=3 cycleActive=True sampleCount=1
2026-09-07 17:47:38.362 +09:00 [SESSION=32a9d7b74f0e] [SEQ=131] [PID=12136] [TID=5] [INFO] [STATION-1] event=PLC_CONNECTION_CLOSED attempt=1 cancellationRequested=True
2026-09-07 17:47:38.362 +09:00 [SESSION=32a9d7b74f0e] [SEQ=132] [PID=12136] [TID=1] [INFO] [STATION-1] event=CONNECTION_STATE_CHANGED state=Disconnected endpoint=127.0.0.1:2820
2026-09-07 17:47:38.362 +09:00 [SESSION=32a9d7b74f0e] [SEQ=133] [PID=12136] [TID=1] [INFO] [STATION-1] event=READER_STOPPED connectionAttempts=1 lastCycle=3 lastSampleCount=1
2026-09-07 17:47:38.362 +09:00 [SESSION=32a9d7b74f0e] [SEQ=134] [PID=12136] [TID=1] [INFO] [STATION-2] event=READER_STOP_REQUESTED cycle=1 cycleActive=False sampleCount=3
2026-09-07 17:47:38.362 +09:00 [SESSION=32a9d7b74f0e] [SEQ=135] [PID=12136] [TID=10] [INFO] [STATION-2] event=PLC_CONNECTION_CLOSED attempt=1 cancellationRequested=True
2026-09-07 17:47:38.362 +09:00 [SESSION=32a9d7b74f0e] [SEQ=136] [PID=12136] [TID=1] [INFO] [STATION-2] event=CONNECTION_STATE_CHANGED state=Disconnected endpoint=127.0.0.1:2821
2026-09-07 17:47:38.362 +09:00 [SESSION=32a9d7b74f0e] [SEQ=137] [PID=12136] [TID=1] [INFO] [STATION-2] event=READER_STOPPED connectionAttempts=1 lastCycle=1 lastSampleCount=3
